════════════════════════════════════════════════════════════════
 phys-lean GATE-FAST (per-node) — HEAD e4f693c — diff base c899f6b
════════════════════════════════════════════════════════════════
── diff vs c899f6b ──
    M	Audits/AxiomAudit.lean
    A	Counterexamples/TowerGatherForcedChargeSpectrumWrongValueCostume.lean
    M	Phys.lean
    A	Phys/Algebra/TowerGatherForcedChargeSpectrum.lean
    M	docs/LEDGER.md
    M	docs/ROADMAP.md
    M	scripts/costume_manifest.tsv
    A	workbench/N243-complete-charge-spectrum/PREREG.md
    A	workbench/N243-complete-charge-spectrum/costume.log
    A	workbench/N243-complete-charge-spectrum/lakebuild.log
    A	workbench/N243-complete-charge-spectrum/probe0.lean
    A	workbench/N243-complete-charge-spectrum/probe0.log
    A	workbench/N243-complete-charge-spectrum/probe1.lean
    A	workbench/N243-complete-charge-spectrum/probe1.log
    A	workbench/N243-complete-charge-spectrum/probe2.lean
    A	workbench/N243-complete-charge-spectrum/probe2.log
    A	workbench/N243-complete-charge-spectrum/probe3.lean
    A	workbench/N243-complete-charge-spectrum/probe3.log
    A	workbench/N243-complete-charge-spectrum/probe3_recon.log
    A	workbench/N243-complete-charge-spectrum/production.log
    A	workbench/N243-complete-charge-spectrum/recon_teeth.lean
── (leaf commit: append-only; fast path is equivalent to full for HEAD e4f693c) ──
── D0: zero-axiom policy ──
ok: zero axiom declarations
── D1: no sorry / admit ──
ok: no sorry / admit
── D2: no native_decide ──
ok: no native_decide
── D3: NO BRIDGE / NO RESIDUAL (STANDARD §0,§1) ──
ok: no bridge/residual markers
── D4: build ──
ok: Phys builds
── D5-fast: newly-added costume(s) must bite ──
    ok    C274  Counterexamples/TowerGatherForcedChargeSpectrumWrongValueCostume.lean  rejected at the math field
    ---
    costume battery: 1/1 passed, 0 failed (parallel x8)
ok: new costume(s) bite at the math field
── D6-fast: newly-added AxiomAudit lines foundations-only ──
ok: 16 newly-banked decls foundations-only
════════════════════════════════════════════════════════════════
GATE-FAST: PASSED  (necessary, NOT sufficient — now apply docs/STANDARD.md:
           unbroken / complete / physics-words-removable. Gate-green ≠ done.)
           The frozen history is re-verified async by the 3-hourly gate-full.

real	0m53.757s
user	0m13.853s
sys	0m20.140s
GATE EXIT 0
