Try this:
  [apply] abel_nf
Try this:
  [apply] abel_nf
Try this:
  [apply] abel_nf
Try this:
  [apply] abel_nf
Try this:
  [apply] abel_nf
Try this:
  [apply] abel_nf
Try this:
  [apply] abel_nf
Try this:
  [apply] abel_nf
Try this:
  [apply] abel_nf
Phys/_probe_collapse.lean:26:69: error: unsolved goals
case h.a.«0».«0»
X : Matrix (Fin 3) (Fin 3) (O ℚ)
⊢ (![0, 1, 0] ᵥ* (of ![![0, 0, 1] ᵥ* X, ![0, 0, 0] ᵥ* X, ![1, 0, 0] ᵥ* X] + X * !![0, 0, 1; 0, 0, 0; 1, 0, 0])) 0 +
      ((![0, 0, 1] ᵥ* X) 1 +
        (-1 •
            (![0, 0, 1] ᵥ*
                (of ![![0, 1, 0] ᵥ* X, ![1, 0, 0] ᵥ* X, ![0, 0, 0] ᵥ* X] + X * !![0, 1, 0; 1, 0, 0; 0, 0, 0]))
              0 +
          -1 • (![0, 1, 0] ᵥ* X) 2)) =
    (![0, 0, 0] ᵥ* X) 0

case h.a.«0».«1»
X : Matrix (Fin 3) (Fin 3) (O ℚ)
⊢ (![0, 1, 0] ᵥ* (of ![![0, 0, 1] ᵥ* X, ![0, 0, 0] ᵥ* X, ![1, 0, 0] ᵥ* X] + X * !![0, 0, 1; 0, 0, 0; 1, 0, 0])) 1 +
      ((![0, 0, 1] ᵥ* X) 0 +
        (X 0 2 +
          -1 •
            (![0, 0, 1] ᵥ*
                (of ![![0, 1, 0] ᵥ* X, ![1, 0, 0] ᵥ* X, ![0, 0, 0] ᵥ* X] + X * !![0, 1, 0; 1, 0, 0; 0, 0, 0]))
              1)) =
    X 0 2 + (![0, 0, 0] ᵥ* X) 1

case h.a.«0».«2»
X : Matrix (Fin 3) (Fin 3) (O ℚ)
⊢ (![0, 1, 0] ᵥ* (of ![![0, 0, 1] ᵥ* X, ![0, 0, 0] ᵥ* X, ![1, 0, 0] ᵥ* X] + X * !![0, 0, 1; 0, 0, 0; 1, 0, 0])) 2 +
      (-1 •
          (![0, 0, 1] ᵥ* (of ![![0, 1, 0] ᵥ* X, ![1, 0, 0] ᵥ* X, ![0, 0, 0] ᵥ* X] + X * !![0, 1, 0; 1, 0, 0; 0, 0, 0]))
            2 +
        (-1 • (![0, 1, 0] ᵥ* X) 0 + -1 • X 0 1)) =
    -1 • X 0 1 + (![0, 0, 0] ᵥ* X) 2

case h.a.«1».«0»
X : Matrix (Fin 3) (Fin 3) (O ℚ)
⊢ (![1, 0, 0] ᵥ* (of ![![0, 0, 1] ᵥ* X, ![0, 0, 0] ᵥ* X, ![1, 0, 0] ᵥ* X] + X * !![0, 0, 1; 0, 0, 0; 1, 0, 0])) 0 +
      ((![0, 0, 0] ᵥ* X) 1 +
        (-1 •
            (![0, 0, 0] ᵥ*
                (of ![![0, 1, 0] ᵥ* X, ![1, 0, 0] ᵥ* X, ![0, 0, 0] ᵥ* X] + X * !![0, 1, 0; 1, 0, 0; 0, 0, 0]))
              0 +
          -1 • (![1, 0, 0] ᵥ* X) 2)) =
    (![0, 0, 1] ᵥ* X) 0

case h.a.«1».«1»
X : Matrix (Fin 3) (Fin 3) (O ℚ)
⊢ (![1, 0, 0] ᵥ* (of ![![0, 0, 1] ᵥ* X, ![0, 0, 0] ᵥ* X, ![1, 0, 0] ᵥ* X] + X * !![0, 0, 1; 0, 0, 0; 1, 0, 0])) 1 +
      ((![0, 0, 0] ᵥ* X) 0 +
        (X 1 2 +
          -1 •
            (![0, 0, 0] ᵥ*
                (of ![![0, 1, 0] ᵥ* X, ![1, 0, 0] ᵥ* X, ![0, 0, 0] ᵥ* X] + X * !![0, 1, 0; 1, 0, 0; 0, 0, 0]))
              1)) =
    X 1 2 + (![0, 0, 1] ᵥ* X) 1

case h.a.«1».«2»
X : Matrix (Fin 3) (Fin 3) (O ℚ)
⊢ (![1, 0, 0] ᵥ* (of ![![0, 0, 1] ᵥ* X, ![0, 0, 0] ᵥ* X, ![1, 0, 0] ᵥ* X] + X * !![0, 0, 1; 0, 0, 0; 1, 0, 0])) 2 +
      (-1 •
          (![0, 0, 0] ᵥ* (of ![![0, 1, 0] ᵥ* X, ![1, 0, 0] ᵥ* X, ![0, 0, 0] ᵥ* X] + X * !![0, 1, 0; 1, 0, 0; 0, 0, 0]))
            2 +
        (-1 • (![1, 0, 0] ᵥ* X) 0 + -1 • X 1 1)) =
    -1 • X 1 1 + (![0, 0, 1] ᵥ* X) 2

case h.a.«2».«0»
X : Matrix (Fin 3) (Fin 3) (O ℚ)
⊢ (![0, 0, 0] ᵥ* (of ![![0, 0, 1] ᵥ* X, ![0, 0, 0] ᵥ* X, ![1, 0, 0] ᵥ* X] + X * !![0, 0, 1; 0, 0, 0; 1, 0, 0])) 0 +
      ((![1, 0, 0] ᵥ* X) 1 +
        (-1 •
            (![1, 0, 0] ᵥ*
                (of ![![0, 1, 0] ᵥ* X, ![1, 0, 0] ᵥ* X, ![0, 0, 0] ᵥ* X] + X * !![0, 1, 0; 1, 0, 0; 0, 0, 0]))
              0 +
          -1 • (![0, 0, 0] ᵥ* X) 2)) =
    (![0, -1 • 1, 0] ᵥ* X) 0

case h.a.«2».«1»
X : Matrix (Fin 3) (Fin 3) (O ℚ)
⊢ (![0, 0, 0] ᵥ* (of ![![0, 0, 1] ᵥ* X, ![0, 0, 0] ᵥ* X, ![1, 0, 0] ᵥ* X] + X * !![0, 0, 1; 0, 0, 0; 1, 0, 0])) 1 +
      ((![1, 0, 0] ᵥ* X) 0 +
        (X 2 2 +
          -1 •
            (![1, 0, 0] ᵥ*
                (of ![![0, 1, 0] ᵥ* X, ![1, 0, 0] ᵥ* X, ![0, 0, 0] ᵥ* X] + X * !![0, 1, 0; 1, 0, 0; 0, 0, 0]))
              1)) =
    X 2 2 + (![0, -1 • 1, 0] ᵥ* X) 1

case h.a.«2».«2»
X : Matrix (Fin 3) (Fin 3) (O ℚ)
⊢ (![0, 0, 0] ᵥ* (of ![![0, 0, 1] ᵥ* X, ![0, 0, 0] ᵥ* X, ![1, 0, 0] ᵥ* X] + X * !![0, 0, 1; 0, 0, 0; 1, 0, 0])) 2 +
      (-1 •
          (![1, 0, 0] ᵥ* (of ![![0, 1, 0] ᵥ* X, ![1, 0, 0] ᵥ* X, ![0, 0, 0] ᵥ* X] + X * !![0, 1, 0; 1, 0, 0; 0, 0, 0]))
            2 +
        (-1 • (![0, 0, 0] ᵥ* X) 0 + -1 • X 2 1)) =
    -1 • X 2 1 + (![0, -1 • 1, 0] ᵥ* X) 2

real	0m38.025s
user	0m14.690s
sys	0m6.156s
