════════════════════════════════════════════════════════════════
 phys-lean GATE-FAST (per-node) — HEAD 4093991 — diff base 82a4fd2
════════════════════════════════════════════════════════════════
── diff vs 82a4fd2 ──
    M	Audits/AxiomAudit.lean
    A	Counterexamples/OctonionJordanFamilyRotationSo3ClosureWrongValueCostume.lean
    M	Phys.lean
    A	Phys/Algebra/OctonionJordanFamilyRotationSo3Closure.lean
    M	scripts/costume_manifest.tsv
── (leaf commit: append-only; fast path is equivalent to full for HEAD 4093991) ──
── D0: zero-axiom policy ──
ok: zero axiom declarations
── D1: no sorry / admit ──
ok: no sorry / admit
── D2: no native_decide ──
GATE-FAST FAILING (D2): native_decide:
Phys/Algebra/OctonionJordanFamilyRotationSo3Closure.lean:67:  Foundations-only: no posited axiom, no sorry, no native_decide, no bridge.
── D3: NO BRIDGE / NO RESIDUAL (STANDARD §0,§1) ──
ok: no bridge/residual markers
── D4: build ──
ok: Phys builds
── D5-fast: newly-added costume(s) must bite ──
    ok    C318  Counterexamples/OctonionJordanFamilyRotationSo3ClosureWrongValueCostume.lean  rejected at the math field
    ---
    costume battery: 1/1 passed, 0 failed (parallel x8)
ok: new costume(s) bite at the math field
── D6-fast: newly-added AxiomAudit lines foundations-only ──
ok: 22 newly-banked decls foundations-only
════════════════════════════════════════════════════════════════
GATE-FAST: FAILED
GATE EXIT 1
