════════════════════════════════════════════════════════════════
 phys-lean GATE-FAST (per-node) — HEAD be8ea88 — diff base 201886b
════════════════════════════════════════════════════════════════
── diff vs 201886b ──
    M	Audits/AxiomAudit.lean
    A	Counterexamples/TowerGatherForcedChargeColourComplementaryWrongValueCostume.lean
    M	Phys.lean
    A	Phys/Algebra/TowerGatherForcedChargeColourComplementary.lean
    M	docs/CONSTELLATION.md
    M	docs/LEDGER.md
    M	docs/ROADMAP.md
    M	scripts/costume_manifest.tsv
    A	workbench/N246-charge-colour-complementary/PREREG.md
    A	workbench/N246-charge-colour-complementary/audit.lean
    A	workbench/N246-charge-colour-complementary/audit.log
    A	workbench/N246-charge-colour-complementary/costume_check.log
    A	workbench/N246-charge-colour-complementary/costume_check2.log
    A	workbench/N246-charge-colour-complementary/gate.log
    A	workbench/N246-charge-colour-complementary/probe0.lean
    A	workbench/N246-charge-colour-complementary/probe0_build.log
    A	workbench/N246-charge-colour-complementary/prod_build.log
── (leaf commit: append-only; fast path is equivalent to full for HEAD be8ea88) ──
── D0: zero-axiom policy ──
ok: zero axiom declarations
── D1: no sorry / admit ──
ok: no sorry / admit
── D2: no native_decide ──
ok: no native_decide
── D3: NO BRIDGE / NO RESIDUAL (STANDARD §0,§1) ──
ok: no bridge/residual markers
── D4: build ──
ok: Phys builds
── D5-fast: newly-added costume(s) must bite ──
    ok    C277  Counterexamples/TowerGatherForcedChargeColourComplementaryWrongValueCostume.lean  rejected at the math field
    ---
    costume battery: 1/1 passed, 0 failed (parallel x8)
ok: new costume(s) bite at the math field
── D6-fast: newly-added AxiomAudit lines foundations-only ──
ok: 10 newly-banked decls foundations-only
════════════════════════════════════════════════════════════════
GATE-FAST: PASSED  (necessary, NOT sufficient — now apply docs/STANDARD.md:
           unbroken / complete / physics-words-removable. Gate-green ≠ done.)
           The frozen history is re-verified async by the 3-hourly gate-full.
