════════════════════════════════════════════════════════════════
 phys-lean GATE-FAST (per-node) — HEAD 3545fc4 — diff base 201886b
════════════════════════════════════════════════════════════════
── diff vs 201886b ──
    M	Audits/AxiomAudit.lean
    A	Counterexamples/TowerGatherForcedChargeColourComplementaryWrongValueCostume.lean
    M	Phys.lean
    A	Phys/Algebra/TowerGatherForcedChargeColourComplementary.lean
    M	scripts/costume_manifest.tsv
    A	workbench/N246-charge-colour-complementary/PREREG.md
    A	workbench/N246-charge-colour-complementary/audit.lean
    A	workbench/N246-charge-colour-complementary/audit.log
    A	workbench/N246-charge-colour-complementary/costume_check.log
    A	workbench/N246-charge-colour-complementary/costume_check2.log
    A	workbench/N246-charge-colour-complementary/probe0.lean
    A	workbench/N246-charge-colour-complementary/probe0_build.log
    A	workbench/N246-charge-colour-complementary/prod_build.log
── (leaf commit: append-only; fast path is equivalent to full for HEAD 3545fc4) ──
── D0: zero-axiom policy ──
ok: zero axiom declarations
── D1: no sorry / admit ──
ok: no sorry / admit
── D2: no native_decide ──
ok: no native_decide
── D3: NO BRIDGE / NO RESIDUAL (STANDARD §0,§1) ──
ok: no bridge/residual markers
── D4: build ──
ok: Phys builds
── D5-fast: newly-added costume(s) must bite ──
    ok    C277  Counterexamples/TowerGatherForcedChargeColourComplementaryWrongValueCostume.lean  rejected at the math field
    ---
    costume battery: 1/1 passed, 0 failed (parallel x8)
ok: new costume(s) bite at the math field
── D6-fast: newly-added AxiomAudit lines foundations-only ──
GATE-FAST FAILING (D6-fast): audit errored:
/tmp/gatefast_audit_XXXX.lean:2:14: error(lean.unknownIdentifier): Unknown constant `Phys.Algebra.chargeOp_mem_range_crossEmb`
/tmp/gatefast_audit_XXXX.lean:3:14: error(lean.unknownIdentifier): Unknown constant `Phys.Algebra.chargeOp_not_mem_range_imRep`
/tmp/gatefast_audit_XXXX.lean:4:14: error(lean.unknownIdentifier): Unknown constant `Phys.Algebra.chargeLine_le_range_crossEmb`
/tmp/gatefast_audit_XXXX.lean:5:14: error(lean.unknownIdentifier): Unknown constant `Phys.Algebra.finrank_chargeLine`
/tmp/gatefast_audit_XXXX.lean:6:14: error(lean.unknownIdentifier): Unknown constant `Phys.Algebra.chargeLine_inf_range_imRep_eq_bot`
════════════════════════════════════════════════════════════════
GATE-FAST: FAILED
