'Phys.Algebra.leftImDeriv_apply' depends on axioms: [propext, Quot.sound]
'Phys.Algebra.leftImDeriv_add' depends on axioms: [propext, Quot.sound]
'Phys.Algebra.leftImDeriv_neg' depends on axioms: [propext, Quot.sound]
'Phys.Algebra.leftImDeriv_two_zsmul' depends on axioms: [propext, Quot.sound]
'Phys.Algebra.leftImDeriv_isDeriv' depends on axioms: [propext, Quot.sound]
'Phys.Algebra.leftImDeriv_bracket' depends on axioms: [propext, Classical.choice, Quot.sound]
'Phys.Algebra.innerDeriv_leftImDeriv_bracket' depends on axioms: [propext, Classical.choice, Quot.sound]
'Phys.Algebra.leftImDeriv_innerDeriv_bracket' depends on axioms: [propext, Classical.choice, Quot.sound]
'Phys.Algebra.secondSU2_isDeriv' depends on axioms: [propext, Classical.choice, Quot.sound]
'Phys.Algebra.secondSU2_add' depends on axioms: [propext, Quot.sound]
'Phys.Algebra.secondSU2_two_zsmul' depends on axioms: [propext, Quot.sound]
'Phys.Algebra.secondSU2_bracket' depends on axioms: [propext, Classical.choice, Quot.sound]
'Phys.Algebra.secondSU2_commutes_leftImDeriv' depends on axioms: [propext, Classical.choice, Quot.sound]
'Phys.Algebra.innerDeriv_eq_diagonal' depends on axioms: [propext, Quot.sound]
'Phys.Algebra.leftImDeriv_hI_isDerivO' depends on axioms: [propext, Classical.choice, Quot.sound]
'Phys.Algebra.leftImDeriv_hJ_isDerivO' depends on axioms: [propext, Classical.choice, Quot.sound]
'Phys.Algebra.leftImDeriv_hK_isDerivO' depends on axioms: [propext, Classical.choice, Quot.sound]
'Phys.Algebra.leftImDeriv_hI_mem' depends on axioms: [propext, Classical.choice, Quot.sound]
'Phys.Algebra.leftImDeriv_hJ_mem' depends on axioms: [propext, Classical.choice, Quot.sound]
'Phys.Algebra.leftImDeriv_hK_mem' depends on axioms: [propext, Classical.choice, Quot.sound]
'Phys.Algebra.secondSU2_hI_isDerivO' depends on axioms: [propext, Classical.choice, Quot.sound]
'Phys.Algebra.secondSU2_hJ_isDerivO' depends on axioms: [propext, Classical.choice, Quot.sound]
'Phys.Algebra.secondSU2_hK_isDerivO' depends on axioms: [propext, Classical.choice, Quot.sound]
'Phys.Algebra.secondSU2_hI_mem' depends on axioms: [propext, Classical.choice, Quot.sound]
'Phys.Algebra.secondSU2_hJ_mem' depends on axioms: [propext, Classical.choice, Quot.sound]
'Phys.Algebra.secondSU2_hK_mem' depends on axioms: [propext, Classical.choice, Quot.sound]
'Phys.Algebra.leftImDeriv_struct_ij' depends on axioms: [propext, Classical.choice, Quot.sound]
'Phys.Algebra.leftImDeriv_struct_jk' depends on axioms: [propext, Classical.choice, Quot.sound]
'Phys.Algebra.leftImDeriv_struct_ki' depends on axioms: [propext, Classical.choice, Quot.sound]
'Phys.Algebra.secondSU2_struct_ij' depends on axioms: [propext, Classical.choice, Quot.sound]
'Phys.Algebra.secondSU2_struct_jk' depends on axioms: [propext, Classical.choice, Quot.sound]
'Phys.Algebra.secondSU2_struct_ki' depends on axioms: [propext, Classical.choice, Quot.sound]
'Phys.Algebra.leftImDeriv_hK_ne_zero' depends on axioms: [propext, Classical.choice, Quot.sound]
'Phys.Algebra.secondSU2_hK_ne_zero' depends on axioms: [propext, Classical.choice, Quot.sound]
'Phys.Algebra.diagonal_not_commute_leftImDeriv' depends on axioms: [propext, Classical.choice, Quot.sound]
'Phys.Algebra.leftImDeriv_struct_ij_coord' depends on axioms: [propext, Classical.choice, Quot.sound]
