════════════════════════════════════════════════════════════════
 phys-lean GATE-FAST (per-node) — HEAD bd97c60 — diff base dc45259
════════════════════════════════════════════════════════════════
── diff vs dc45259 ──
    M	Audits/AxiomAudit.lean
    A	Counterexamples/ScaleTowerLadderWrongCompositeCostume.lean
    M	Phys.lean
    A	Phys/Algebra/ScaleTowerLadder.lean
    M	scripts/costume_manifest.tsv
    A	workbench/N328/gate-fast.log
    A	workbench/N328/gate-fast2.log
    A	workbench/N328/probe_L5.lean
    A	workbench/N328/probe_L6.lean
    A	workbench/N328/probe_L7.lean
    A	workbench/N328/probe_hasderiv.lean
    A	workbench/N329/gate-fast.log
    A	workbench/N329/gate-fast2.log
    A	workbench/N330/gate-fast.log
    A	workbench/N330/gate-fast2.log
    A	workbench/N330/verify-costume.out
    A	workbench/N331/gate-fast.log
    A	workbench/N332/PREREG.md
    A	workbench/N332/probe1.lean
── (leaf commit: append-only; fast path is equivalent to full for HEAD bd97c60) ──
── D0: zero-axiom policy ──
ok: zero axiom declarations
── D1: no sorry / admit ──
ok: no sorry / admit
── D2: no native_decide ──
ok: no native_decide
── D3: NO BRIDGE / NO RESIDUAL (STANDARD §0,§1) ──
ok: no bridge/residual markers
── D4: build ──
ok: Phys builds
── D5-fast: newly-added costume(s) must bite ──
    ok    C357  Counterexamples/ScaleTowerLadderWrongCompositeCostume.lean  rejected at the math field
    ---
    costume battery: 1/1 passed, 0 failed (parallel x8)
ok: new costume(s) bite at the math field
── D6-fast: newly-added AxiomAudit lines foundations-only ──
ok: 14 newly-banked decls foundations-only
════════════════════════════════════════════════════════════════
GATE-FAST: PASSED  (necessary, NOT sufficient — now apply docs/STANDARD.md:
           unbroken / complete / physics-words-removable. Gate-green ≠ done.)
           The frozen history is re-verified async by the 3-hourly gate-full.
