Try this:
  [apply] abel_nf
Try this:
  [apply] abel_nf
Try this:
  [apply] abel_nf
Try this:
  [apply] abel_nf
Try this:
  [apply] abel_nf
Try this:
  [apply] abel_nf
Try this:
  [apply] abel_nf
Try this:
  [apply] abel_nf
Try this:
  [apply] abel_nf
Phys/ProbeClos5.lean:13:46: error: unsolved goals
case h.a.«0».«0»
X : Matrix (Fin 3) (Fin 3) (O ℚ)
⊢ 0 *
        (X 0 0 * 0 +
          (X 0 2 * 0 +
            ((X 1 1 + X 2 2) * 0 +
              ((X 1 2 + X 2 1) * 1 +
                (-1 • (X 1 1 * 0) +
                  (-1 • ((X 2 2 + X 0 0) * 0) +
                    (-1 • ((X 0 2 + X 2 0) * 0) + ((X 1 0 + X 0 1) * 0 + (X 1 1 + -1 • X 0 0) * 0)))))))) +
      (1 * ((X 1 1 + -1 • X 0 0) * 0 + ((-1 • X 1 0 + -1 • X 0 1) * 0 + -1 • X 0 2 * 1)) +
        (0 *
            (X 1 0 +
              (X 2 0 * 0 +
                (X 2 1 * 0 +
                  (X 2 2 * 0 +
                    (X 0 2 * 0 +
                      (X 0 1 * 1 +
                        (-1 • ((X 0 2 + X 2 0) * 0) + (-1 • ((X 2 2 + X 0 0) * 0) + (-1 • X 2 0 * 0 + 0 * 1))))))))) +
          ((0 * (X 1 0 + X 0 1) +
                (0 * (X 1 1 + -1 • X 0 0) +
                  (0 * (X 1 1 + X 2 2) +
                    (1 * (X 1 2 + X 2 1) +
                      (0 * X 0 0 +
                        (0 * X 2 0 +
                          (-1 • (0 * (X 2 2 + X 0 0)) + (-1 • (0 * (X 0 2 + X 2 0)) + -1 • (0 * X 1 1))))))))) *
              0 +
            ((0 * (X 1 1 + -1 • X 0 0) + (0 * (-1 • X 1 0 + -1 • X 0 1) + 1 * -1 • X 2 0)) * 1 +
              ((0 * X 1 2 +
                    (0 * -1 • X 0 2 +
                      (1 * 0 +
                        (0 * X 2 0 +
                          (1 * X 1 0 +
                            (0 * X 0 2 +
                              (0 * X 2 2 + (X 0 1 + (-1 • (0 * (X 0 2 + X 2 0)) + -1 • (0 * (X 2 2 + X 0 0))))))))))) *
                  0 +
                (-1 •
                    (0 *
                      ((X 1 2 + X 2 1) * 0 +
                        ((X 1 1 + X 2 2) * 1 +
                          (-1 • X 0 0 +
                            (-1 • (X 2 1 * 0) +
                              (-1 • (X 2 2 * 1) +
                                (-1 • (X 1 0 * 0) + ((X 1 0 + X 0 1) * 0 + (X 1 1 + -1 • X 0 0) * 1)))))))) +
                  (-1 •
                      (0 *
                        (X 1 0 +
                          (X 2 0 * 0 +
                            (X 2 2 * 0 +
                              (X 0 2 * 0 +
                                (X 0 1 * 1 +
                                  (-1 • ((X 0 2 + X 2 0) * 0) +
                                    (-1 • ((X 2 2 + X 0 0) * 0) +
                                      ((X 1 1 + -1 • X 0 0) * 0 +
                                        ((-1 • X 1 0 + -1 • X 0 1) * 1 + -1 • X 0 2 * 0)))))))))) +
                    (-1 • (1 * (X 2 1 * 0 + (-1 • X 2 0 * 1 + 0 * 0))) +
                      (-1 •
                          ((0 * (X 1 0 + X 0 1) +
                              (1 * (X 1 1 + -1 • X 0 0) +
                                (0 * (X 1 2 + X 2 1) +
                                  (1 * (X 1 1 + X 2 2) +
                                    (-1 • (0 * X 0 1) + (-1 • (0 * X 1 2) + (-1 • (1 * X 2 2) + -1 • X 0 0))))))) *
                            0) +
                        (-1 •
                            ((0 * X 2 0 +
                                (1 * X 1 0 +
                                  (0 * X 0 2 +
                                    (0 * X 2 2 +
                                      (X 0 1 +
                                        (-1 • (0 * (X 0 2 + X 2 0)) +
                                          (-1 • (0 * (X 2 2 + X 0 0)) +
                                            (0 * (X 1 1 + -1 • X 0 0) +
                                              (1 * (-1 • X 1 0 + -1 • X 0 1) + 0 * -1 • X 2 0))))))))) *
                              0) +
                          (-1 • ((0 * X 1 2 + (1 * -1 • X 0 2 + 0 * 0)) * 1) +
                            (-1 • (0 * (0 * 0 + (X 0 2 * 0 + -1 • X 0 1 * 0))) +
                              (-1 •
                                  (0 *
                                    (-1 • X 1 0 +
                                      (-1 • (X 2 1 * 0) +
                                        (-1 • (X 0 2 * 0) +
                                          ((X 0 2 + X 2 0) * 0 +
                                            ((X 2 2 + X 0 0) * 0 +
                                              (-1 • (X 0 0 * 0) +
                                                ((X 1 2 + X 2 1) * 0 + (-1 • X 1 1 + X 2 2) * 0)))))))) +
                                (-1 •
                                    (1 *
                                      (X 2 0 +
                                        (X 0 0 * 0 +
                                          (X 0 1 * 0 +
                                            (X 1 2 * 0 +
                                              (X 1 0 * 0 +
                                                (-1 • ((X 1 1 + X 0 0) * 0) +
                                                  (-1 • ((X 1 0 + X 0 1) * 0) +
                                                    (-1 • X 1 0 * 0 +
                                                      ((-1 • X 1 1 + X 2 2) * 0 +
                                                        (-1 • X 1 2 + -1 • X 2 1) * 0)))))))))) +
                                  (-1 • ((0 * 0 + (0 * X 2 0 + 0 * -1 • X 1 0)) * 0) +
                                    (-1 •
                                        ((-1 • (0 * X 1 2) +
                                            (-1 • (0 * X 2 0) +
                                              (-1 • X 0 1 +
                                                (0 * (X 0 2 + X 2 0) +
                                                  (0 * (X 2 2 + X 0 0) +
                                                    (0 * (X 1 2 + X 2 1) +
                                                      (0 * (-1 • X 1 1 + X 2 2) + -1 • (0 * X 0 0)))))))) *
                                          0) +
                                      (-1 •
                                          ((0 * -1 • X 0 1 +
                                              (0 * (-1 • X 1 1 + X 2 2) +
                                                (0 * (-1 • X 1 2 + -1 • X 2 1) +
                                                  (0 * X 2 1 +
                                                    (0 * X 0 1 +
                                                      (0 * X 0 0 +
                                                        (0 * X 1 0 +
                                                          (X 0 2 +
                                                            (-1 • (0 * (X 1 1 + X 0 0)) +
                                                              -1 • (0 * (X 1 0 + X 0 1))))))))))) *
                                            1) +
                                        (0 *
                                            (-1 • X 1 0 +
                                              (-1 • (X 2 0 * 0) +
                                                (-1 • (X 2 1 * 0) +
                                                  ((X 0 2 + X 2 0) * 0 +
                                                    ((X 2 2 + X 0 0) * 0 +
                                                      (-1 • (X 0 0 * 0) + (0 * 0 + -1 • X 0 1 * 1))))))) +
                                          (0 * (X 2 0 * 0 + ((X 1 2 + X 2 1) * 0 + (-1 • X 1 1 + X 2 2) * 1)) +
                                            (0 *
                                                (X 1 0 * 0 +
                                                  (X 1 1 * 0 +
                                                    ((X 2 2 + X 0 0) * 0 +
                                                      ((X 0 2 + X 2 0) * 0 +
                                                        (-1 • ((X 1 0 + X 0 1) * 0) +
                                                          (-1 • (X 2 0 * 0) +
                                                            (-1 • (X 2 2 * 0) +
                                                              (-1 • ((X 1 1 + X 0 0) * 0) +
                                                                (-1 • X 1 0 * 0 +
                                                                  ((-1 • X 1 1 + X 2 2) * 0 +
                                                                    (-1 • X 1 2 + -1 • X 2 1) * 1)))))))))) +
                                              ((-1 • (0 * X 1 2) +
                                                    (-1 • (0 * X 0 2) +
                                                      (-1 • X 0 1 +
                                                        (0 * (X 0 2 + X 2 0) +
                                                          (0 * (X 2 2 + X 0 0) +
                                                            (-1 • (0 * X 0 0) + (0 * 0 + 1 * -1 • X 1 0))))))) *
                                                  0 +
                                                ((0 * X 0 2 + (0 * (X 1 2 + X 2 1) + 1 * (-1 • X 1 1 + X 2 2))) * 0 +
                                                  (-1 • (0 * (X 1 0 + X 0 1)) +
                                                      (0 * X 0 1 +
                                                        (0 * (X 2 2 + X 0 0) +
                                                          (0 * (X 0 2 + X 2 0) +
                                                            (0 * X 1 1 +
                                                              (0 * -1 • X 0 1 +
                                                                (0 * (-1 • X 1 1 + X 2 2) +
                                                                  (1 * (-1 • X 1 2 + -1 • X 2 1) +
                                                                    (-1 • (0 * (X 1 1 + X 0 0)) +
                                                                      (-1 • (0 * X 0 2) + -1 • (0 * X 2 2))))))))))) *
                                                    0)))))))))))))))))))))) =
    0 * (X 1 0 + (X 0 2 * 0 + (X 0 1 * 1 + X 0 0 * 0))) +
      (0 * (X 0 0 + (X 1 2 * 0 + (X 1 0 * 0 + X 1 1 * 1))) +
        (1 * (X 2 1 * 1 + (X 2 0 * 0 + X 2 2 * 0)) +
          ((0 * X 2 0 + (1 * X 1 0 + (X 0 1 + 0 * X 0 0))) * 0 +
            ((0 * X 2 1 + (0 * X 0 1 + (X 0 0 + 1 * X 1 1))) * 0 +
              ((1 * X 1 2 + (0 * X 0 2 + 0 * X 2 2)) * 1 +
                (-1 • (0 * (X 2 0 + (X 0 0 * 0 + (X 0 1 * 0 + X 0 2 * 1)))) +
                  (-1 • (1 * (X 1 0 * 0 + (X 1 1 * 0 + X 1 2 * 1))) +
                    (-1 • (0 * (X 2 0 * 0 + (X 0 0 + (X 2 1 * 0 + X 2 2 * 1)))) +
                      (-1 • ((0 * X 0 0 + (0 * X 1 0 + (1 * X 2 0 + X 0 2))) * 0) +
                        (-1 • ((1 * X 2 1 + (0 * X 0 1 + 0 * X 1 1)) * 1) +
                          -1 • ((0 * X 0 2 + (0 * X 1 2 + (1 * X 2 2 + X 0 0))) * 0)))))))))))

case h.a.«0».«1»
X : Matrix (Fin 3) (Fin 3) (O ℚ)
⊢ 0 *
        (X 0 0 * 0 +
          (X 0 2 * 1 +
            ((X 1 1 + X 2 2) * 0 +
              ((X 1 2 + X 2 1) * 0 +
                (-1 • (X 1 1 * 0) +
                  (-1 • ((X 2 2 + X 0 0) * 0) +
                    (-1 • ((X 0 2 + X 2 0) * 1) + ((X 1 0 + X 0 1) * 0 + (X 1 1 + -1 • X 0 0) * 0)))))))) +
      (1 * ((X 1 1 + -1 • X 0 0) * 0 + ((-1 • X 1 0 + -1 • X 0 1) * 0 + -1 • X 0 2 * 0)) +
        (0 *
            (X 1 1 +
              (X 2 0 * 0 +
                (X 2 1 * 0 +
                  (X 2 2 * 1 +
                    (X 0 2 * 0 +
                      (X 0 1 * 0 +
                        (-1 • ((X 0 2 + X 2 0) * 0) + (-1 • ((X 2 2 + X 0 0) * 1) + (-1 • X 2 0 * 0 + 0 * 0))))))))) +
          ((0 * (X 1 0 + X 0 1) +
                (0 * (X 1 1 + -1 • X 0 0) +
                  (0 * (X 1 1 + X 2 2) +
                    (1 * (X 1 2 + X 2 1) +
                      (0 * X 0 0 +
                        (0 * X 2 0 +
                          (-1 • (0 * (X 2 2 + X 0 0)) + (-1 • (0 * (X 0 2 + X 2 0)) + -1 • (0 * X 1 1))))))))) *
              1 +
            ((0 * (X 1 1 + -1 • X 0 0) + (0 * (-1 • X 1 0 + -1 • X 0 1) + 1 * -1 • X 2 0)) * 0 +
              ((0 * X 1 2 +
                    (0 * -1 • X 0 2 +
                      (1 * 0 +
                        (0 * X 2 0 +
                          (1 * X 1 0 +
                            (0 * X 0 2 +
                              (0 * X 2 2 + (X 0 1 + (-1 • (0 * (X 0 2 + X 2 0)) + -1 • (0 * (X 2 2 + X 0 0))))))))))) *
                  0 +
                (-1 •
                    (0 *
                      ((X 1 2 + X 2 1) * 0 +
                        ((X 1 1 + X 2 2) * 0 +
                          (-1 • X 0 1 +
                            (-1 • (X 2 1 * 0) +
                              (-1 • (X 2 2 * 0) +
                                (-1 • (X 1 0 * 1) + ((X 1 0 + X 0 1) * 1 + (X 1 1 + -1 • X 0 0) * 0)))))))) +
                  (-1 •
                      (0 *
                        (X 1 1 +
                          (X 2 0 * 0 +
                            (X 2 2 * 1 +
                              (X 0 2 * 0 +
                                (X 0 1 * 0 +
                                  (-1 • ((X 0 2 + X 2 0) * 0) +
                                    (-1 • ((X 2 2 + X 0 0) * 1) +
                                      ((X 1 1 + -1 • X 0 0) * 1 +
                                        ((-1 • X 1 0 + -1 • X 0 1) * 0 + -1 • X 0 2 * 0)))))))))) +
                    (-1 • (1 * (X 2 1 * 1 + (-1 • X 2 0 * 0 + 0 * 0))) +
                      (-1 •
                          ((0 * (X 1 0 + X 0 1) +
                              (1 * (X 1 1 + -1 • X 0 0) +
                                (0 * (X 1 2 + X 2 1) +
                                  (1 * (X 1 1 + X 2 2) +
                                    (-1 • (0 * X 0 1) + (-1 • (0 * X 1 2) + (-1 • (1 * X 2 2) + -1 • X 0 0))))))) *
                            0) +
                        (-1 •
                            ((0 * X 2 0 +
                                (1 * X 1 0 +
                                  (0 * X 0 2 +
                                    (0 * X 2 2 +
                                      (X 0 1 +
                                        (-1 • (0 * (X 0 2 + X 2 0)) +
                                          (-1 • (0 * (X 2 2 + X 0 0)) +
                                            (0 * (X 1 1 + -1 • X 0 0) +
                                              (1 * (-1 • X 1 0 + -1 • X 0 1) + 0 * -1 • X 2 0))))))))) *
                              0) +
                          (-1 • ((0 * X 1 2 + (1 * -1 • X 0 2 + 0 * 0)) * 0) +
                            (-1 • (0 * (0 * 0 + (X 0 2 * 0 + -1 • X 0 1 * 1))) +
                              (-1 •
                                  (0 *
                                    (-1 • X 1 1 +
                                      (-1 • (X 2 1 * 0) +
                                        (-1 • (X 0 2 * 0) +
                                          ((X 0 2 + X 2 0) * 0 +
                                            ((X 2 2 + X 0 0) * 1 +
                                              (-1 • (X 0 0 * 1) +
                                                ((X 1 2 + X 2 1) * 0 + (-1 • X 1 1 + X 2 2) * 1)))))))) +
                                (-1 •
                                    (1 *
                                      (X 2 1 +
                                        (X 0 0 * 0 +
                                          (X 0 1 * 0 +
                                            (X 1 2 * 1 +
                                              (X 1 0 * 0 +
                                                (-1 • ((X 1 1 + X 0 0) * 0) +
                                                  (-1 • ((X 1 0 + X 0 1) * 0) +
                                                    (-1 • X 1 0 * 0 +
                                                      ((-1 • X 1 1 + X 2 2) * 0 +
                                                        (-1 • X 1 2 + -1 • X 2 1) * 1)))))))))) +
                                  (-1 • ((0 * 0 + (0 * X 2 0 + 0 * -1 • X 1 0)) * 0) +
                                    (-1 •
                                        ((-1 • (0 * X 1 2) +
                                            (-1 • (0 * X 2 0) +
                                              (-1 • X 0 1 +
                                                (0 * (X 0 2 + X 2 0) +
                                                  (0 * (X 2 2 + X 0 0) +
                                                    (0 * (X 1 2 + X 2 1) +
                                                      (0 * (-1 • X 1 1 + X 2 2) + -1 • (0 * X 0 0)))))))) *
                                          0) +
                                      (-1 •
                                          ((0 * -1 • X 0 1 +
                                              (0 * (-1 • X 1 1 + X 2 2) +
                                                (0 * (-1 • X 1 2 + -1 • X 2 1) +
                                                  (0 * X 2 1 +
                                                    (0 * X 0 1 +
                                                      (0 * X 0 0 +
                                                        (0 * X 1 0 +
                                                          (X 0 2 +
                                                            (-1 • (0 * (X 1 1 + X 0 0)) +
                                                              -1 • (0 * (X 1 0 + X 0 1))))))))))) *
                                            0) +
                                        (0 *
                                            (-1 • X 1 1 +
                                              (-1 • (X 2 0 * 0) +
                                                (-1 • (X 2 1 * 0) +
                                                  ((X 0 2 + X 2 0) * 0 +
                                                    ((X 2 2 + X 0 0) * 1 +
                                                      (-1 • (X 0 0 * 1) + (0 * 0 + -1 • X 0 1 * 0))))))) +
                                          (0 * (X 2 0 * 0 + ((X 1 2 + X 2 1) * 0 + (-1 • X 1 1 + X 2 2) * 0)) +
                                            (0 *
                                                (X 1 0 * 0 +
                                                  (X 1 1 * 0 +
                                                    ((X 2 2 + X 0 0) * 0 +
                                                      ((X 0 2 + X 2 0) * 1 +
                                                        (-1 • ((X 1 0 + X 0 1) * 0) +
                                                          (-1 • (X 2 0 * 1) +
                                                            (-1 • (X 2 2 * 0) +
                                                              (-1 • ((X 1 1 + X 0 0) * 0) +
                                                                (-1 • X 1 0 * 0 +
                                                                  ((-1 • X 1 1 + X 2 2) * 0 +
                                                                    (-1 • X 1 2 + -1 • X 2 1) * 0)))))))))) +
                                              ((-1 • (0 * X 1 2) +
                                                    (-1 • (0 * X 0 2) +
                                                      (-1 • X 0 1 +
                                                        (0 * (X 0 2 + X 2 0) +
                                                          (0 * (X 2 2 + X 0 0) +
                                                            (-1 • (0 * X 0 0) + (0 * 0 + 1 * -1 • X 1 0))))))) *
                                                  0 +
                                                ((0 * X 0 2 + (0 * (X 1 2 + X 2 1) + 1 * (-1 • X 1 1 + X 2 2))) * 0 +
                                                  (-1 • (0 * (X 1 0 + X 0 1)) +
                                                      (0 * X 0 1 +
                                                        (0 * (X 2 2 + X 0 0) +
                                                          (0 * (X 0 2 + X 2 0) +
                                                            (0 * X 1 1 +
                                                              (0 * -1 • X 0 1 +
                                                                (0 * (-1 • X 1 1 + X 2 2) +
                                                                  (1 * (-1 • X 1 2 + -1 • X 2 1) +
                                                                    (-1 • (0 * (X 1 1 + X 0 0)) +
                                                                      (-1 • (0 * X 0 2) + -1 • (0 * X 2 2))))))))))) *
                                                    1)))))))))))))))))))))) =
    0 * (X 1 1 + (X 0 2 * 0 + (X 0 1 * 0 + X 0 0 * 1))) +
      (0 * (X 0 1 + (X 1 2 * 0 + (X 1 0 * 1 + X 1 1 * 0))) +
        (1 * (X 2 1 * 0 + (X 2 0 * 1 + X 2 2 * 0)) +
          ((0 * X 2 0 + (1 * X 1 0 + (X 0 1 + 0 * X 0 0))) * 0 +
            ((0 * X 2 1 + (0 * X 0 1 + (X 0 0 + 1 * X 1 1))) * 0 +
              ((1 * X 1 2 + (0 * X 0 2 + 0 * X 2 2)) * 0 +
                (-1 • (0 * (X 2 1 + (X 0 0 * 0 + (X 0 1 * 0 + X 0 2 * 0)))) +
                  (-1 • (1 * (X 1 0 * 0 + (X 1 1 * 0 + X 1 2 * 0))) +
                    (-1 • (0 * (X 2 0 * 0 + (X 0 1 + (X 2 1 * 0 + X 2 2 * 0)))) +
                      (-1 • ((0 * X 0 0 + (0 * X 1 0 + (1 * X 2 0 + X 0 2))) * 1) +
                        (-1 • ((1 * X 2 1 + (0 * X 0 1 + 0 * X 1 1)) * 0) +
                          -1 • ((0 * X 0 2 + (0 * X 1 2 + (1 * X 2 2 + X 0 0))) * 0)))))))))))

case h.a.«0».«2»
X : Matrix (Fin 3) (Fin 3) (O ℚ)
⊢ 0 *
        (X 0 0 * 0 +
          (X 0 2 * 0 +
            ((X 1 1 + X 2 2) * 0 +
              ((X 1 2 + X 2 1) * 0 +
                (-1 • (X 1 1 * 0) +
                  (-1 • ((X 2 2 + X 0 0) * 0) +
                    (-1 • ((X 0 2 + X 2 0) * 0) + ((X 1 0 + X 0 1) * 1 + (X 1 1 + -1 • X 0 0) * 0)))))))) +
      (1 * ((X 1 1 + -1 • X 0 0) * 1 + ((-1 • X 1 0 + -1 • X 0 1) * 0 + -1 • X 0 2 * 0)) +
        (0 *
            (X 1 2 +
              (X 2 0 * 0 +
                (X 2 1 * 1 +
                  (X 2 2 * 0 +
                    (X 0 2 * 0 +
                      (X 0 1 * 0 +
                        (-1 • ((X 0 2 + X 2 0) * 0) + (-1 • ((X 2 2 + X 0 0) * 0) + (-1 • X 2 0 * 0 + 0 * 0))))))))) +
          ((0 * (X 1 0 + X 0 1) +
                (0 * (X 1 1 + -1 • X 0 0) +
                  (0 * (X 1 1 + X 2 2) +
                    (1 * (X 1 2 + X 2 1) +
                      (0 * X 0 0 +
                        (0 * X 2 0 +
                          (-1 • (0 * (X 2 2 + X 0 0)) + (-1 • (0 * (X 0 2 + X 2 0)) + -1 • (0 * X 1 1))))))))) *
              0 +
            ((0 * (X 1 1 + -1 • X 0 0) + (0 * (-1 • X 1 0 + -1 • X 0 1) + 1 * -1 • X 2 0)) * 0 +
              ((0 * X 1 2 +
                    (0 * -1 • X 0 2 +
                      (1 * 0 +
                        (0 * X 2 0 +
                          (1 * X 1 0 +
                            (0 * X 0 2 +
                              (0 * X 2 2 + (X 0 1 + (-1 • (0 * (X 0 2 + X 2 0)) + -1 • (0 * (X 2 2 + X 0 0))))))))))) *
                  0 +
                (-1 •
                    (0 *
                      ((X 1 2 + X 2 1) * 0 +
                        ((X 1 1 + X 2 2) * 0 +
                          (-1 • X 0 2 +
                            (-1 • (X 2 1 * 0) +
                              (-1 • (X 2 2 * 0) +
                                (-1 • (X 1 0 * 0) + ((X 1 0 + X 0 1) * 0 + (X 1 1 + -1 • X 0 0) * 0)))))))) +
                  (-1 •
                      (0 *
                        (X 1 2 +
                          (X 2 0 * 0 +
                            (X 2 2 * 0 +
                              (X 0 2 * 0 +
                                (X 0 1 * 0 +
                                  (-1 • ((X 0 2 + X 2 0) * 0) +
                                    (-1 • ((X 2 2 + X 0 0) * 0) +
                                      ((X 1 1 + -1 • X 0 0) * 0 +
                                        ((-1 • X 1 0 + -1 • X 0 1) * 0 + -1 • X 0 2 * 0)))))))))) +
                    (-1 • (1 * (X 2 1 * 0 + (-1 • X 2 0 * 0 + 0 * 0))) +
                      (-1 •
                          ((0 * (X 1 0 + X 0 1) +
                              (1 * (X 1 1 + -1 • X 0 0) +
                                (0 * (X 1 2 + X 2 1) +
                                  (1 * (X 1 1 + X 2 2) +
                                    (-1 • (0 * X 0 1) + (-1 • (0 * X 1 2) + (-1 • (1 * X 2 2) + -1 • X 0 0))))))) *
                            1) +
                        (-1 •
                            ((0 * X 2 0 +
                                (1 * X 1 0 +
                                  (0 * X 0 2 +
                                    (0 * X 2 2 +
                                      (X 0 1 +
                                        (-1 • (0 * (X 0 2 + X 2 0)) +
                                          (-1 • (0 * (X 2 2 + X 0 0)) +
                                            (0 * (X 1 1 + -1 • X 0 0) +
                                              (1 * (-1 • X 1 0 + -1 • X 0 1) + 0 * -1 • X 2 0))))))))) *
                              0) +
                          (-1 • ((0 * X 1 2 + (1 * -1 • X 0 2 + 0 * 0)) * 0) +
                            (-1 • (0 * (0 * 0 + (X 0 2 * 1 + -1 • X 0 1 * 0))) +
                              (-1 •
                                  (0 *
                                    (-1 • X 1 2 +
                                      (-1 • (X 2 1 * 1) +
                                        (-1 • (X 0 2 * 0) +
                                          ((X 0 2 + X 2 0) * 0 +
                                            ((X 2 2 + X 0 0) * 0 +
                                              (-1 • (X 0 0 * 0) +
                                                ((X 1 2 + X 2 1) * 1 + (-1 • X 1 1 + X 2 2) * 0)))))))) +
                                (-1 •
                                    (1 *
                                      (X 2 2 +
                                        (X 0 0 * 1 +
                                          (X 0 1 * 0 +
                                            (X 1 2 * 0 +
                                              (X 1 0 * 0 +
                                                (-1 • ((X 1 1 + X 0 0) * 1) +
                                                  (-1 • ((X 1 0 + X 0 1) * 0) +
                                                    (-1 • X 1 0 * 0 +
                                                      ((-1 • X 1 1 + X 2 2) * 1 +
                                                        (-1 • X 1 2 + -1 • X 2 1) * 0)))))))))) +
                                  (-1 • ((0 * 0 + (0 * X 2 0 + 0 * -1 • X 1 0)) * 1) +
                                    (-1 •
                                        ((-1 • (0 * X 1 2) +
                                            (-1 • (0 * X 2 0) +
                                              (-1 • X 0 1 +
                                                (0 * (X 0 2 + X 2 0) +
                                                  (0 * (X 2 2 + X 0 0) +
                                                    (0 * (X 1 2 + X 2 1) +
                                                      (0 * (-1 • X 1 1 + X 2 2) + -1 • (0 * X 0 0)))))))) *
                                          0) +
                                      (-1 •
                                          ((0 * -1 • X 0 1 +
                                              (0 * (-1 • X 1 1 + X 2 2) +
                                                (0 * (-1 • X 1 2 + -1 • X 2 1) +
                                                  (0 * X 2 1 +
                                                    (0 * X 0 1 +
                                                      (0 * X 0 0 +
                                                        (0 * X 1 0 +
                                                          (X 0 2 +
                                                            (-1 • (0 * (X 1 1 + X 0 0)) +
                                                              -1 • (0 * (X 1 0 + X 0 1))))))))))) *
                                            0) +
                                        (0 *
                                            (-1 • X 1 2 +
                                              (-1 • (X 2 0 * 0) +
                                                (-1 • (X 2 1 * 1) +
                                                  ((X 0 2 + X 2 0) * 0 +
                                                    ((X 2 2 + X 0 0) * 0 +
                                                      (-1 • (X 0 0 * 0) + (0 * 1 + -1 • X 0 1 * 0))))))) +
                                          (0 * (X 2 0 * 1 + ((X 1 2 + X 2 1) * 0 + (-1 • X 1 1 + X 2 2) * 0)) +
                                            (0 *
                                                (X 1 0 * 1 +
                                                  (X 1 1 * 0 +
                                                    ((X 2 2 + X 0 0) * 0 +
                                                      ((X 0 2 + X 2 0) * 0 +
                                                        (-1 • ((X 1 0 + X 0 1) * 1) +
                                                          (-1 • (X 2 0 * 0) +
                                                            (-1 • (X 2 2 * 0) +
                                                              (-1 • ((X 1 1 + X 0 0) * 0) +
                                                                (-1 • X 1 0 * 1 +
                                                                  ((-1 • X 1 1 + X 2 2) * 0 +
                                                                    (-1 • X 1 2 + -1 • X 2 1) * 0)))))))))) +
                                              ((-1 • (0 * X 1 2) +
                                                    (-1 • (0 * X 0 2) +
                                                      (-1 • X 0 1 +
                                                        (0 * (X 0 2 + X 2 0) +
                                                          (0 * (X 2 2 + X 0 0) +
                                                            (-1 • (0 * X 0 0) + (0 * 0 + 1 * -1 • X 1 0))))))) *
                                                  0 +
                                                ((0 * X 0 2 + (0 * (X 1 2 + X 2 1) + 1 * (-1 • X 1 1 + X 2 2))) * 1 +
                                                  (-1 • (0 * (X 1 0 + X 0 1)) +
                                                      (0 * X 0 1 +
                                                        (0 * (X 2 2 + X 0 0) +
                                                          (0 * (X 0 2 + X 2 0) +
                                                            (0 * X 1 1 +
                                                              (0 * -1 • X 0 1 +
                                                                (0 * (-1 • X 1 1 + X 2 2) +
                                                                  (1 * (-1 • X 1 2 + -1 • X 2 1) +
                                                                    (-1 • (0 * (X 1 1 + X 0 0)) +
                                                                      (-1 • (0 * X 0 2) + -1 • (0 * X 2 2))))))))))) *
                                                    0)))))))))))))))))))))) =
    0 * (X 1 2 + (X 0 2 * 0 + (X 0 1 * 0 + X 0 0 * 0))) +
      (0 * (X 0 2 + (X 1 2 * 0 + (X 1 0 * 0 + X 1 1 * 0))) +
        (1 * (X 2 1 * 0 + (X 2 0 * 0 + X 2 2 * 0)) +
          ((0 * X 2 0 + (1 * X 1 0 + (X 0 1 + 0 * X 0 0))) * 1 +
            ((0 * X 2 1 + (0 * X 0 1 + (X 0 0 + 1 * X 1 1))) * 0 +
              ((1 * X 1 2 + (0 * X 0 2 + 0 * X 2 2)) * 0 +
                (-1 • (0 * (X 2 2 + (X 0 0 * 1 + (X 0 1 * 0 + X 0 2 * 0)))) +
                  (-1 • (1 * (X 1 0 * 1 + (X 1 1 * 0 + X 1 2 * 0))) +
                    (-1 • (0 * (X 2 0 * 1 + (X 0 2 + (X 2 1 * 0 + X 2 2 * 0)))) +
                      (-1 • ((0 * X 0 0 + (0 * X 1 0 + (1 * X 2 0 + X 0 2))) * 0) +
                        (-1 • ((1 * X 2 1 + (0 * X 0 1 + 0 * X 1 1)) * 0) +
                          -1 • ((0 * X 0 2 + (0 * X 1 2 + (1 * X 2 2 + X 0 0))) * 0)))))))))))

case h.a.«1».«0»
X : Matrix (Fin 3) (Fin 3) (O ℚ)
⊢ 1 *
        (X 0 0 * 0 +
          (X 0 2 * 0 +
            ((X 1 1 + X 2 2) * 0 +
              ((X 1 2 + X 2 1) * 1 +
                (-1 • (X 1 1 * 0) +
                  (-1 • ((X 2 2 + X 0 0) * 0) +
                    (-1 • ((X 0 2 + X 2 0) * 0) + ((X 1 0 + X 0 1) * 0 + (X 1 1 + -1 • X 0 0) * 0)))))))) +
      (0 * ((X 1 1 + -1 • X 0 0) * 0 + ((-1 • X 1 0 + -1 • X 0 1) * 0 + -1 • X 0 2 * 1)) +
        (0 *
            (X 1 0 +
              (X 2 0 * 0 +
                (X 2 1 * 0 +
                  (X 2 2 * 0 +
                    (X 0 2 * 0 +
                      (X 0 1 * 1 +
                        (-1 • ((X 0 2 + X 2 0) * 0) + (-1 • ((X 2 2 + X 0 0) * 0) + (-1 • X 2 0 * 0 + 0 * 1))))))))) +
          ((0 * (X 1 0 + X 0 1) +
                (0 * (X 1 1 + -1 • X 0 0) +
                  (0 * (X 1 1 + X 2 2) +
                    (0 * (X 1 2 + X 2 1) +
                      (0 * X 0 0 +
                        (1 * X 2 0 +
                          (-1 • (0 * (X 2 2 + X 0 0)) + (-1 • (1 * (X 0 2 + X 2 0)) + -1 • (0 * X 1 1))))))))) *
              0 +
            ((0 * (X 1 1 + -1 • X 0 0) + (0 * (-1 • X 1 0 + -1 • X 0 1) + 0 * -1 • X 2 0)) * 1 +
              ((0 * X 1 2 +
                    (0 * -1 • X 0 2 +
                      (0 * 0 +
                        (0 * X 2 0 +
                          (0 * X 1 0 +
                            (0 * X 0 2 +
                              (1 * X 2 2 + (X 1 1 + (-1 • (0 * (X 0 2 + X 2 0)) + -1 • (1 * (X 2 2 + X 0 0))))))))))) *
                  0 +
                (-1 •
                    (0 *
                      ((X 1 2 + X 2 1) * 0 +
                        ((X 1 1 + X 2 2) * 1 +
                          (-1 • X 0 0 +
                            (-1 • (X 2 1 * 0) +
                              (-1 • (X 2 2 * 1) +
                                (-1 • (X 1 0 * 0) + ((X 1 0 + X 0 1) * 0 + (X 1 1 + -1 • X 0 0) * 1)))))))) +
                  (-1 •
                      (0 *
                        (X 1 0 +
                          (X 2 0 * 0 +
                            (X 2 2 * 0 +
                              (X 0 2 * 0 +
                                (X 0 1 * 1 +
                                  (-1 • ((X 0 2 + X 2 0) * 0) +
                                    (-1 • ((X 2 2 + X 0 0) * 0) +
                                      ((X 1 1 + -1 • X 0 0) * 0 +
                                        ((-1 • X 1 0 + -1 • X 0 1) * 1 + -1 • X 0 2 * 0)))))))))) +
                    (-1 • (0 * (X 2 1 * 0 + (-1 • X 2 0 * 1 + 0 * 0))) +
                      (-1 •
                          ((1 * (X 1 0 + X 0 1) +
                              (0 * (X 1 1 + -1 • X 0 0) +
                                (0 * (X 1 2 + X 2 1) +
                                  (0 * (X 1 1 + X 2 2) +
                                    (-1 • (1 * X 0 1) + (-1 • (0 * X 1 2) + (-1 • (0 * X 2 2) + -1 • X 1 0))))))) *
                            0) +
                        (-1 •
                            ((0 * X 2 0 +
                                (0 * X 1 0 +
                                  (0 * X 0 2 +
                                    (1 * X 2 2 +
                                      (X 1 1 +
                                        (-1 • (0 * (X 0 2 + X 2 0)) +
                                          (-1 • (1 * (X 2 2 + X 0 0)) +
                                            (1 * (X 1 1 + -1 • X 0 0) +
                                              (0 * (-1 • X 1 0 + -1 • X 0 1) + 0 * -1 • X 2 0))))))))) *
                              0) +
                          (-1 • ((1 * X 1 2 + (0 * -1 • X 0 2 + 0 * 0)) * 1) +
                            (-1 • (0 * (0 * 0 + (X 0 2 * 0 + -1 • X 0 1 * 0))) +
                              (-1 •
                                  (0 *
                                    (-1 • X 1 0 +
                                      (-1 • (X 2 1 * 0) +
                                        (-1 • (X 0 2 * 0) +
                                          ((X 0 2 + X 2 0) * 0 +
                                            ((X 2 2 + X 0 0) * 0 +
                                              (-1 • (X 0 0 * 0) +
                                                ((X 1 2 + X 2 1) * 0 + (-1 • X 1 1 + X 2 2) * 0)))))))) +
                                (-1 •
                                    (0 *
                                      (X 2 0 +
                                        (X 0 0 * 0 +
                                          (X 0 1 * 0 +
                                            (X 1 2 * 0 +
                                              (X 1 0 * 0 +
                                                (-1 • ((X 1 1 + X 0 0) * 0) +
                                                  (-1 • ((X 1 0 + X 0 1) * 0) +
                                                    (-1 • X 1 0 * 0 +
                                                      ((-1 • X 1 1 + X 2 2) * 0 +
                                                        (-1 • X 1 2 + -1 • X 2 1) * 0)))))))))) +
                                  (-1 • ((0 * 0 + (0 * X 2 0 + 1 * -1 • X 1 0)) * 0) +
                                    (-1 •
                                        ((-1 • (0 * X 1 2) +
                                            (-1 • (0 * X 2 0) +
                                              (-1 • X 1 1 +
                                                (0 * (X 0 2 + X 2 0) +
                                                  (1 * (X 2 2 + X 0 0) +
                                                    (0 * (X 1 2 + X 2 1) +
                                                      (1 * (-1 • X 1 1 + X 2 2) + -1 • (1 * X 0 0)))))))) *
                                          0) +
                                      (-1 •
                                          ((0 * -1 • X 0 1 +
                                              (0 * (-1 • X 1 1 + X 2 2) +
                                                (1 * (-1 • X 1 2 + -1 • X 2 1) +
                                                  (1 * X 2 1 +
                                                    (0 * X 0 1 +
                                                      (0 * X 0 0 +
                                                        (0 * X 1 0 +
                                                          (X 1 2 +
                                                            (-1 • (0 * (X 1 1 + X 0 0)) +
                                                              -1 • (0 * (X 1 0 + X 0 1))))))))))) *
                                            1) +
                                        (0 *
                                            (-1 • X 1 0 +
                                              (-1 • (X 2 0 * 0) +
                                                (-1 • (X 2 1 * 0) +
                                                  ((X 0 2 + X 2 0) * 0 +
                                                    ((X 2 2 + X 0 0) * 0 +
                                                      (-1 • (X 0 0 * 0) + (0 * 0 + -1 • X 0 1 * 1))))))) +
                                          (0 * (X 2 0 * 0 + ((X 1 2 + X 2 1) * 0 + (-1 • X 1 1 + X 2 2) * 1)) +
                                            (1 *
                                                (X 1 0 * 0 +
                                                  (X 1 1 * 0 +
                                                    ((X 2 2 + X 0 0) * 0 +
                                                      ((X 0 2 + X 2 0) * 0 +
                                                        (-1 • ((X 1 0 + X 0 1) * 0) +
                                                          (-1 • (X 2 0 * 0) +
                                                            (-1 • (X 2 2 * 0) +
                                                              (-1 • ((X 1 1 + X 0 0) * 0) +
                                                                (-1 • X 1 0 * 0 +
                                                                  ((-1 • X 1 1 + X 2 2) * 0 +
                                                                    (-1 • X 1 2 + -1 • X 2 1) * 1)))))))))) +
                                              ((-1 • (0 * X 1 2) +
                                                    (-1 • (0 * X 0 2) +
                                                      (-1 • X 1 1 +
                                                        (0 * (X 0 2 + X 2 0) +
                                                          (1 * (X 2 2 + X 0 0) +
                                                            (-1 • (1 * X 0 0) + (0 * 0 + 0 * -1 • X 1 0))))))) *
                                                  0 +
                                                ((0 * X 0 2 + (0 * (X 1 2 + X 2 1) + 0 * (-1 • X 1 1 + X 2 2))) * 0 +
                                                  (-1 • (0 * (X 1 0 + X 0 1)) +
                                                      (0 * X 0 1 +
                                                        (0 * (X 2 2 + X 0 0) +
                                                          (1 * (X 0 2 + X 2 0) +
                                                            (0 * X 1 1 +
                                                              (0 * -1 • X 0 1 +
                                                                (0 * (-1 • X 1 1 + X 2 2) +
                                                                  (0 * (-1 • X 1 2 + -1 • X 2 1) +
                                                                    (-1 • (0 * (X 1 1 + X 0 0)) +
                                                                      (-1 • (1 * X 0 2) + -1 • (0 * X 2 2))))))))))) *
                                                    0)))))))))))))))))))))) =
    0 * (X 1 0 + (X 0 2 * 0 + (X 0 1 * 1 + X 0 0 * 0))) +
      (0 * (X 0 0 + (X 1 2 * 0 + (X 1 0 * 0 + X 1 1 * 1))) +
        (0 * (X 2 1 * 1 + (X 2 0 * 0 + X 2 2 * 0)) +
          ((0 * X 2 0 + (0 * X 1 0 + (X 1 1 + 1 * X 0 0))) * 0 +
            ((0 * X 2 1 + (1 * X 0 1 + (X 1 0 + 0 * X 1 1))) * 0 +
              ((0 * X 1 2 + (1 * X 0 2 + 0 * X 2 2)) * 1 +
                (-1 • (1 * (X 2 0 + (X 0 0 * 0 + (X 0 1 * 0 + X 0 2 * 1)))) +
                  (-1 • (0 * (X 1 0 * 0 + (X 1 1 * 0 + X 1 2 * 1))) +
                    (-1 • (0 * (X 2 0 * 0 + (X 0 0 + (X 2 1 * 0 + X 2 2 * 1)))) +
                      (-1 • ((0 * X 0 0 + (0 * X 1 0 + (0 * X 2 0 + X 1 2))) * 0) +
                        (-1 • ((0 * X 2 1 + (0 * X 0 1 + 0 * X 1 1)) * 1) +
                          -1 • ((0 * X 0 2 + (0 * X 1 2 + (0 * X 2 2 + X 1 0))) * 0)))))))))))

case h.a.«1».«1»
X : Matrix (Fin 3) (Fin 3) (O ℚ)
⊢ 1 *
        (X 0 0 * 0 +
          (X 0 2 * 1 +
            ((X 1 1 + X 2 2) * 0 +
              ((X 1 2 + X 2 1) * 0 +
                (-1 • (X 1 1 * 0) +
                  (-1 • ((X 2 2 + X 0 0) * 0) +
                    (-1 • ((X 0 2 + X 2 0) * 1) + ((X 1 0 + X 0 1) * 0 + (X 1 1 + -1 • X 0 0) * 0)))))))) +
      (0 * ((X 1 1 + -1 • X 0 0) * 0 + ((-1 • X 1 0 + -1 • X 0 1) * 0 + -1 • X 0 2 * 0)) +
        (0 *
            (X 1 1 +
              (X 2 0 * 0 +
                (X 2 1 * 0 +
                  (X 2 2 * 1 +
                    (X 0 2 * 0 +
                      (X 0 1 * 0 +
                        (-1 • ((X 0 2 + X 2 0) * 0) + (-1 • ((X 2 2 + X 0 0) * 1) + (-1 • X 2 0 * 0 + 0 * 0))))))))) +
          ((0 * (X 1 0 + X 0 1) +
                (0 * (X 1 1 + -1 • X 0 0) +
                  (0 * (X 1 1 + X 2 2) +
                    (0 * (X 1 2 + X 2 1) +
                      (0 * X 0 0 +
                        (1 * X 2 0 +
                          (-1 • (0 * (X 2 2 + X 0 0)) + (-1 • (1 * (X 0 2 + X 2 0)) + -1 • (0 * X 1 1))))))))) *
              1 +
            ((0 * (X 1 1 + -1 • X 0 0) + (0 * (-1 • X 1 0 + -1 • X 0 1) + 0 * -1 • X 2 0)) * 0 +
              ((0 * X 1 2 +
                    (0 * -1 • X 0 2 +
                      (0 * 0 +
                        (0 * X 2 0 +
                          (0 * X 1 0 +
                            (0 * X 0 2 +
                              (1 * X 2 2 + (X 1 1 + (-1 • (0 * (X 0 2 + X 2 0)) + -1 • (1 * (X 2 2 + X 0 0))))))))))) *
                  0 +
                (-1 •
                    (0 *
                      ((X 1 2 + X 2 1) * 0 +
                        ((X 1 1 + X 2 2) * 0 +
                          (-1 • X 0 1 +
                            (-1 • (X 2 1 * 0) +
                              (-1 • (X 2 2 * 0) +
                                (-1 • (X 1 0 * 1) + ((X 1 0 + X 0 1) * 1 + (X 1 1 + -1 • X 0 0) * 0)))))))) +
                  (-1 •
                      (0 *
                        (X 1 1 +
                          (X 2 0 * 0 +
                            (X 2 2 * 1 +
                              (X 0 2 * 0 +
                                (X 0 1 * 0 +
                                  (-1 • ((X 0 2 + X 2 0) * 0) +
                                    (-1 • ((X 2 2 + X 0 0) * 1) +
                                      ((X 1 1 + -1 • X 0 0) * 1 +
                                        ((-1 • X 1 0 + -1 • X 0 1) * 0 + -1 • X 0 2 * 0)))))))))) +
                    (-1 • (0 * (X 2 1 * 1 + (-1 • X 2 0 * 0 + 0 * 0))) +
                      (-1 •
                          ((1 * (X 1 0 + X 0 1) +
                              (0 * (X 1 1 + -1 • X 0 0) +
                                (0 * (X 1 2 + X 2 1) +
                                  (0 * (X 1 1 + X 2 2) +
                                    (-1 • (1 * X 0 1) + (-1 • (0 * X 1 2) + (-1 • (0 * X 2 2) + -1 • X 1 0))))))) *
                            0) +
                        (-1 •
                            ((0 * X 2 0 +
                                (0 * X 1 0 +
                                  (0 * X 0 2 +
                                    (1 * X 2 2 +
                                      (X 1 1 +
                                        (-1 • (0 * (X 0 2 + X 2 0)) +
                                          (-1 • (1 * (X 2 2 + X 0 0)) +
                                            (1 * (X 1 1 + -1 • X 0 0) +
                                              (0 * (-1 • X 1 0 + -1 • X 0 1) + 0 * -1 • X 2 0))))))))) *
                              0) +
                          (-1 • ((1 * X 1 2 + (0 * -1 • X 0 2 + 0 * 0)) * 0) +
                            (-1 • (0 * (0 * 0 + (X 0 2 * 0 + -1 • X 0 1 * 1))) +
                              (-1 •
                                  (0 *
                                    (-1 • X 1 1 +
                                      (-1 • (X 2 1 * 0) +
                                        (-1 • (X 0 2 * 0) +
                                          ((X 0 2 + X 2 0) * 0 +
                                            ((X 2 2 + X 0 0) * 1 +
                                              (-1 • (X 0 0 * 1) +
                                                ((X 1 2 + X 2 1) * 0 + (-1 • X 1 1 + X 2 2) * 1)))))))) +
                                (-1 •
                                    (0 *
                                      (X 2 1 +
                                        (X 0 0 * 0 +
                                          (X 0 1 * 0 +
                                            (X 1 2 * 1 +
                                              (X 1 0 * 0 +
                                                (-1 • ((X 1 1 + X 0 0) * 0) +
                                                  (-1 • ((X 1 0 + X 0 1) * 0) +
                                                    (-1 • X 1 0 * 0 +
                                                      ((-1 • X 1 1 + X 2 2) * 0 +
                                                        (-1 • X 1 2 + -1 • X 2 1) * 1)))))))))) +
                                  (-1 • ((0 * 0 + (0 * X 2 0 + 1 * -1 • X 1 0)) * 0) +
                                    (-1 •
                                        ((-1 • (0 * X 1 2) +
                                            (-1 • (0 * X 2 0) +
                                              (-1 • X 1 1 +
                                                (0 * (X 0 2 + X 2 0) +
                                                  (1 * (X 2 2 + X 0 0) +
                                                    (0 * (X 1 2 + X 2 1) +
                                                      (1 * (-1 • X 1 1 + X 2 2) + -1 • (1 * X 0 0)))))))) *
                                          0) +
                                      (-1 •
                                          ((0 * -1 • X 0 1 +
                                              (0 * (-1 • X 1 1 + X 2 2) +
                                                (1 * (-1 • X 1 2 + -1 • X 2 1) +
                                                  (1 * X 2 1 +
                                                    (0 * X 0 1 +
                                                      (0 * X 0 0 +
                                                        (0 * X 1 0 +
                                                          (X 1 2 +
                                                            (-1 • (0 * (X 1 1 + X 0 0)) +
                                                              -1 • (0 * (X 1 0 + X 0 1))))))))))) *
                                            0) +
                                        (0 *
                                            (-1 • X 1 1 +
                                              (-1 • (X 2 0 * 0) +
                                                (-1 • (X 2 1 * 0) +
                                                  ((X 0 2 + X 2 0) * 0 +
                                                    ((X 2 2 + X 0 0) * 1 +
                                                      (-1 • (X 0 0 * 1) + (0 * 0 + -1 • X 0 1 * 0))))))) +
                                          (0 * (X 2 0 * 0 + ((X 1 2 + X 2 1) * 0 + (-1 • X 1 1 + X 2 2) * 0)) +
                                            (1 *
                                                (X 1 0 * 0 +
                                                  (X 1 1 * 0 +
                                                    ((X 2 2 + X 0 0) * 0 +
                                                      ((X 0 2 + X 2 0) * 1 +
                                                        (-1 • ((X 1 0 + X 0 1) * 0) +
                                                          (-1 • (X 2 0 * 1) +
                                                            (-1 • (X 2 2 * 0) +
                                                              (-1 • ((X 1 1 + X 0 0) * 0) +
                                                                (-1 • X 1 0 * 0 +
                                                                  ((-1 • X 1 1 + X 2 2) * 0 +
                                                                    (-1 • X 1 2 + -1 • X 2 1) * 0)))))))))) +
                                              ((-1 • (0 * X 1 2) +
                                                    (-1 • (0 * X 0 2) +
                                                      (-1 • X 1 1 +
                                                        (0 * (X 0 2 + X 2 0) +
                                                          (1 * (X 2 2 + X 0 0) +
                                                            (-1 • (1 * X 0 0) + (0 * 0 + 0 * -1 • X 1 0))))))) *
                                                  0 +
                                                ((0 * X 0 2 + (0 * (X 1 2 + X 2 1) + 0 * (-1 • X 1 1 + X 2 2))) * 0 +
                                                  (-1 • (0 * (X 1 0 + X 0 1)) +
                                                      (0 * X 0 1 +
                                                        (0 * (X 2 2 + X 0 0) +
                                                          (1 * (X 0 2 + X 2 0) +
                                                            (0 * X 1 1 +
                                                              (0 * -1 • X 0 1 +
                                                                (0 * (-1 • X 1 1 + X 2 2) +
                                                                  (0 * (-1 • X 1 2 + -1 • X 2 1) +
                                                                    (-1 • (0 * (X 1 1 + X 0 0)) +
                                                                      (-1 • (1 * X 0 2) + -1 • (0 * X 2 2))))))))))) *
                                                    1)))))))))))))))))))))) =
    0 * (X 1 1 + (X 0 2 * 0 + (X 0 1 * 0 + X 0 0 * 1))) +
      (0 * (X 0 1 + (X 1 2 * 0 + (X 1 0 * 1 + X 1 1 * 0))) +
        (0 * (X 2 1 * 0 + (X 2 0 * 1 + X 2 2 * 0)) +
          ((0 * X 2 0 + (0 * X 1 0 + (X 1 1 + 1 * X 0 0))) * 0 +
            ((0 * X 2 1 + (1 * X 0 1 + (X 1 0 + 0 * X 1 1))) * 0 +
              ((0 * X 1 2 + (1 * X 0 2 + 0 * X 2 2)) * 0 +
                (-1 • (1 * (X 2 1 + (X 0 0 * 0 + (X 0 1 * 0 + X 0 2 * 0)))) +
                  (-1 • (0 * (X 1 0 * 0 + (X 1 1 * 0 + X 1 2 * 0))) +
                    (-1 • (0 * (X 2 0 * 0 + (X 0 1 + (X 2 1 * 0 + X 2 2 * 0)))) +
                      (-1 • ((0 * X 0 0 + (0 * X 1 0 + (0 * X 2 0 + X 1 2))) * 1) +
                        (-1 • ((0 * X 2 1 + (0 * X 0 1 + 0 * X 1 1)) * 0) +
                          -1 • ((0 * X 0 2 + (0 * X 1 2 + (0 * X 2 2 + X 1 0))) * 0)))))))))))

case h.a.«1».«2»
X : Matrix (Fin 3) (Fin 3) (O ℚ)
⊢ 1 *
        (X 0 0 * 0 +
          (X 0 2 * 0 +
            ((X 1 1 + X 2 2) * 0 +
              ((X 1 2 + X 2 1) * 0 +
                (-1 • (X 1 1 * 0) +
                  (-1 • ((X 2 2 + X 0 0) * 0) +
                    (-1 • ((X 0 2 + X 2 0) * 0) + ((X 1 0 + X 0 1) * 1 + (X 1 1 + -1 • X 0 0) * 0)))))))) +
      (0 * ((X 1 1 + -1 • X 0 0) * 1 + ((-1 • X 1 0 + -1 • X 0 1) * 0 + -1 • X 0 2 * 0)) +
        (0 *
            (X 1 2 +
              (X 2 0 * 0 +
                (X 2 1 * 1 +
                  (X 2 2 * 0 +
                    (X 0 2 * 0 +
                      (X 0 1 * 0 +
                        (-1 • ((X 0 2 + X 2 0) * 0) + (-1 • ((X 2 2 + X 0 0) * 0) + (-1 • X 2 0 * 0 + 0 * 0))))))))) +
          ((0 * (X 1 0 + X 0 1) +
                (0 * (X 1 1 + -1 • X 0 0) +
                  (0 * (X 1 1 + X 2 2) +
                    (0 * (X 1 2 + X 2 1) +
                      (0 * X 0 0 +
                        (1 * X 2 0 +
                          (-1 • (0 * (X 2 2 + X 0 0)) + (-1 • (1 * (X 0 2 + X 2 0)) + -1 • (0 * X 1 1))))))))) *
              0 +
            ((0 * (X 1 1 + -1 • X 0 0) + (0 * (-1 • X 1 0 + -1 • X 0 1) + 0 * -1 • X 2 0)) * 0 +
              ((0 * X 1 2 +
                    (0 * -1 • X 0 2 +
                      (0 * 0 +
                        (0 * X 2 0 +
                          (0 * X 1 0 +
                            (0 * X 0 2 +
                              (1 * X 2 2 + (X 1 1 + (-1 • (0 * (X 0 2 + X 2 0)) + -1 • (1 * (X 2 2 + X 0 0))))))))))) *
                  0 +
                (-1 •
                    (0 *
                      ((X 1 2 + X 2 1) * 0 +
                        ((X 1 1 + X 2 2) * 0 +
                          (-1 • X 0 2 +
                            (-1 • (X 2 1 * 0) +
                              (-1 • (X 2 2 * 0) +
                                (-1 • (X 1 0 * 0) + ((X 1 0 + X 0 1) * 0 + (X 1 1 + -1 • X 0 0) * 0)))))))) +
                  (-1 •
                      (0 *
                        (X 1 2 +
                          (X 2 0 * 0 +
                            (X 2 2 * 0 +
                              (X 0 2 * 0 +
                                (X 0 1 * 0 +
                                  (-1 • ((X 0 2 + X 2 0) * 0) +
                                    (-1 • ((X 2 2 + X 0 0) * 0) +
                                      ((X 1 1 + -1 • X 0 0) * 0 +
                                        ((-1 • X 1 0 + -1 • X 0 1) * 0 + -1 • X 0 2 * 0)))))))))) +
                    (-1 • (0 * (X 2 1 * 0 + (-1 • X 2 0 * 0 + 0 * 0))) +
                      (-1 •
                          ((1 * (X 1 0 + X 0 1) +
                              (0 * (X 1 1 + -1 • X 0 0) +
                                (0 * (X 1 2 + X 2 1) +
                                  (0 * (X 1 1 + X 2 2) +
                                    (-1 • (1 * X 0 1) + (-1 • (0 * X 1 2) + (-1 • (0 * X 2 2) + -1 • X 1 0))))))) *
                            1) +
                        (-1 •
                            ((0 * X 2 0 +
                                (0 * X 1 0 +
                                  (0 * X 0 2 +
                                    (1 * X 2 2 +
                                      (X 1 1 +
                                        (-1 • (0 * (X 0 2 + X 2 0)) +
                                          (-1 • (1 * (X 2 2 + X 0 0)) +
                                            (1 * (X 1 1 + -1 • X 0 0) +
                                              (0 * (-1 • X 1 0 + -1 • X 0 1) + 0 * -1 • X 2 0))))))))) *
                              0) +
                          (-1 • ((1 * X 1 2 + (0 * -1 • X 0 2 + 0 * 0)) * 0) +
                            (-1 • (0 * (0 * 0 + (X 0 2 * 1 + -1 • X 0 1 * 0))) +
                              (-1 •
                                  (0 *
                                    (-1 • X 1 2 +
                                      (-1 • (X 2 1 * 1) +
                                        (-1 • (X 0 2 * 0) +
                                          ((X 0 2 + X 2 0) * 0 +
                                            ((X 2 2 + X 0 0) * 0 +
                                              (-1 • (X 0 0 * 0) +
                                                ((X 1 2 + X 2 1) * 1 + (-1 • X 1 1 + X 2 2) * 0)))))))) +
                                (-1 •
                                    (0 *
                                      (X 2 2 +
                                        (X 0 0 * 1 +
                                          (X 0 1 * 0 +
                                            (X 1 2 * 0 +
                                              (X 1 0 * 0 +
                                                (-1 • ((X 1 1 + X 0 0) * 1) +
                                                  (-1 • ((X 1 0 + X 0 1) * 0) +
                                                    (-1 • X 1 0 * 0 +
                                                      ((-1 • X 1 1 + X 2 2) * 1 +
                                                        (-1 • X 1 2 + -1 • X 2 1) * 0)))))))))) +
                                  (-1 • ((0 * 0 + (0 * X 2 0 + 1 * -1 • X 1 0)) * 1) +
                                    (-1 •
                                        ((-1 • (0 * X 1 2) +
                                            (-1 • (0 * X 2 0) +
                                              (-1 • X 1 1 +
                                                (0 * (X 0 2 + X 2 0) +
                                                  (1 * (X 2 2 + X 0 0) +
                                                    (0 * (X 1 2 + X 2 1) +
                                                      (1 * (-1 • X 1 1 + X 2 2) + -1 • (1 * X 0 0)))))))) *
                                          0) +
                                      (-1 •
                                          ((0 * -1 • X 0 1 +
                                              (0 * (-1 • X 1 1 + X 2 2) +
                                                (1 * (-1 • X 1 2 + -1 • X 2 1) +
                                                  (1 * X 2 1 +
                                                    (0 * X 0 1 +
                                                      (0 * X 0 0 +
                                                        (0 * X 1 0 +
                                                          (X 1 2 +
                                                            (-1 • (0 * (X 1 1 + X 0 0)) +
                                                              -1 • (0 * (X 1 0 + X 0 1))))))))))) *
                                            0) +
                                        (0 *
                                            (-1 • X 1 2 +
                                              (-1 • (X 2 0 * 0) +
                                                (-1 • (X 2 1 * 1) +
                                                  ((X 0 2 + X 2 0) * 0 +
                                                    ((X 2 2 + X 0 0) * 0 +
                                                      (-1 • (X 0 0 * 0) + (0 * 1 + -1 • X 0 1 * 0))))))) +
                                          (0 * (X 2 0 * 1 + ((X 1 2 + X 2 1) * 0 + (-1 • X 1 1 + X 2 2) * 0)) +
                                            (1 *
                                                (X 1 0 * 1 +
                                                  (X 1 1 * 0 +
                                                    ((X 2 2 + X 0 0) * 0 +
                                                      ((X 0 2 + X 2 0) * 0 +
                                                        (-1 • ((X 1 0 + X 0 1) * 1) +
                                                          (-1 • (X 2 0 * 0) +
                                                            (-1 • (X 2 2 * 0) +
                                                              (-1 • ((X 1 1 + X 0 0) * 0) +
                                                                (-1 • X 1 0 * 1 +
                                                                  ((-1 • X 1 1 + X 2 2) * 0 +
                                                                    (-1 • X 1 2 + -1 • X 2 1) * 0)))))))))) +
                                              ((-1 • (0 * X 1 2) +
                                                    (-1 • (0 * X 0 2) +
                                                      (-1 • X 1 1 +
                                                        (0 * (X 0 2 + X 2 0) +
                                                          (1 * (X 2 2 + X 0 0) +
                                                            (-1 • (1 * X 0 0) + (0 * 0 + 0 * -1 • X 1 0))))))) *
                                                  0 +
                                                ((0 * X 0 2 + (0 * (X 1 2 + X 2 1) + 0 * (-1 • X 1 1 + X 2 2))) * 1 +
                                                  (-1 • (0 * (X 1 0 + X 0 1)) +
                                                      (0 * X 0 1 +
                                                        (0 * (X 2 2 + X 0 0) +
                                                          (1 * (X 0 2 + X 2 0) +
                                                            (0 * X 1 1 +
                                                              (0 * -1 • X 0 1 +
                                                                (0 * (-1 • X 1 1 + X 2 2) +
                                                                  (0 * (-1 • X 1 2 + -1 • X 2 1) +
                                                                    (-1 • (0 * (X 1 1 + X 0 0)) +
                                                                      (-1 • (1 * X 0 2) + -1 • (0 * X 2 2))))))))))) *
                                                    0)))))))))))))))))))))) =
    0 * (X 1 2 + (X 0 2 * 0 + (X 0 1 * 0 + X 0 0 * 0))) +
      (0 * (X 0 2 + (X 1 2 * 0 + (X 1 0 * 0 + X 1 1 * 0))) +
        (0 * (X 2 1 * 0 + (X 2 0 * 0 + X 2 2 * 0)) +
          ((0 * X 2 0 + (0 * X 1 0 + (X 1 1 + 1 * X 0 0))) * 1 +
            ((0 * X 2 1 + (1 * X 0 1 + (X 1 0 + 0 * X 1 1))) * 0 +
              ((0 * X 1 2 + (1 * X 0 2 + 0 * X 2 2)) * 0 +
                (-1 • (1 * (X 2 2 + (X 0 0 * 1 + (X 0 1 * 0 + X 0 2 * 0)))) +
                  (-1 • (0 * (X 1 0 * 1 + (X 1 1 * 0 + X 1 2 * 0))) +
                    (-1 • (0 * (X 2 0 * 1 + (X 0 2 + (X 2 1 * 0 + X 2 2 * 0)))) +
                      (-1 • ((0 * X 0 0 + (0 * X 1 0 + (0 * X 2 0 + X 1 2))) * 0) +
                        (-1 • ((0 * X 2 1 + (0 * X 0 1 + 0 * X 1 1)) * 0) +
                          -1 • ((0 * X 0 2 + (0 * X 1 2 + (0 * X 2 2 + X 1 0))) * 0)))))))))))

case h.a.«2».«0»
X : Matrix (Fin 3) (Fin 3) (O ℚ)
⊢ 0 *
        (X 0 0 * 0 +
          (X 0 2 * 0 +
            ((X 1 1 + X 2 2) * 0 +
              ((X 1 2 + X 2 1) * 1 +
                (-1 • (X 1 1 * 0) +
                  (-1 • ((X 2 2 + X 0 0) * 0) +
                    (-1 • ((X 0 2 + X 2 0) * 0) + ((X 1 0 + X 0 1) * 0 + (X 1 1 + -1 • X 0 0) * 0)))))))) +
      (0 * ((X 1 1 + -1 • X 0 0) * 0 + ((-1 • X 1 0 + -1 • X 0 1) * 0 + -1 • X 0 2 * 1)) +
        (0 *
            (X 1 0 +
              (X 2 0 * 0 +
                (X 2 1 * 0 +
                  (X 2 2 * 0 +
                    (X 0 2 * 0 +
                      (X 0 1 * 1 +
                        (-1 • ((X 0 2 + X 2 0) * 0) + (-1 • ((X 2 2 + X 0 0) * 0) + (-1 • X 2 0 * 0 + 0 * 1))))))))) +
          ((1 * (X 1 0 + X 0 1) +
                (0 * (X 1 1 + -1 • X 0 0) +
                  (0 * (X 1 1 + X 2 2) +
                    (0 * (X 1 2 + X 2 1) +
                      (0 * X 0 0 +
                        (0 * X 2 0 +
                          (-1 • (0 * (X 2 2 + X 0 0)) + (-1 • (0 * (X 0 2 + X 2 0)) + -1 • (0 * X 1 1))))))))) *
              0 +
            ((1 * (X 1 1 + -1 • X 0 0) + (0 * (-1 • X 1 0 + -1 • X 0 1) + 0 * -1 • X 2 0)) * 1 +
              ((1 * X 1 2 +
                    (0 * -1 • X 0 2 +
                      (0 * 0 +
                        (0 * X 2 0 +
                          (0 * X 1 0 +
                            (0 * X 0 2 +
                              (0 * X 2 2 + (X 2 1 + (-1 • (0 * (X 0 2 + X 2 0)) + -1 • (0 * (X 2 2 + X 0 0))))))))))) *
                  0 +
                (-1 •
                    (1 *
                      ((X 1 2 + X 2 1) * 0 +
                        ((X 1 1 + X 2 2) * 1 +
                          (-1 • X 0 0 +
                            (-1 • (X 2 1 * 0) +
                              (-1 • (X 2 2 * 1) +
                                (-1 • (X 1 0 * 0) + ((X 1 0 + X 0 1) * 0 + (X 1 1 + -1 • X 0 0) * 1)))))))) +
                  (-1 •
                      (0 *
                        (X 1 0 +
                          (X 2 0 * 0 +
                            (X 2 2 * 0 +
                              (X 0 2 * 0 +
                                (X 0 1 * 1 +
                                  (-1 • ((X 0 2 + X 2 0) * 0) +
                                    (-1 • ((X 2 2 + X 0 0) * 0) +
                                      ((X 1 1 + -1 • X 0 0) * 0 +
                                        ((-1 • X 1 0 + -1 • X 0 1) * 1 + -1 • X 0 2 * 0)))))))))) +
                    (-1 • (0 * (X 2 1 * 0 + (-1 • X 2 0 * 1 + 0 * 0))) +
                      (-1 •
                          ((0 * (X 1 0 + X 0 1) +
                              (0 * (X 1 1 + -1 • X 0 0) +
                                (0 * (X 1 2 + X 2 1) +
                                  (0 * (X 1 1 + X 2 2) +
                                    (-1 • (0 * X 0 1) + (-1 • (0 * X 1 2) + (-1 • (0 * X 2 2) + -1 • X 2 0))))))) *
                            0) +
                        (-1 •
                            ((0 * X 2 0 +
                                (0 * X 1 0 +
                                  (0 * X 0 2 +
                                    (0 * X 2 2 +
                                      (X 2 1 +
                                        (-1 • (0 * (X 0 2 + X 2 0)) +
                                          (-1 • (0 * (X 2 2 + X 0 0)) +
                                            (0 * (X 1 1 + -1 • X 0 0) +
                                              (0 * (-1 • X 1 0 + -1 • X 0 1) + 0 * -1 • X 2 0))))))))) *
                              0) +
                          (-1 • ((0 * X 1 2 + (0 * -1 • X 0 2 + 0 * 0)) * 1) +
                            (-1 • (1 * (0 * 0 + (X 0 2 * 0 + -1 • X 0 1 * 0))) +
                              (-1 •
                                  (0 *
                                    (-1 • X 1 0 +
                                      (-1 • (X 2 1 * 0) +
                                        (-1 • (X 0 2 * 0) +
                                          ((X 0 2 + X 2 0) * 0 +
                                            ((X 2 2 + X 0 0) * 0 +
                                              (-1 • (X 0 0 * 0) +
                                                ((X 1 2 + X 2 1) * 0 + (-1 • X 1 1 + X 2 2) * 0)))))))) +
                                (-1 •
                                    (0 *
                                      (X 2 0 +
                                        (X 0 0 * 0 +
                                          (X 0 1 * 0 +
                                            (X 1 2 * 0 +
                                              (X 1 0 * 0 +
                                                (-1 • ((X 1 1 + X 0 0) * 0) +
                                                  (-1 • ((X 1 0 + X 0 1) * 0) +
                                                    (-1 • X 1 0 * 0 +
                                                      ((-1 • X 1 1 + X 2 2) * 0 +
                                                        (-1 • X 1 2 + -1 • X 2 1) * 0)))))))))) +
                                  (-1 • ((0 * 0 + (1 * X 2 0 + 0 * -1 • X 1 0)) * 0) +
                                    (-1 •
                                        ((-1 • (1 * X 1 2) +
                                            (-1 • (0 * X 2 0) +
                                              (-1 • X 2 1 +
                                                (0 * (X 0 2 + X 2 0) +
                                                  (0 * (X 2 2 + X 0 0) +
                                                    (1 * (X 1 2 + X 2 1) +
                                                      (0 * (-1 • X 1 1 + X 2 2) + -1 • (0 * X 0 0)))))))) *
                                          0) +
                                      (-1 •
                                          ((0 * -1 • X 0 1 +
                                              (1 * (-1 • X 1 1 + X 2 2) +
                                                (0 * (-1 • X 1 2 + -1 • X 2 1) +
                                                  (0 * X 2 1 +
                                                    (0 * X 0 1 +
                                                      (1 * X 0 0 +
                                                        (0 * X 1 0 +
                                                          (X 2 2 +
                                                            (-1 • (1 * (X 1 1 + X 0 0)) +
                                                              -1 • (0 * (X 1 0 + X 0 1))))))))))) *
                                            1) +
                                        (0 *
                                            (-1 • X 1 0 +
                                              (-1 • (X 2 0 * 0) +
                                                (-1 • (X 2 1 * 0) +
                                                  ((X 0 2 + X 2 0) * 0 +
                                                    ((X 2 2 + X 0 0) * 0 +
                                                      (-1 • (X 0 0 * 0) + (0 * 0 + -1 • X 0 1 * 1))))))) +
                                          (1 * (X 2 0 * 0 + ((X 1 2 + X 2 1) * 0 + (-1 • X 1 1 + X 2 2) * 1)) +
                                            (0 *
                                                (X 1 0 * 0 +
                                                  (X 1 1 * 0 +
                                                    ((X 2 2 + X 0 0) * 0 +
                                                      ((X 0 2 + X 2 0) * 0 +
                                                        (-1 • ((X 1 0 + X 0 1) * 0) +
                                                          (-1 • (X 2 0 * 0) +
                                                            (-1 • (X 2 2 * 0) +
                                                              (-1 • ((X 1 1 + X 0 0) * 0) +
                                                                (-1 • X 1 0 * 0 +
                                                                  ((-1 • X 1 1 + X 2 2) * 0 +
                                                                    (-1 • X 1 2 + -1 • X 2 1) * 1)))))))))) +
                                              ((-1 • (1 * X 1 2) +
                                                    (-1 • (0 * X 0 2) +
                                                      (-1 • X 2 1 +
                                                        (0 * (X 0 2 + X 2 0) +
                                                          (0 * (X 2 2 + X 0 0) +
                                                            (-1 • (0 * X 0 0) + (1 * 0 + 0 * -1 • X 1 0))))))) *
                                                  0 +
                                                ((1 * X 0 2 + (0 * (X 1 2 + X 2 1) + 0 * (-1 • X 1 1 + X 2 2))) * 0 +
                                                  (-1 • (1 * (X 1 0 + X 0 1)) +
                                                      (1 * X 0 1 +
                                                        (0 * (X 2 2 + X 0 0) +
                                                          (0 * (X 0 2 + X 2 0) +
                                                            (0 * X 1 1 +
                                                              (1 * -1 • X 0 1 +
                                                                (0 * (-1 • X 1 1 + X 2 2) +
                                                                  (0 * (-1 • X 1 2 + -1 • X 2 1) +
                                                                    (-1 • (0 * (X 1 1 + X 0 0)) +
                                                                      (-1 • (0 * X 0 2) + -1 • (0 * X 2 2))))))))))) *
                                                    0)))))))))))))))))))))) =
    1 * (X 1 0 + (X 0 2 * 0 + (X 0 1 * 1 + X 0 0 * 0))) +
      (0 * (X 0 0 + (X 1 2 * 0 + (X 1 0 * 0 + X 1 1 * 1))) +
        (0 * (X 2 1 * 1 + (X 2 0 * 0 + X 2 2 * 0)) +
          ((0 * X 2 0 + (0 * X 1 0 + (X 2 1 + 0 * X 0 0))) * 0 +
            ((0 * X 2 1 + (0 * X 0 1 + (X 2 0 + 0 * X 1 1))) * 0 +
              ((0 * X 1 2 + (0 * X 0 2 + 0 * X 2 2)) * 1 +
                (-1 • (0 * (X 2 0 + (X 0 0 * 0 + (X 0 1 * 0 + X 0 2 * 1)))) +
                  (-1 • (0 * (X 1 0 * 0 + (X 1 1 * 0 + X 1 2 * 1))) +
                    (-1 • (0 * (X 2 0 * 0 + (X 0 0 + (X 2 1 * 0 + X 2 2 * 1)))) +
                      (-1 • ((1 * X 0 0 + (0 * X 1 0 + (0 * X 2 0 + X 2 2))) * 0) +
                        (-1 • ((0 * X 2 1 + (1 * X 0 1 + 0 * X 1 1)) * 1) +
                          -1 • ((1 * X 0 2 + (0 * X 1 2 + (0 * X 2 2 + X 2 0))) * 0)))))))))))

case h.a.«2».«1»
X : Matrix (Fin 3) (Fin 3) (O ℚ)
⊢ 0 *
        (X 0 0 * 0 +
          (X 0 2 * 1 +
            ((X 1 1 + X 2 2) * 0 +
              ((X 1 2 + X 2 1) * 0 +
                (-1 • (X 1 1 * 0) +
                  (-1 • ((X 2 2 + X 0 0) * 0) +
                    (-1 • ((X 0 2 + X 2 0) * 1) + ((X 1 0 + X 0 1) * 0 + (X 1 1 + -1 • X 0 0) * 0)))))))) +
      (0 * ((X 1 1 + -1 • X 0 0) * 0 + ((-1 • X 1 0 + -1 • X 0 1) * 0 + -1 • X 0 2 * 0)) +
        (0 *
            (X 1 1 +
              (X 2 0 * 0 +
                (X 2 1 * 0 +
                  (X 2 2 * 1 +
                    (X 0 2 * 0 +
                      (X 0 1 * 0 +
                        (-1 • ((X 0 2 + X 2 0) * 0) + (-1 • ((X 2 2 + X 0 0) * 1) + (-1 • X 2 0 * 0 + 0 * 0))))))))) +
          ((1 * (X 1 0 + X 0 1) +
                (0 * (X 1 1 + -1 • X 0 0) +
                  (0 * (X 1 1 + X 2 2) +
                    (0 * (X 1 2 + X 2 1) +
                      (0 * X 0 0 +
                        (0 * X 2 0 +
                          (-1 • (0 * (X 2 2 + X 0 0)) + (-1 • (0 * (X 0 2 + X 2 0)) + -1 • (0 * X 1 1))))))))) *
              1 +
            ((1 * (X 1 1 + -1 • X 0 0) + (0 * (-1 • X 1 0 + -1 • X 0 1) + 0 * -1 • X 2 0)) * 0 +
              ((1 * X 1 2 +
                    (0 * -1 • X 0 2 +
                      (0 * 0 +
                        (0 * X 2 0 +
                          (0 * X 1 0 +
                            (0 * X 0 2 +
                              (0 * X 2 2 + (X 2 1 + (-1 • (0 * (X 0 2 + X 2 0)) + -1 • (0 * (X 2 2 + X 0 0))))))))))) *
                  0 +
                (-1 •
                    (1 *
                      ((X 1 2 + X 2 1) * 0 +
                        ((X 1 1 + X 2 2) * 0 +
                          (-1 • X 0 1 +
                            (-1 • (X 2 1 * 0) +
                              (-1 • (X 2 2 * 0) +
                                (-1 • (X 1 0 * 1) + ((X 1 0 + X 0 1) * 1 + (X 1 1 + -1 • X 0 0) * 0)))))))) +
                  (-1 •
                      (0 *
                        (X 1 1 +
                          (X 2 0 * 0 +
                            (X 2 2 * 1 +
                              (X 0 2 * 0 +
                                (X 0 1 * 0 +
                                  (-1 • ((X 0 2 + X 2 0) * 0) +
                                    (-1 • ((X 2 2 + X 0 0) * 1) +
                                      ((X 1 1 + -1 • X 0 0) * 1 +
                                        ((-1 • X 1 0 + -1 • X 0 1) * 0 + -1 • X 0 2 * 0)))))))))) +
                    (-1 • (0 * (X 2 1 * 1 + (-1 • X 2 0 * 0 + 0 * 0))) +
                      (-1 •
                          ((0 * (X 1 0 + X 0 1) +
                              (0 * (X 1 1 + -1 • X 0 0) +
                                (0 * (X 1 2 + X 2 1) +
                                  (0 * (X 1 1 + X 2 2) +
                                    (-1 • (0 * X 0 1) + (-1 • (0 * X 1 2) + (-1 • (0 * X 2 2) + -1 • X 2 0))))))) *
                            0) +
                        (-1 •
                            ((0 * X 2 0 +
                                (0 * X 1 0 +
                                  (0 * X 0 2 +
                                    (0 * X 2 2 +
                                      (X 2 1 +
                                        (-1 • (0 * (X 0 2 + X 2 0)) +
                                          (-1 • (0 * (X 2 2 + X 0 0)) +
                                            (0 * (X 1 1 + -1 • X 0 0) +
                                              (0 * (-1 • X 1 0 + -1 • X 0 1) + 0 * -1 • X 2 0))))))))) *
                              0) +
                          (-1 • ((0 * X 1 2 + (0 * -1 • X 0 2 + 0 * 0)) * 0) +
                            (-1 • (1 * (0 * 0 + (X 0 2 * 0 + -1 • X 0 1 * 1))) +
                              (-1 •
                                  (0 *
                                    (-1 • X 1 1 +
                                      (-1 • (X 2 1 * 0) +
                                        (-1 • (X 0 2 * 0) +
                                          ((X 0 2 + X 2 0) * 0 +
                                            ((X 2 2 + X 0 0) * 1 +
                                              (-1 • (X 0 0 * 1) +
                                                ((X 1 2 + X 2 1) * 0 + (-1 • X 1 1 + X 2 2) * 1)))))))) +
                                (-1 •
                                    (0 *
                                      (X 2 1 +
                                        (X 0 0 * 0 +
                                          (X 0 1 * 0 +
                                            (X 1 2 * 1 +
                                              (X 1 0 * 0 +
                                                (-1 • ((X 1 1 + X 0 0) * 0) +
                                                  (-1 • ((X 1 0 + X 0 1) * 0) +
                                                    (-1 • X 1 0 * 0 +
                                                      ((-1 • X 1 1 + X 2 2) * 0 +
                                                        (-1 • X 1 2 + -1 • X 2 1) * 1)))))))))) +
                                  (-1 • ((0 * 0 + (1 * X 2 0 + 0 * -1 • X 1 0)) * 0) +
                                    (-1 •
                                        ((-1 • (1 * X 1 2) +
                                            (-1 • (0 * X 2 0) +
                                              (-1 • X 2 1 +
                                                (0 * (X 0 2 + X 2 0) +
                                                  (0 * (X 2 2 + X 0 0) +
                                                    (1 * (X 1 2 + X 2 1) +
                                                      (0 * (-1 • X 1 1 + X 2 2) + -1 • (0 * X 0 0)))))))) *
                                          0) +
                                      (-1 •
                                          ((0 * -1 • X 0 1 +
                                              (1 * (-1 • X 1 1 + X 2 2) +
                                                (0 * (-1 • X 1 2 + -1 • X 2 1) +
                                                  (0 * X 2 1 +
                                                    (0 * X 0 1 +
                                                      (1 * X 0 0 +
                                                        (0 * X 1 0 +
                                                          (X 2 2 +
                                                            (-1 • (1 * (X 1 1 + X 0 0)) +
                                                              -1 • (0 * (X 1 0 + X 0 1))))))))))) *
                                            0) +
                                        (0 *
                                            (-1 • X 1 1 +
                                              (-1 • (X 2 0 * 0) +
                                                (-1 • (X 2 1 * 0) +
                                                  ((X 0 2 + X 2 0) * 0 +
                                                    ((X 2 2 + X 0 0) * 1 +
                                                      (-1 • (X 0 0 * 1) + (0 * 0 + -1 • X 0 1 * 0))))))) +
                                          (1 * (X 2 0 * 0 + ((X 1 2 + X 2 1) * 0 + (-1 • X 1 1 + X 2 2) * 0)) +
                                            (0 *
                                                (X 1 0 * 0 +
                                                  (X 1 1 * 0 +
                                                    ((X 2 2 + X 0 0) * 0 +
                                                      ((X 0 2 + X 2 0) * 1 +
                                                        (-1 • ((X 1 0 + X 0 1) * 0) +
                                                          (-1 • (X 2 0 * 1) +
                                                            (-1 • (X 2 2 * 0) +
                                                              (-1 • ((X 1 1 + X 0 0) * 0) +
                                                                (-1 • X 1 0 * 0 +
                                                                  ((-1 • X 1 1 + X 2 2) * 0 +
                                                                    (-1 • X 1 2 + -1 • X 2 1) * 0)))))))))) +
                                              ((-1 • (1 * X 1 2) +
                                                    (-1 • (0 * X 0 2) +
                                                      (-1 • X 2 1 +
                                                        (0 * (X 0 2 + X 2 0) +
                                                          (0 * (X 2 2 + X 0 0) +
                                                            (-1 • (0 * X 0 0) + (1 * 0 + 0 * -1 • X 1 0))))))) *
                                                  0 +
                                                ((1 * X 0 2 + (0 * (X 1 2 + X 2 1) + 0 * (-1 • X 1 1 + X 2 2))) * 0 +
                                                  (-1 • (1 * (X 1 0 + X 0 1)) +
                                                      (1 * X 0 1 +
                                                        (0 * (X 2 2 + X 0 0) +
                                                          (0 * (X 0 2 + X 2 0) +
                                                            (0 * X 1 1 +
                                                              (1 * -1 • X 0 1 +
                                                                (0 * (-1 • X 1 1 + X 2 2) +
                                                                  (0 * (-1 • X 1 2 + -1 • X 2 1) +
                                                                    (-1 • (0 * (X 1 1 + X 0 0)) +
                                                                      (-1 • (0 * X 0 2) + -1 • (0 * X 2 2))))))))))) *
                                                    1)))))))))))))))))))))) =
    1 * (X 1 1 + (X 0 2 * 0 + (X 0 1 * 0 + X 0 0 * 1))) +
      (0 * (X 0 1 + (X 1 2 * 0 + (X 1 0 * 1 + X 1 1 * 0))) +
        (0 * (X 2 1 * 0 + (X 2 0 * 1 + X 2 2 * 0)) +
          ((0 * X 2 0 + (0 * X 1 0 + (X 2 1 + 0 * X 0 0))) * 0 +
            ((0 * X 2 1 + (0 * X 0 1 + (X 2 0 + 0 * X 1 1))) * 0 +
              ((0 * X 1 2 + (0 * X 0 2 + 0 * X 2 2)) * 0 +
                (-1 • (0 * (X 2 1 + (X 0 0 * 0 + (X 0 1 * 0 + X 0 2 * 0)))) +
                  (-1 • (0 * (X 1 0 * 0 + (X 1 1 * 0 + X 1 2 * 0))) +
                    (-1 • (0 * (X 2 0 * 0 + (X 0 1 + (X 2 1 * 0 + X 2 2 * 0)))) +
                      (-1 • ((1 * X 0 0 + (0 * X 1 0 + (0 * X 2 0 + X 2 2))) * 1) +
                        (-1 • ((0 * X 2 1 + (1 * X 0 1 + 0 * X 1 1)) * 0) +
                          -1 • ((1 * X 0 2 + (0 * X 1 2 + (0 * X 2 2 + X 2 0))) * 0)))))))))))

case h.a.«2».«2»
X : Matrix (Fin 3) (Fin 3) (O ℚ)
⊢ 0 *
        (X 0 0 * 0 +
          (X 0 2 * 0 +
            ((X 1 1 + X 2 2) * 0 +
              ((X 1 2 + X 2 1) * 0 +
                (-1 • (X 1 1 * 0) +
                  (-1 • ((X 2 2 + X 0 0) * 0) +
                    (-1 • ((X 0 2 + X 2 0) * 0) + ((X 1 0 + X 0 1) * 1 + (X 1 1 + -1 • X 0 0) * 0)))))))) +
      (0 * ((X 1 1 + -1 • X 0 0) * 1 + ((-1 • X 1 0 + -1 • X 0 1) * 0 + -1 • X 0 2 * 0)) +
        (0 *
            (X 1 2 +
              (X 2 0 * 0 +
                (X 2 1 * 1 +
                  (X 2 2 * 0 +
                    (X 0 2 * 0 +
                      (X 0 1 * 0 +
                        (-1 • ((X 0 2 + X 2 0) * 0) + (-1 • ((X 2 2 + X 0 0) * 0) + (-1 • X 2 0 * 0 + 0 * 0))))))))) +
          ((1 * (X 1 0 + X 0 1) +
                (0 * (X 1 1 + -1 • X 0 0) +
                  (0 * (X 1 1 + X 2 2) +
                    (0 * (X 1 2 + X 2 1) +
                      (0 * X 0 0 +
                        (0 * X 2 0 +
                          (-1 • (0 * (X 2 2 + X 0 0)) + (-1 • (0 * (X 0 2 + X 2 0)) + -1 • (0 * X 1 1))))))))) *
              0 +
            ((1 * (X 1 1 + -1 • X 0 0) + (0 * (-1 • X 1 0 + -1 • X 0 1) + 0 * -1 • X 2 0)) * 0 +
              ((1 * X 1 2 +
                    (0 * -1 • X 0 2 +
                      (0 * 0 +
                        (0 * X 2 0 +
                          (0 * X 1 0 +
                            (0 * X 0 2 +
                              (0 * X 2 2 + (X 2 1 + (-1 • (0 * (X 0 2 + X 2 0)) + -1 • (0 * (X 2 2 + X 0 0))))))))))) *
                  0 +
                (-1 •
                    (1 *
                      ((X 1 2 + X 2 1) * 0 +
                        ((X 1 1 + X 2 2) * 0 +
                          (-1 • X 0 2 +
                            (-1 • (X 2 1 * 0) +
                              (-1 • (X 2 2 * 0) +
                                (-1 • (X 1 0 * 0) + ((X 1 0 + X 0 1) * 0 + (X 1 1 + -1 • X 0 0) * 0)))))))) +
                  (-1 •
                      (0 *
                        (X 1 2 +
                          (X 2 0 * 0 +
                            (X 2 2 * 0 +
                              (X 0 2 * 0 +
                                (X 0 1 * 0 +
                                  (-1 • ((X 0 2 + X 2 0) * 0) +
                                    (-1 • ((X 2 2 + X 0 0) * 0) +
                                      ((X 1 1 + -1 • X 0 0) * 0 +
                                        ((-1 • X 1 0 + -1 • X 0 1) * 0 + -1 • X 0 2 * 0)))))))))) +
                    (-1 • (0 * (X 2 1 * 0 + (-1 • X 2 0 * 0 + 0 * 0))) +
                      (-1 •
                          ((0 * (X 1 0 + X 0 1) +
                              (0 * (X 1 1 + -1 • X 0 0) +
                                (0 * (X 1 2 + X 2 1) +
                                  (0 * (X 1 1 + X 2 2) +
                                    (-1 • (0 * X 0 1) + (-1 • (0 * X 1 2) + (-1 • (0 * X 2 2) + -1 • X 2 0))))))) *
                            1) +
                        (-1 •
                            ((0 * X 2 0 +
                                (0 * X 1 0 +
                                  (0 * X 0 2 +
                                    (0 * X 2 2 +
                                      (X 2 1 +
                                        (-1 • (0 * (X 0 2 + X 2 0)) +
                                          (-1 • (0 * (X 2 2 + X 0 0)) +
                                            (0 * (X 1 1 + -1 • X 0 0) +
                                              (0 * (-1 • X 1 0 + -1 • X 0 1) + 0 * -1 • X 2 0))))))))) *
                              0) +
                          (-1 • ((0 * X 1 2 + (0 * -1 • X 0 2 + 0 * 0)) * 0) +
                            (-1 • (1 * (0 * 0 + (X 0 2 * 1 + -1 • X 0 1 * 0))) +
                              (-1 •
                                  (0 *
                                    (-1 • X 1 2 +
                                      (-1 • (X 2 1 * 1) +
                                        (-1 • (X 0 2 * 0) +
                                          ((X 0 2 + X 2 0) * 0 +
                                            ((X 2 2 + X 0 0) * 0 +
                                              (-1 • (X 0 0 * 0) +
                                                ((X 1 2 + X 2 1) * 1 + (-1 • X 1 1 + X 2 2) * 0)))))))) +
                                (-1 •
                                    (0 *
                                      (X 2 2 +
                                        (X 0 0 * 1 +
                                          (X 0 1 * 0 +
                                            (X 1 2 * 0 +
                                              (X 1 0 * 0 +
                                                (-1 • ((X 1 1 + X 0 0) * 1) +
                                                  (-1 • ((X 1 0 + X 0 1) * 0) +
                                                    (-1 • X 1 0 * 0 +
                                                      ((-1 • X 1 1 + X 2 2) * 1 +
                                                        (-1 • X 1 2 + -1 • X 2 1) * 0)))))))))) +
                                  (-1 • ((0 * 0 + (1 * X 2 0 + 0 * -1 • X 1 0)) * 1) +
                                    (-1 •
                                        ((-1 • (1 * X 1 2) +
                                            (-1 • (0 * X 2 0) +
                                              (-1 • X 2 1 +
                                                (0 * (X 0 2 + X 2 0) +
                                                  (0 * (X 2 2 + X 0 0) +
                                                    (1 * (X 1 2 + X 2 1) +
                                                      (0 * (-1 • X 1 1 + X 2 2) + -1 • (0 * X 0 0)))))))) *
                                          0) +
                                      (-1 •
                                          ((0 * -1 • X 0 1 +
                                              (1 * (-1 • X 1 1 + X 2 2) +
                                                (0 * (-1 • X 1 2 + -1 • X 2 1) +
                                                  (0 * X 2 1 +
                                                    (0 * X 0 1 +
                                                      (1 * X 0 0 +
                                                        (0 * X 1 0 +
                                                          (X 2 2 +
                                                            (-1 • (1 * (X 1 1 + X 0 0)) +
                                                              -1 • (0 * (X 1 0 + X 0 1))))))))))) *
                                            0) +
                                        (0 *
                                            (-1 • X 1 2 +
                                              (-1 • (X 2 0 * 0) +
                                                (-1 • (X 2 1 * 1) +
                                                  ((X 0 2 + X 2 0) * 0 +
                                                    ((X 2 2 + X 0 0) * 0 +
                                                      (-1 • (X 0 0 * 0) + (0 * 1 + -1 • X 0 1 * 0))))))) +
                                          (1 * (X 2 0 * 1 + ((X 1 2 + X 2 1) * 0 + (-1 • X 1 1 + X 2 2) * 0)) +
                                            (0 *
                                                (X 1 0 * 1 +
                                                  (X 1 1 * 0 +
                                                    ((X 2 2 + X 0 0) * 0 +
                                                      ((X 0 2 + X 2 0) * 0 +
                                                        (-1 • ((X 1 0 + X 0 1) * 1) +
                                                          (-1 • (X 2 0 * 0) +
                                                            (-1 • (X 2 2 * 0) +
                                                              (-1 • ((X 1 1 + X 0 0) * 0) +
                                                                (-1 • X 1 0 * 1 +
                                                                  ((-1 • X 1 1 + X 2 2) * 0 +
                                                                    (-1 • X 1 2 + -1 • X 2 1) * 0)))))))))) +
                                              ((-1 • (1 * X 1 2) +
                                                    (-1 • (0 * X 0 2) +
                                                      (-1 • X 2 1 +
                                                        (0 * (X 0 2 + X 2 0) +
                                                          (0 * (X 2 2 + X 0 0) +
                                                            (-1 • (0 * X 0 0) + (1 * 0 + 0 * -1 • X 1 0))))))) *
                                                  0 +
                                                ((1 * X 0 2 + (0 * (X 1 2 + X 2 1) + 0 * (-1 • X 1 1 + X 2 2))) * 1 +
                                                  (-1 • (1 * (X 1 0 + X 0 1)) +
                                                      (1 * X 0 1 +
                                                        (0 * (X 2 2 + X 0 0) +
                                                          (0 * (X 0 2 + X 2 0) +
                                                            (0 * X 1 1 +
                                                              (1 * -1 • X 0 1 +
                                                                (0 * (-1 • X 1 1 + X 2 2) +
                                                                  (0 * (-1 • X 1 2 + -1 • X 2 1) +
                                                                    (-1 • (0 * (X 1 1 + X 0 0)) +
                                                                      (-1 • (0 * X 0 2) + -1 • (0 * X 2 2))))))))))) *
                                                    0)))))))))))))))))))))) =
    1 * (X 1 2 + (X 0 2 * 0 + (X 0 1 * 0 + X 0 0 * 0))) +
      (0 * (X 0 2 + (X 1 2 * 0 + (X 1 0 * 0 + X 1 1 * 0))) +
        (0 * (X 2 1 * 0 + (X 2 0 * 0 + X 2 2 * 0)) +
          ((0 * X 2 0 + (0 * X 1 0 + (X 2 1 + 0 * X 0 0))) * 1 +
            ((0 * X 2 1 + (0 * X 0 1 + (X 2 0 + 0 * X 1 1))) * 0 +
              ((0 * X 1 2 + (0 * X 0 2 + 0 * X 2 2)) * 0 +
                (-1 • (0 * (X 2 2 + (X 0 0 * 1 + (X 0 1 * 0 + X 0 2 * 0)))) +
                  (-1 • (0 * (X 1 0 * 1 + (X 1 1 * 0 + X 1 2 * 0))) +
                    (-1 • (0 * (X 2 0 * 1 + (X 0 2 + (X 2 1 * 0 + X 2 2 * 0)))) +
                      (-1 • ((1 * X 0 0 + (0 * X 1 0 + (0 * X 2 0 + X 2 2))) * 0) +
                        (-1 • ((0 * X 2 1 + (1 * X 0 1 + 0 * X 1 1)) * 0) +
                          -1 • ((1 * X 0 2 + (0 * X 1 2 + (0 * X 2 2 + X 2 0))) * 0)))))))))))

real	5m45.775s
user	5m26.751s
sys	0m9.182s
EXIT 1
