════════════════════════════════════════════════════════════════
 phys-lean GATE-FAST (per-node) — HEAD 0e8c52a — diff base 41a92c6
════════════════════════════════════════════════════════════════
── diff vs 41a92c6 ──
    M	Audits/AxiomAudit.lean
    A	Counterexamples/ComplexStructureVacuityCostume.lean
    M	Phys.lean
    A	Phys/Quantum/ComplexStructure.lean
    M	docs/LEDGER.md
    M	scripts/costume_manifest.tsv
    A	workbench/N390-arc-i-consolidation/audit390.out
    A	workbench/N390-arc-i-consolidation/gate.log
    A	workbench/N391-primitive-fibre/gate.log
    A	workbench/N392-complex-structure/audit392.lean
    A	workbench/N392-complex-structure/audit392.out
    A	workbench/N392-complex-structure/probe1.lean
── (leaf commit: append-only; fast path is equivalent to full for HEAD 0e8c52a) ──
── D0: zero-axiom policy ──
ok: zero axiom declarations
── D1: no sorry / admit ──
ok: no sorry / admit
── D2: no native_decide ──
ok: no native_decide
── D3: NO BRIDGE / NO RESIDUAL (STANDARD §0,§1) ──
ok: no bridge/residual markers
── D4: build ──
ok: Phys builds
── D5-fast: newly-added costume(s) must bite ──
    ok    C417  Counterexamples/ComplexStructureVacuityCostume.lean  rejected at the math field
    ---
    costume battery: 1/1 passed, 0 failed (parallel x8)
ok: new costume(s) bite at the math field
── D6-fast: newly-added AxiomAudit lines foundations-only ──
ok: 12 newly-banked decls foundations-only
════════════════════════════════════════════════════════════════
GATE-FAST: PASSED  (necessary, NOT sufficient — now apply docs/STANDARD.md:
           unbroken / complete / physics-words-removable. Gate-green ≠ done.)
           The frozen history is re-verified async by the 3-hourly gate-full.
