════════════════════════════════════════════════════════════════
 phys-lean GATE-FAST (per-node) — HEAD 7e04860 — diff base 208d42b
════════════════════════════════════════════════════════════════
── diff vs 208d42b ──
    M	Audits/AxiomAudit.lean
    A	Counterexamples/TowerGatherInducedColourRepWrongValueCostume.lean
    M	Phys.lean
    A	Phys/Algebra/TowerGatherInducedColourRep.lean
    M	scripts/costume_manifest.tsv
    A	workbench/N248-induced-colour-rep/PREREG.md
    A	workbench/N248-induced-colour-rep/axiom_check.lean
    A	workbench/N248-induced-colour-rep/probe_commute.lean
    A	workbench/N248-induced-colour-rep/probe_core.lean
    A	workbench/N248-induced-colour-rep/probe_ker.lean
    A	workbench/N248-induced-colour-rep/probe_levers.lean
    A	workbench/N248-induced-colour-rep/probe_liehom.lean
    A	workbench/N248-induced-colour-rep/probe_nontrivial.lean
    A	workbench/N248-induced-colour-rep/probe_vsub.lean
── (leaf commit: append-only; fast path is equivalent to full for HEAD 7e04860) ──
── D0: zero-axiom policy ──
ok: zero axiom declarations
── D1: no sorry / admit ──
ok: no sorry / admit
── D2: no native_decide ──
ok: no native_decide
── D3: NO BRIDGE / NO RESIDUAL (STANDARD §0,§1) ──
ok: no bridge/residual markers
── D4: build ──
ok: Phys builds
── D5-fast: newly-added costume(s) must bite ──
    ok    C279  Counterexamples/TowerGatherInducedColourRepWrongValueCostume.lean  rejected at the math field
    ---
    costume battery: 1/1 passed, 0 failed (parallel x8)
ok: new costume(s) bite at the math field
── D6-fast: newly-added AxiomAudit lines foundations-only ──
ok: 12 newly-banked decls foundations-only
════════════════════════════════════════════════════════════════
GATE-FAST: PASSED  (necessary, NOT sufficient — now apply docs/STANDARD.md:
           unbroken / complete / physics-words-removable. Gate-green ≠ done.)
           The frozen history is re-verified async by the 3-hourly gate-full.
