════════════════════════════════════════════════════════════════
 phys-lean GATE-FAST (per-node) — HEAD 0e93b4c — diff base 1bb155b
════════════════════════════════════════════════════════════════
── diff vs 1bb155b ──
    M	Audits/AxiomAudit.lean
    A	Counterexamples/EquivalenceNoetherVacuityCostume.lean
    M	Phys.lean
    A	Phys/Algebra/EquivalenceNoether.lean
    M	docs/LEDGER.md
    M	scripts/costume_manifest.tsv
── (leaf commit: append-only; fast path is equivalent to full for HEAD 0e93b4c) ──
── D0: zero-axiom policy ──
ok: zero axiom declarations
── D1: no sorry / admit ──
ok: no sorry / admit
── D2: no native_decide ──
ok: no native_decide
── D3: NO BRIDGE / NO RESIDUAL (STANDARD §0,§1) ──
ok: no bridge/residual markers
── D4: build ──
ok: Phys builds
── D5-fast: newly-added costume(s) must bite ──
    ok    C447  Counterexamples/EquivalenceNoetherVacuityCostume.lean  rejected at the math field
    ---
    costume battery: 1/1 passed, 0 failed (parallel x8)
ok: new costume(s) bite at the math field
── D6-fast: newly-added AxiomAudit lines foundations-only ──
GATE-FAST FAILING (D6-fast): audit errored:
/tmp/gatefast_audit_XXXX.lean:2:14: error(lean.unknownIdentifier): Unknown constant `Phys.Algebra.EquivNoether.genForm2`
/tmp/gatefast_audit_XXXX.lean:3:14: error(lean.unknownIdentifier): Unknown constant `Phys.Algebra.EquivNoether.massForm2`
/tmp/gatefast_audit_XXXX.lean:4:14: error(lean.unknownIdentifier): Unknown constant `Phys.Algebra.EquivNoether.massForm2_eq_Q4`
/tmp/gatefast_audit_XXXX.lean:5:14: error(lean.unknownIdentifier): Unknown constant `Phys.Algebra.EquivNoether.massForm2_eq_bForm4_diag`
/tmp/gatefast_audit_XXXX.lean:6:14: error(lean.unknownIdentifier): Unknown constant `Phys.Algebra.EquivNoether.IsPlaneBoostInvariant`
════════════════════════════════════════════════════════════════
GATE-FAST: FAILED
