════════════════════════════════════════════════════════════════
 phys-lean GATE-FAST (per-node) — HEAD db5e07f — diff base 36dfad7
════════════════════════════════════════════════════════════════
── diff vs 36dfad7 ──
    M	Audits/AxiomAudit.lean
    A	Counterexamples/PoincareMassEnergyVacuityCostume.lean
    M	Phys.lean
    A	Phys/Algebra/PoincareMassEnergy.lean
    M	docs/LEDGER.md
    M	scripts/costume_manifest.tsv
── (leaf commit: append-only; fast path is equivalent to full for HEAD db5e07f) ──
── D0: zero-axiom policy ──
ok: zero axiom declarations
── D1: no sorry / admit ──
ok: no sorry / admit
── D2: no native_decide ──
ok: no native_decide
── D3: NO BRIDGE / NO RESIDUAL (STANDARD §0,§1) ──
ok: no bridge/residual markers
── D4: build ──
ok: Phys builds
── D5-fast: newly-added costume(s) must bite ──
    ok    C445  Counterexamples/PoincareMassEnergyVacuityCostume.lean  rejected at the math field
    ---
    costume battery: 1/1 passed, 0 failed (parallel x8)
ok: new costume(s) bite at the math field
── D6-fast: newly-added AxiomAudit lines foundations-only ──
GATE-FAST FAILING (D6-fast): audit errored:
/tmp/gatefast_audit_XXXX.lean:2:14: error(lean.unknownIdentifier): Unknown constant `Phys.Algebra.IsQ4Isom`
/tmp/gatefast_audit_XXXX.lean:3:14: error(lean.unknownIdentifier): Unknown constant `Phys.Algebra.isQ4Isom_id`
/tmp/gatefast_audit_XXXX.lean:4:14: error(lean.unknownIdentifier): Unknown constant `Phys.Algebra.isQ4Isom_comp`
/tmp/gatefast_audit_XXXX.lean:5:14: error(lean.unknownIdentifier): Unknown constant `Phys.Algebra.q4IsomMonoid`
/tmp/gatefast_audit_XXXX.lean:6:14: error(lean.unknownIdentifier): Unknown constant `Phys.Algebra.boost4`
════════════════════════════════════════════════════════════════
GATE-FAST: FAILED
