════════════════════════════════════════════════════════════════
 phys-lean GATE-FAST (per-node) — HEAD 4c018a5 — diff base 1f234c1
════════════════════════════════════════════════════════════════
── diff vs 1f234c1 ──
    M	Audits/AxiomAudit.lean
    A	Counterexamples/TowerGatherSharedIsospinCartanWrongValueCostume.lean
    M	Phys.lean
    A	Phys/Algebra/TowerGatherSharedIsospinCartan.lean
    M	scripts/costume_manifest.tsv
── (leaf commit: append-only; fast path is equivalent to full for HEAD 4c018a5) ──
── D0: zero-axiom policy ──
ok: zero axiom declarations
── D1: no sorry / admit ──
ok: no sorry / admit
── D2: no native_decide ──
GATE-FAST FAILING (D2): native_decide:
Phys/Algebra/TowerGatherSharedIsospinCartan.lean:59:  `decide`/`native_decide`, NO proof-kernel `maxHeartbeats` raise (the `synthInstance` bump is
── D3: NO BRIDGE / NO RESIDUAL (STANDARD §0,§1) ──
ok: no bridge/residual markers
── D4: build ──
ok: Phys builds
── D5-fast: newly-added costume(s) must bite ──
    ok    C290  Counterexamples/TowerGatherSharedIsospinCartanWrongValueCostume.lean  rejected at the math field
    ---
    costume battery: 1/1 passed, 0 failed (parallel x8)
ok: new costume(s) bite at the math field
── D6-fast: newly-added AxiomAudit lines foundations-only ──
ok: 9 newly-banked decls foundations-only
════════════════════════════════════════════════════════════════
GATE-FAST: FAILED
