════════════════════════════════════════════════════════════════
 phys-lean GATE-FAST (per-node) — HEAD a479de1 — diff base dc312f4
════════════════════════════════════════════════════════════════
── diff vs dc312f4 ──
    M	Audits/AxiomAudit.lean
    M	Phys/Algebra/GatherFoldGroundGenerativity.lean
    M	docs/ROADMAP.md
    M	docs/SEED_COMPLETION_SWEEP.md
    M	docs/SEED_FINAL_RECKONING.md
    A	docs/SEED_OWED_FACES.md
    A	workbench/N414/gate.out
════════════════════════════════════════════════════════════════
 ⚠ FROZEN-TOUCH DETECTED — fast path is NOT equivalent to full.
 Escalating to the canonical FULL building gate (scripts/gate.sh).
 Trigger:
    M	Phys/Algebra/GatherFoldGroundGenerativity.lean
════════════════════════════════════════════════════════════════
════════════════════════════════════════════════════════════════
 phys-lean GATE — enforcing docs/STANDARD.md
════════════════════════════════════════════════════════════════
── D0: zero-axiom policy ──
ok: zero axiom declarations
── D1: no sorry / admit ──
ok: no sorry / admit
── D2: no native_decide ──
ok: no native_decide
── D3: NO BRIDGE / NO RESIDUAL (STANDARD §0,§1) ──
ok: no bridge/residual markers — the chain claims only what it proves
── D4: build ──
ok: Phys aggregator + all modules build
── D5: costume battery (every garbage witness MUST be rejected) ──
GATE EXIT: 143
