════════════════════════════════════════════════════════════════
 phys-lean GATE-FAST (per-node) — HEAD f1791c9 — diff base 4307929
════════════════════════════════════════════════════════════════
── diff vs 4307929 ──
    M	Audits/AxiomAudit.lean
    A	Counterexamples/CabibboMixingNumericVacuityCostume.lean
    M	Phys.lean
    A	Phys/Algebra/CabibboMixingNumeric.lean
    M	docs/LEDGER.md
    M	scripts/costume_manifest.tsv
    A	workbench/C2-leading-angle/AxCheck.lean
    A	workbench/C2-leading-angle/NOTE.md
    A	workbench/C2-leading-angle/PREREG.md
    A	workbench/C2-leading-angle/brackets.py
    A	workbench/C2-leading-angle/design.py
    A	workbench/C2-leading-angle/design_full.py
    A	workbench/C2-leading-angle/exact_check.py
    A	workbench/C2-leading-angle/final_brackets.py
    A	workbench/C2-leading-angle/fix_prod.py
    A	workbench/C2-leading-angle/ledger_row.txt
    A	workbench/C2-leading-angle/rho_brackets.py
── (leaf commit: append-only; fast path is equivalent to full for HEAD f1791c9) ──
── D0: zero-axiom policy ──
ok: zero axiom declarations
── D1: no sorry / admit ──
ok: no sorry / admit
── D2: no native_decide ──
ok: no native_decide
── D3: NO BRIDGE / NO RESIDUAL (STANDARD §0,§1) ──
ok: no bridge/residual markers
── D4: build ──
ok: Phys builds
── D5-fast: newly-added costume(s) must bite ──
    ok    C556  Counterexamples/CabibboMixingNumericVacuityCostume.lean  rejected at the math field
    ---
    costume battery: 1/1 passed, 0 failed (parallel x8)
ok: new costume(s) bite at the math field
── D6-fast: newly-added AxiomAudit lines foundations-only ──
ok: 17 newly-banked decls foundations-only
════════════════════════════════════════════════════════════════
GATE-FAST: PASSED  (necessary, NOT sufficient — now apply docs/STANDARD.md:
           unbroken / complete / physics-words-removable. Gate-green ≠ done.)
           The frozen history is re-verified async by the 3-hourly gate-full.
GATE-FAST EXIT: 0
