════════════════════════════════════════════════════════════════
 phys-lean GATE-FAST (per-node) — HEAD eca9d1f — diff base 0868517
════════════════════════════════════════════════════════════════
── diff vs 0868517 ──
    M	Audits/AxiomAudit.lean
    A	Counterexamples/ComposedFreezeoutDissolvedVacuityCostume.lean
    M	Phys.lean
    A	Phys/Algebra/ComposedFreezeoutDissolved.lean
    M	docs/LEDGER.md
    M	scripts/costume_manifest.tsv
    A	workbench/D8-succ-downconf/PREREG_renarrow.md
    A	workbench/D8-succ-downconf/Probe4.lean
    A	workbench/D8-succ-downconf/audit_block_cfd.txt
    A	workbench/D8-succ-downconf/full_compose.py
    A	workbench/D8-succ-downconf/ledger_row_cfd.txt
    A	workbench/D8-succ-downconf/renarrow_aim.py
    A	workbench/D8-succ-downconf/seam.py
    A	workbench/D8-succ-downconf/survey.py
── (leaf commit: append-only; fast path is equivalent to full for HEAD eca9d1f) ──
── D0: zero-axiom policy ──
ok: zero axiom declarations
── D1: no sorry / admit ──
ok: no sorry / admit
── D2: no native_decide ──
ok: no native_decide
── D3: NO BRIDGE / NO RESIDUAL (STANDARD §0,§1) ──
ok: no bridge/residual markers
── D4: build ──
ok: Phys builds
── D5-fast: newly-added costume(s) must bite ──
    ok    C542  Counterexamples/ComposedFreezeoutDissolvedVacuityCostume.lean  rejected at the math field
    ---
    costume battery: 1/1 passed, 0 failed (parallel x8)
ok: new costume(s) bite at the math field
── D6-fast: newly-added AxiomAudit lines foundations-only ──
ok: 14 newly-banked decls foundations-only
════════════════════════════════════════════════════════════════
GATE-FAST: PASSED  (necessary, NOT sufficient — now apply docs/STANDARD.md:
           unbroken / complete / physics-words-removable. Gate-green ≠ done.)
           The frozen history is re-verified async by the 3-hourly gate-full.
