════════════════════════════════════════════════════════════════
 phys-lean GATE-FAST (per-node) — HEAD 1e3a33c — diff base 982530f
════════════════════════════════════════════════════════════════
── diff vs 982530f ──
    M	Audits/AxiomAudit.lean
    A	Counterexamples/CPInvariantDichotomyNumericVacuityCostume.lean
    M	Phys.lean
    A	Phys/Algebra/CPInvariantDichotomyNumeric.lean
    M	docs/LEDGER.md
    M	scripts/costume_manifest.tsv
    A	workbench/C4-cp-invariant/audit_block.txt
    A	workbench/C4-cp-invariant/audit_probe.lean
    A	workbench/C4-cp-invariant/check_chain.py
    A	workbench/C4-cp-invariant/ledger_row.txt
    A	workbench/C4-cp-invariant/probe_brackets.py
    A	workbench/C4-cp-invariant/probe_final.py
── (leaf commit: append-only; fast path is equivalent to full for HEAD 1e3a33c) ──
── D0: zero-axiom policy ──
ok: zero axiom declarations
── D1: no sorry / admit ──
ok: no sorry / admit
── D2: no native_decide ──
ok: no native_decide
── D3: NO BRIDGE / NO RESIDUAL (STANDARD §0,§1) ──
ok: no bridge/residual markers
── D4: build ──
ok: Phys builds
── D5-fast: newly-added costume(s) must bite ──
    ok    C558  Counterexamples/CPInvariantDichotomyNumericVacuityCostume.lean  rejected at the math field
    ---
    costume battery: 1/1 passed, 0 failed (parallel x8)
ok: new costume(s) bite at the math field
── D6-fast: newly-added AxiomAudit lines foundations-only ──
ok: 25 newly-banked decls foundations-only
════════════════════════════════════════════════════════════════
GATE-FAST: PASSED  (necessary, NOT sufficient — now apply docs/STANDARD.md:
           unbroken / complete / physics-words-removable. Gate-green ≠ done.)
           The frozen history is re-verified async by the 3-hourly gate-full.
