════════════════════════════════════════════════════════════════
 phys-lean GATE-FAST (per-node) — HEAD f37d9b2 — diff base 9637c62
════════════════════════════════════════════════════════════════
── diff vs 9637c62 ──
    M	Audits/AxiomAudit.lean
    A	Counterexamples/JoinContentVacuityCostume.lean
    M	Phys.lean
    A	Phys/Algebra/JoinContent.lean
    M	docs/LEDGER.md
    M	scripts/costume_manifest.tsv
── (leaf commit: append-only; fast path is equivalent to full for HEAD f37d9b2) ──
── D0: zero-axiom policy ──
ok: zero axiom declarations
── D1: no sorry / admit ──
ok: no sorry / admit
── D2: no native_decide ──
ok: no native_decide
── D3: NO BRIDGE / NO RESIDUAL (STANDARD §0,§1) ──
ok: no bridge/residual markers
── D4: build ──
ok: Phys builds
── D5-fast: newly-added costume(s) must bite ──
    ok    C531  Counterexamples/JoinContentVacuityCostume.lean  rejected at the math field
    ---
    costume battery: 1/1 passed, 0 failed (parallel x8)
ok: new costume(s) bite at the math field
── D6-fast: newly-added AxiomAudit lines foundations-only ──
ok: 17 newly-banked decls foundations-only
════════════════════════════════════════════════════════════════
GATE-FAST: PASSED  (necessary, NOT sufficient — now apply docs/STANDARD.md:
           unbroken / complete / physics-words-removable. Gate-green ≠ done.)
           The frozen history is re-verified async by the 3-hourly gate-full.
GATEFAST_EXIT 0
