════════════════════════════════════════════════════════════════
 phys-lean GATE-FAST (per-node) — HEAD 5378f1c — diff base 504748b
════════════════════════════════════════════════════════════════
── diff vs 504748b ──
    M	Audits/AxiomAudit.lean
    A	Counterexamples/NarrowedBracket2VacuityCostume.lean
    M	Phys.lean
    A	Phys/Algebra/NarrowedBracket2.lean
    M	docs/LEDGER.md
    M	docs/ROADMAP.md
    M	scripts/costume_manifest.tsv
    A	workbench/D5b-narrowing/ProbeCos.lean
    A	workbench/D5b-narrowing/ProbeCos2.lean
    A	workbench/D5b-narrowing/ProbeLog.lean
    A	workbench/D5b-narrowing/ProbeLog2.lean
    A	workbench/D5b-narrowing/ProbeLogHi.lean
    A	workbench/D5b-narrowing/aim.py
    A	workbench/D5b-narrowing/aim2.py
    A	workbench/D5b-narrowing/aim3.py
    A	workbench/D5b-narrowing/aim4.py
    A	workbench/D5b-narrowing/aim5.py
    A	workbench/D5b-narrowing/aim6.py
    A	workbench/D5b-narrowing/audit_check.lean
    A	workbench/D5b-narrowing/audit_check2.lean
    A	workbench/D5b-narrowing/exact.py
    A	workbench/D5b-narrowing/final.py
    A	workbench/D5b-narrowing/ledger_row.md
    A	workbench/D5b-narrowing/ledger_row2.md
    A	workbench/D5b-narrowing/verify.py
── (leaf commit: append-only; fast path is equivalent to full for HEAD 5378f1c) ──
── D0: zero-axiom policy ──
ok: zero axiom declarations
── D1: no sorry / admit ──
ok: no sorry / admit
── D2: no native_decide ──
ok: no native_decide
── D3: NO BRIDGE / NO RESIDUAL (STANDARD §0,§1) ──
ok: no bridge/residual markers
── D4: build ──
ok: Phys builds
── D5-fast: newly-added costume(s) must bite ──
    ok    C509  Counterexamples/NarrowedBracket2VacuityCostume.lean  rejected at the math field
    ---
    costume battery: 1/1 passed, 0 failed (parallel x8)
ok: new costume(s) bite at the math field
── D6-fast: newly-added AxiomAudit lines foundations-only ──
ok: 19 newly-banked decls foundations-only
════════════════════════════════════════════════════════════════
GATE-FAST: PASSED  (necessary, NOT sufficient — now apply docs/STANDARD.md:
           unbroken / complete / physics-words-removable. Gate-green ≠ done.)
           The frozen history is re-verified async by the 3-hourly gate-full.
