════════════════════════════════════════════════════════════════
 phys-lean GATE-FAST (per-node) — HEAD 7e6d1f9 — diff base 9da0376
════════════════════════════════════════════════════════════════
── diff vs 9da0376 ──
    M	Audits/AxiomAudit.lean
    A	Counterexamples/NarrowedBracket6VacuityCostume.lean
    M	Phys.lean
    A	Phys/Algebra/NarrowedBracket6.lean
    M	docs/LEDGER.md
    M	docs/ROADMAP.md
    A	docs/gate-logs/D5-next-4-gate.log
    A	docs/gate-logs/D5-next-5-gate.log
    M	scripts/costume_manifest.tsv
    A	workbench/D5c-narrowing/ProbeCutLog.lean
    A	workbench/D5c-narrowing/ProbeD6.lean
    A	workbench/D5c-narrowing/ProbeDouble.lean
    A	workbench/D5c-narrowing/ProbeTight.lean
    A	workbench/D5c-narrowing/ProbeUpper.lean
    A	workbench/D5c-narrowing/audit_block.txt
    A	workbench/D5c-narrowing/calc1.py
    A	workbench/D5c-narrowing/calc10.py
    A	workbench/D5c-narrowing/calc11.py
    A	workbench/D5c-narrowing/calc12.py
    A	workbench/D5c-narrowing/calc13.py
    A	workbench/D5c-narrowing/calc14.py
    A	workbench/D5c-narrowing/calc15.py
    A	workbench/D5c-narrowing/calc16.py
    A	workbench/D5c-narrowing/calc2.py
    A	workbench/D5c-narrowing/calc3.py
    A	workbench/D5c-narrowing/calc4.py
    A	workbench/D5c-narrowing/calc5.py
    A	workbench/D5c-narrowing/calc6.py
    A	workbench/D5c-narrowing/calc7.py
    A	workbench/D5c-narrowing/calc8.py
    A	workbench/D5c-narrowing/calc9.py
    A	workbench/D5c-narrowing/ledger_row5.md
── (leaf commit: append-only; fast path is equivalent to full for HEAD 7e6d1f9) ──
── D0: zero-axiom policy ──
ok: zero axiom declarations
── D1: no sorry / admit ──
ok: no sorry / admit
── D2: no native_decide ──
ok: no native_decide
── D3: NO BRIDGE / NO RESIDUAL (STANDARD §0,§1) ──
ok: no bridge/residual markers
── D4: build ──
ok: Phys builds
── D5-fast: newly-added costume(s) must bite ──
    ok    C513  Counterexamples/NarrowedBracket6VacuityCostume.lean  rejected at the math field
    ---
    costume battery: 1/1 passed, 0 failed (parallel x8)
ok: new costume(s) bite at the math field
── D6-fast: newly-added AxiomAudit lines foundations-only ──
ok: 22 newly-banked decls foundations-only
════════════════════════════════════════════════════════════════
GATE-FAST: PASSED  (necessary, NOT sufficient — now apply docs/STANDARD.md:
           unbroken / complete / physics-words-removable. Gate-green ≠ done.)
           The frozen history is re-verified async by the 3-hourly gate-full.
