════════════════════════════════════════════════════════════════
 phys-lean GATE-FAST (per-node) — HEAD 01a4874 — diff base 1d4e839
════════════════════════════════════════════════════════════════
── diff vs 1d4e839 ──
    M	Audits/AxiomAudit.lean
    A	Counterexamples/FreezeoutReweightingBoundedVacuityCostume.lean
    M	Phys.lean
    A	Phys/Algebra/FreezeoutReweightingBounded.lean
    M	docs/LEDGER.md
    M	scripts/costume_manifest.tsv
    A	workbench/D8-succ-downconf/AuditReweight.lean
    A	workbench/D8-succ-downconf/NOTE_reweight.md
    A	workbench/D8-succ-downconf/PREREG_reweight.md
    A	workbench/D8-succ-downconf/ReweightProbe.lean
    A	workbench/D8-succ-downconf/ReweightProbe2.lean
    A	workbench/D8-succ-downconf/ledger_row_frb.txt
    A	workbench/D8-succ-downconf/reweight_magnitude.py
── (leaf commit: append-only; fast path is equivalent to full for HEAD 01a4874) ──
── D0: zero-axiom policy ──
ok: zero axiom declarations
── D1: no sorry / admit ──
ok: no sorry / admit
── D2: no native_decide ──
ok: no native_decide
── D3: NO BRIDGE / NO RESIDUAL (STANDARD §0,§1) ──
ok: no bridge/residual markers
── D4: build ──
ok: Phys builds
── D5-fast: newly-added costume(s) must bite ──
    ok    C545  Counterexamples/FreezeoutReweightingBoundedVacuityCostume.lean  rejected at the math field
    ---
    costume battery: 1/1 passed, 0 failed (parallel x8)
ok: new costume(s) bite at the math field
── D6-fast: newly-added AxiomAudit lines foundations-only ──
ok: 12 newly-banked decls foundations-only
════════════════════════════════════════════════════════════════
GATE-FAST: PASSED  (necessary, NOT sufficient — now apply docs/STANDARD.md:
           unbroken / complete / physics-words-removable. Gate-green ≠ done.)
           The frozen history is re-verified async by the 3-hourly gate-full.
