════════════════════════════════════════════════════════════════
 phys-lean GATE-FAST (per-node) — HEAD f19e4f8 — diff base ba64f7e
════════════════════════════════════════════════════════════════
── diff vs ba64f7e ──
    M	Audits/AxiomAudit.lean
    A	Counterexamples/GenerationEdgeBornSurvivalVacuityCostume.lean
    M	Phys.lean
    A	Phys/Algebra/OctonionJordanGenerationEdgeBornSurvival.lean
    M	docs/LEDGER.md
    M	docs/ROADMAP.md
    M	scripts/costume_manifest.tsv
    A	workbench/quark-holonomy-r2/PREREG.md
    A	workbench/quark-holonomy-r2/Probe1.lean
── (leaf commit: append-only; fast path is equivalent to full for HEAD f19e4f8) ──
── D0: zero-axiom policy ──
ok: zero axiom declarations
── D1: no sorry / admit ──
ok: no sorry / admit
── D2: no native_decide ──
ok: no native_decide
── D3: NO BRIDGE / NO RESIDUAL (STANDARD §0,§1) ──
ok: no bridge/residual markers
── D4: build ──
ok: Phys builds
── D5-fast: newly-added costume(s) must bite ──
    ok    C524  Counterexamples/GenerationEdgeBornSurvivalVacuityCostume.lean  rejected at the math field
    ---
    costume battery: 1/1 passed, 0 failed (parallel x8)
ok: new costume(s) bite at the math field
── D6-fast: newly-added AxiomAudit lines foundations-only ──
ok: 9 newly-banked decls foundations-only
════════════════════════════════════════════════════════════════
GATE-FAST: PASSED  (necessary, NOT sufficient — now apply docs/STANDARD.md:
           unbroken / complete / physics-words-removable. Gate-green ≠ done.)
           The frozen history is re-verified async by the 3-hourly gate-full.
