════════════════════════════════════════════════════════════════
 phys-lean GATE-FAST (per-node) — HEAD 8fba7fc — diff base 846d691
════════════════════════════════════════════════════════════════
── diff vs 846d691 ──
    M	Audits/AxiomAudit.lean
    A	Counterexamples/IsospinAntiScreeningCrossNormVacuityCostume.lean
    M	Phys.lean
    A	Phys/Algebra/IsospinAntiScreeningCrossNorm.lean
    M	scripts/costume_manifest.tsv
    A	workbench/D-renarrow/PREREG.md
    A	workbench/D-renarrow/RESULT.py
    A	workbench/D-renarrow/audit.lean
    A	workbench/D-renarrow/casimir_norm.py
    A	workbench/D-renarrow/cross_norm.py
    A	workbench/D-renarrow/derive_s.py
    A	workbench/D-renarrow/magnitudes.py
    A	workbench/D-renarrow/spread_exact.py
── (leaf commit: append-only; fast path is equivalent to full for HEAD 8fba7fc) ──
── D0: zero-axiom policy ──
ok: zero axiom declarations
── D1: no sorry / admit ──
ok: no sorry / admit
── D2: no native_decide ──
ok: no native_decide
── D3: NO BRIDGE / NO RESIDUAL (STANDARD §0,§1) ──
ok: no bridge/residual markers
── D4: build ──
ok: Phys builds
── D5-fast: newly-added costume(s) must bite ──
    ok    C534  Counterexamples/IsospinAntiScreeningCrossNormVacuityCostume.lean  rejected at the math field
    ---
    costume battery: 1/1 passed, 0 failed (parallel x8)
ok: new costume(s) bite at the math field
── D6-fast: newly-added AxiomAudit lines foundations-only ──
ok: 13 newly-banked decls foundations-only
════════════════════════════════════════════════════════════════
GATE-FAST: PASSED  (necessary, NOT sufficient — now apply docs/STANDARD.md:
           unbroken / complete / physics-words-removable. Gate-green ≠ done.)
           The frozen history is re-verified async by the 3-hourly gate-full.
