════════════════════════════════════════════════════════════════
 phys-lean GATE-FAST (per-node) — HEAD cc2b104 — diff base 7116caa
════════════════════════════════════════════════════════════════
── diff vs 7116caa ──
    M	Audits/AxiomAudit.lean
    A	Counterexamples/JoinSplitRatioDerivedVacuityCostume.lean
    M	Phys.lean
    A	Phys/Algebra/JoinSplitRatioDerived.lean
    M	docs/LEDGER.md
    M	scripts/costume_manifest.tsv
    A	workbench/D2d-join-ratio/PREREG.md
── (leaf commit: append-only; fast path is equivalent to full for HEAD cc2b104) ──
── D0: zero-axiom policy ──
ok: zero axiom declarations
── D1: no sorry / admit ──
ok: no sorry / admit
── D2: no native_decide ──
ok: no native_decide
── D3: NO BRIDGE / NO RESIDUAL (STANDARD §0,§1) ──
ok: no bridge/residual markers
── D4: build ──
ok: Phys builds
── D5-fast: newly-added costume(s) must bite ──
    ok    C538  Counterexamples/JoinSplitRatioDerivedVacuityCostume.lean  rejected at the math field
    ---
    costume battery: 1/1 passed, 0 failed (parallel x8)
ok: new costume(s) bite at the math field
── D6-fast: newly-added AxiomAudit lines foundations-only ──
ok: 13 newly-banked decls foundations-only
════════════════════════════════════════════════════════════════
GATE-FAST: PASSED  (necessary, NOT sufficient — now apply docs/STANDARD.md:
           unbroken / complete / physics-words-removable. Gate-green ≠ done.)
           The frozen history is re-verified async by the 3-hourly gate-full.
