════════════════════════════════════════════════════════════════
 phys-lean GATE-FAST (per-node) — HEAD 12f7fc6 — diff base 73436df
════════════════════════════════════════════════════════════════
── diff vs 73436df ──
    M	Audits/AxiomAudit.lean
    A	Counterexamples/LeadingComposedAssemblyVacuityCostume.lean
    M	Phys.lean
    A	Phys/Algebra/LeadingComposedAssembly.lean
    M	docs/LEDGER.md
    M	scripts/costume_manifest.tsv
    A	workbench/D8-succ-downconf/AuditLeading.lean
    A	workbench/D8-succ-downconf/LeadingComposeProbe.lean
    A	workbench/D8-succ-downconf/NOTE_leading.md
    A	workbench/D8-succ-downconf/PREREG_leading.md
    A	workbench/D8-succ-downconf/audit_block_lca.txt
    A	workbench/D8-succ-downconf/edges_signs.py
    A	workbench/D8-succ-downconf/leading_compose.py
    A	workbench/D8-succ-downconf/ledger_row_lca.txt
── (leaf commit: append-only; fast path is equivalent to full for HEAD 12f7fc6) ──
── D0: zero-axiom policy ──
ok: zero axiom declarations
── D1: no sorry / admit ──
ok: no sorry / admit
── D2: no native_decide ──
ok: no native_decide
── D3: NO BRIDGE / NO RESIDUAL (STANDARD §0,§1) ──
ok: no bridge/residual markers
── D4: build ──
ok: Phys builds
── D5-fast: newly-added costume(s) must bite ──
    ok    C544  Counterexamples/LeadingComposedAssemblyVacuityCostume.lean  rejected at the math field
    ---
    costume battery: 1/1 passed, 0 failed (parallel x8)
ok: new costume(s) bite at the math field
── D6-fast: newly-added AxiomAudit lines foundations-only ──
ok: 11 newly-banked decls foundations-only
════════════════════════════════════════════════════════════════
GATE-FAST: PASSED  (necessary, NOT sufficient — now apply docs/STANDARD.md:
           unbroken / complete / physics-words-removable. Gate-green ≠ done.)
           The frozen history is re-verified async by the 3-hourly gate-full.
