════════════════════════════════════════════════════════════════
 phys-lean GATE-FAST (per-node) — HEAD 25ebadc — diff base f6088e4
════════════════════════════════════════════════════════════════
── diff vs f6088e4 ──
    M	Audits/AxiomAudit.lean
    A	Counterexamples/LeptonMassNumeralsVacuityCostume.lean
    M	Phys.lean
    A	Phys/Algebra/LeptonMassNumerals.lean
    M	docs/LEDGER.md
    M	scripts/costume_manifest.tsv
    A	workbench/M2-lepton-numerals/NOTE.md
    A	workbench/M2-lepton-numerals/PREREG.md
    A	workbench/M2-lepton-numerals/ProbeCrux.lean
    A	workbench/M2-lepton-numerals/ProbeExp.lean
    A	workbench/M2-lepton-numerals/ProbeExp_scratch.lean
    A	workbench/M2-lepton-numerals/ProbePow.lean
    A	workbench/M2-lepton-numerals/design.py
    A	workbench/M2-lepton-numerals/design2.py
    A	workbench/M2-lepton-numerals/design_absmass.py
    A	workbench/M2-lepton-numerals/design_full.py
── (leaf commit: append-only; fast path is equivalent to full for HEAD 25ebadc) ──
── D0: zero-axiom policy ──
ok: zero axiom declarations
── D1: no sorry / admit ──
ok: no sorry / admit
── D2: no native_decide ──
ok: no native_decide
── D3: NO BRIDGE / NO RESIDUAL (STANDARD §0,§1) ──
ok: no bridge/residual markers
── D4: build ──
ok: Phys builds
── D5-fast: newly-added costume(s) must bite ──
    ok    C548  Counterexamples/LeptonMassNumeralsVacuityCostume.lean  rejected at the math field
    ---
    costume battery: 1/1 passed, 0 failed (parallel x8)
ok: new costume(s) bite at the math field
── D6-fast: newly-added AxiomAudit lines foundations-only ──
ok: 13 newly-banked decls foundations-only
════════════════════════════════════════════════════════════════
GATE-FAST: PASSED  (necessary, NOT sufficient — now apply docs/STANDARD.md:
           unbroken / complete / physics-words-removable. Gate-green ≠ done.)
           The frozen history is re-verified async by the 3-hourly gate-full.
