════════════════════════════════════════════════════════════════
 phys-lean GATE-FAST (per-node) — HEAD 13c4735 — diff base d521046
════════════════════════════════════════════════════════════════
── diff vs d521046 ──
    M	Audits/AxiomAudit.lean
    A	Counterexamples/OctonionJordanInnerMultiplicationTriangleWrongValueCostume.lean
    M	Phys.lean
    A	Phys/Algebra/OctonionJordanInnerMultiplicationTriangle.lean
    M	scripts/costume_manifest.tsv
    A	workbench/N275-select/PREREG.md
    A	workbench/N275-select/axcheck.log
    A	workbench/N275-select/axcheck_n275.lean
    A	workbench/N275-select/costume.log
    A	workbench/N275-select/lake_build.log
    A	workbench/N275-select/probe1_iso_complement.lean
    A	workbench/N275-select/probe2_crux.lean
    A	workbench/N275-select/probe3_sign.lean
    A	workbench/N275-select/probe4_maps.lean
    A	workbench/N275-select/probe5_swap01.lean
    A	workbench/N275-select/probe6.log
    A	workbench/N275-select/probe6_triangle.lean
    A	workbench/N275-select/probe7.log
    A	workbench/N275-select/probe7_ceiling.lean
    A	workbench/N275-select/probe7b.log
    A	workbench/N275-select/prod_build.log
    A	workbench/N275-select/prod_build2.log
── (leaf commit: append-only; fast path is equivalent to full for HEAD 13c4735) ──
── D0: zero-axiom policy ──
ok: zero axiom declarations
── D1: no sorry / admit ──
ok: no sorry / admit
── D2: no native_decide ──
ok: no native_decide
── D3: NO BRIDGE / NO RESIDUAL (STANDARD §0,§1) ──
ok: no bridge/residual markers
── D4: build ──
ok: Phys builds
── D5-fast: newly-added costume(s) must bite ──
    ok    C306  Counterexamples/OctonionJordanInnerMultiplicationTriangleWrongValueCostume.lean  rejected at the math field
    ---
    costume battery: 1/1 passed, 0 failed (parallel x8)
ok: new costume(s) bite at the math field
── D6-fast: newly-added AxiomAudit lines foundations-only ──
ok: 17 newly-banked decls foundations-only
════════════════════════════════════════════════════════════════
GATE-FAST: PASSED  (necessary, NOT sufficient — now apply docs/STANDARD.md:
           unbroken / complete / physics-words-removable. Gate-green ≠ done.)
           The frozen history is re-verified async by the 3-hourly gate-full.
GATE-EXIT: 0
