════════════════════════════════════════════════════════════════
 phys-lean GATE-FAST (per-node) — HEAD f1d74f9 — diff base f6228d1
════════════════════════════════════════════════════════════════
── diff vs f6228d1 ──
    M	Audits/AxiomAudit.lean
    A	Counterexamples/TowerWorldMapWeakDoubletLeftRegularWrongValueCostume.lean
    M	Phys.lean
    A	Phys/Algebra/TowerWorldMapWeakDoubletLeftRegular.lean
    M	docs/NODE_SELECTION.md
    A	docs/gate-logs/N263-gate.log
    A	docs/gate-logs/N267-gate.log
    M	scripts/costume_manifest.tsv
    A	workbench/.N254-finalize-lock/owner
    A	workbench/.N274-worker-lock/owner
    A	workbench/N254-forced-second-neutral/verify_ledger_artifact.py
    A	workbench/N255-select/PREREG.md
    A	workbench/N255-select/audit_check.lean
    A	workbench/N255-select/gate.log
    A	workbench/N255-select/probe_centralizer.py
    A	workbench/N255-select/probe_coord.lean
    A	workbench/N255-select/probe_costume.lean
    A	workbench/N255-select/probe_costume_coord.py
    A	workbench/N255-select/probe_gmn.py
    A	workbench/N255-select/probe_hypercharge.py
    A	workbench/N255-select/probe_identify_Y.py
    A	workbench/N255-select/probe_joint.py
    A	workbench/N255-select/probe_uniqueness_route.py
    A	workbench/N255-select/scratch_coord.lean
    A	workbench/N255-select/scratch_crux.lean
    A	workbench/N255-select/scratch_full.lean
    A	workbench/N255-select/scratch_inst.lean
    A	workbench/N255-select/scratch_inst2.lean
    A	workbench/N255-select/scratch_kappa.lean
    A	workbench/N255-select/scratch_nonzero.lean
    A	workbench/N255-select/ticket_body.txt
    A	workbench/N257-select/full_audit.out
    A	workbench/N257-select/full_audit_fixed.out
    A	workbench/N257-select/gate_final.log
    A	workbench/N257-select/iso_audit.lean
    A	workbench/N257-select/iso_audit22.lean
    A	workbench/N257-select/probe_QY_isometry.py
    A	workbench/N257-select/probe_neutral_geometry.py
    A	workbench/N257-select/probe_structure_matrices.py
    A	workbench/N257-select/scratch_bilinear_pieces.lean
    A	workbench/N257-select/scratch_bridge.lean
    A	workbench/N257-select/scratch_bundle.lean
    A	workbench/N257-select/scratch_full.lean
    A	workbench/N257-select/scratch_gform.lean
    A	workbench/N257-select/scratch_measure1.lean
    A	workbench/N257-select/scratch_reach.lean
    A	workbench/N261-select/scratch_assembly1.lean
    A	workbench/N261-select/scratch_crux2.lean
    A	workbench/N261-select/scratch_diag2.lean
    A	workbench/N261-select/scratch_diag3.lean
    A	workbench/N261-select/scratch_diag4.lean
    A	workbench/N261-select/scratch_diag5.lean
    A	workbench/N261-select/scratch_diag6.lean
    A	workbench/N261-select/scratch_diag7.lean
    A	workbench/N261-select/scratch_measure.lean
    A	workbench/N261-select/scratch_oq.lean
    A	workbench/N263-select/probe_bracket.lean
    A	workbench/N263-select/probe_crux.lean
    A	workbench/N263-select/probe_faithful.lean
    A	workbench/N263-select/probe_teeth.lean
    A	workbench/N263-select/set_child_retries.py
    A	workbench/N263-select/set_child_runtime.py
    A	workbench/N264-select/commitmsg.txt
    A	workbench/N264-select/ledger_row.txt
    A	workbench/N264-select/list.json
    A	workbench/N264-select/n265_body.txt
    A	workbench/N264-select/n265_show.json
    A	workbench/N264-select/n265b.json
    A	workbench/N264-select/probe_chirality_joint.lean
    A	workbench/N264-select/probe_link.lean
    A	workbench/N264-select/probe_mem.lean
    A	workbench/N264-select/probe_right_clifford.lean
    A	workbench/N264-select/probe_witness.lean
    A	workbench/N264-select/probe_witness2.lean
    A	workbench/N264-select/roadmap_section.txt
    A	workbench/N264-select/self_show.json
    A	workbench/N265-select/PREREG.md
    A	workbench/N265-select/audit.lean
    A	workbench/N265-select/ledger_row.txt
    A	workbench/N265-select/probe_boundary.lean
    A	workbench/N265-select/probe_complete.lean
    A	workbench/N265-select/probe_irreducible.lean
    A	workbench/N265-select/probe_nozerodiv.lean
    A	workbench/N266-select/PREREG.md
    A	workbench/N266-select/probe_directsum.lean
    A	workbench/N266-select/probe_finrank.lean
    A	workbench/N266-select/probe_matter_neutral.lean
    A	workbench/N266-select/probe_star_intertwine.lean
    A	workbench/N266-select/probe_subalg.lean
    A	workbench/N266-select/probe_subset.lean
    A	workbench/N267-select/PREREG.md
    A	workbench/N267-select/axcheck.lean
    A	workbench/N267-select/probe1_slots.lean
    A	workbench/N267-select/probe2_decomp.lean
    A	workbench/N268-select/PREREG.md
    A	workbench/N268-select/probe1_equivariance.lean
    A	workbench/N268-select/probe1b_equivariance.lean
    A	workbench/N268-select/probe2_jordan_derivation.lean
    A	workbench/N268-select/probe3_w8.lean
    A	workbench/N268-select/probe4_action.lean
    A	workbench/N268-select/probe5_val.lean
    A	workbench/N268-select/probe5b_val.lean
    A	workbench/N268-select/probe6_scan.lean
    A	workbench/N268-select/probe7_eval.lean
    A	workbench/N268-select/probe8_findval.lean
    A	workbench/N269-select/PREREG.md
    A	workbench/N269-select/TICKET_BODY.txt
    A	workbench/N269-select/probe_axcheck.lean
    A	workbench/N269-select/probe_cubicnorm_invariance.lean
    A	workbench/N269-select/probe_finite_aut.lean
    A	workbench/N269-select/set_n270_retries.py
    A	workbench/N269-select/set_n270_runtime.py
    A	workbench/N269-select/update_ticket.py
    A	workbench/N272-select/PREREG.md
    A	workbench/N272-select/audit.lean
    A	workbench/N272-select/probe_d11.lean
    A	workbench/N272-select/probe_diag.lean
    A	workbench/N272-select/probe_diag2.lean
    A	workbench/N272-select/probe_diag3.lean
    A	workbench/N272-select/probe_expose.lean
    A	workbench/N272-select/probe_intercopy.lean
    A	workbench/N272-select/probe_trace.lean
    A	workbench/N272-select/probe_trace2.lean
    A	workbench/N272-select/probe_trace3.lean
    A	workbench/N272-select/probe_trace4.lean
    A	workbench/N272-select/probe_trace5.lean
    A	workbench/N272-select/probe_witness.lean
    A	workbench/N273-select/audit.lean
    A	workbench/N273-select/probe1_frameperm.lean
    A	workbench/N273-select/probe2_forms.lean
    A	workbench/N273-select/probe3_orbit.lean
    A	workbench/N273-select/probe4_jN.lean
    A	workbench/N273-select/reaudit.lean
    A	workbench/N273-select/witness.lean
    A	workbench/N273-select/witness2.lean
    A	workbench/N273-select/witness3.lean
    A	workbench/N273-select/witness_min.lean
    A	workbench/N273-select/witness_pos.lean
    A	workbench/N274-select/PREREG.md
    A	workbench/N274-select/audit.lean
    A	workbench/N274-select/audit_N274.lean
    A	workbench/N274-select/audit_N274.out
    A	workbench/N274-select/build_iso.log
    A	workbench/N274-select/probe10.lean
    A	workbench/N274-select/probe10_build.log
    A	workbench/N274-select/probe12.lean
    A	workbench/N274-select/probe13.lean
    A	workbench/N274-select/probe14.lean
    A	workbench/N274-select/probe15.lean
    A	workbench/N274-select/probe16.lean
    A	workbench/N274-select/probe17.lean
    A	workbench/N274-select/probe18.lean
    A	workbench/N274-select/probe19.lean
    A	workbench/N274-select/probe1_Lmul.lean
    A	workbench/N274-select/probe20.lean
    A	workbench/N274-select/probe21.lean
    A	workbench/N274-select/probe22.lean
    A	workbench/N274-select/probe23.lean
    A	workbench/N274-select/probe2_innerMul.lean
    A	workbench/N274-select/probe3_entry.lean
    A	workbench/N274-select/probe4_linmap.lean
    A	workbench/N274-select/probe5_full.lean
    A	workbench/N274-select/probe7_full.lean
    A	workbench/N274-select/probe_assemble.lean
    A	workbench/N274-select/probe_cells.lean
    A	workbench/N274-select/probe_cells2.lean
    A	workbench/N274-select/probe_cells2_build.log
    A	workbench/N274-select/probe_cells_build.log
    A	workbench/N274-select/probe_coord.lean
    A	workbench/N274-select/probe_coord_build.log
    A	workbench/N274-select/probe_costume.lean
    A	workbench/N274-select/probe_debug.lean
    A	workbench/N274-select/probe_debug2.lean
    A	workbench/N274-select/probe_debug3.lean
    A	workbench/N274-select/probe_e01.lean
    A	workbench/N274-select/probe_e01_build.log
    A	workbench/N274-select/probe_entries.lean
    A	workbench/N274-select/probe_entries_build.log
    A	workbench/N274-select/probe_headline.lean
    A	workbench/N274-select/probe_headline_build.log
    A	workbench/N274-select/probe_helpers.lean
    A	workbench/N274-select/probe_helpers_build.log
    A	workbench/N274-select/probe_iso.lean
    A	workbench/N274-select/probe_iso_build.log
    A	workbench/N274-select/probe_lmul_qmod.lean
    A	workbench/N274-select/probe_optionB.lean
    A	workbench/N274-select/probe_perentry.lean
    A	workbench/N274-select/probe_pieces.lean
    A	workbench/N274-select/probe_qmod_lmul.lean
    A	workbench/N274-select/probe_struct.lean
    A	workbench/N274-select/probe_struct2.lean
    A	workbench/N274-select/probe_struct2_build.log
    A	workbench/N274-select/probe_struct_build.log
    A	workbench/N274-select/probe_structural.lean
    A	workbench/N274-select/probe_whole.lean
    A	workbench/N274-select/probe_whole2.lean
    A	workbench/N274-select/probe_whole2_build.log
    A	workbench/N274-select/probe_whole3.lean
    A	workbench/N274-select/probe_whole3_build.log
    A	workbench/N274-select/probe_whole_build.log
    A	workbench/N274-select/probe_zero.lean
    A	workbench/N274-select/probe_zeros.lean
    A	workbench/N274-select/probe_zeros_build.log
    A	workbench/N274-select/stray/ProbeN274_17.lean
    A	workbench/N274-select/stray/ProbeN274_2.lean
    A	workbench/N276-select/PREREG.md
    A	workbench/N276-select/audit.lean
    A	workbench/N276-select/audit.out
    A	workbench/N276-select/probe1.lean
    A	workbench/N276-select/probe2.lean
    A	workbench/N276-select/probe3.lean
    A	workbench/N276-select/probe4.lean
    A	workbench/N276-select/probe5.lean
    A	workbench/N276-select/probe_assoc.py
    A	workbench/N276-select/probe_blocks.py
    A	workbench/N276-select/probe_joint.py
    A	workbench/N276-select/probe_su2.py
    A	workbench/N277-select/act.py
    A	workbench/N277-select/audit.out
    A	workbench/N277-select/audit_append.txt
    A	workbench/N277-select/gate.log
    A	workbench/N277-select/mini_audit.lean
    A	workbench/N277-select/mini_audit.out
    A	workbench/N277-select/probe_casimir.lean
    A	workbench/N277-select/probe_dk_casimir.lean
    A	workbench/N277-select/probe_irred.py
    A	workbench/N277-select/probe_irred_lean.lean
    A	workbench/N277-select/probe_kap.lean
    A	workbench/N277-select/probe_kap2.lean
    A	workbench/N277-select/probe_scope.lean
    A	workbench/N277-select/probe_spine.lean
    A	workbench/N277-select/probe_su2_irreps.py
    A	workbench/N277-select/probe_verify.py
    A	workbench/N278-select/PREREG.md
    A	workbench/N278-select/mini_audit.lean
    A	workbench/N278-select/mini_audit.out
    A	workbench/N278-select/probe_costume.lean
    A	workbench/N278-select/probe_doubling.lean
    A	workbench/N278-select/probe_hyperOp.lean
    A	workbench/N279-select/PREREG.md
    A	workbench/N279-select/mini_audit.out
    A	workbench/N279-select/probe_QTY.py
    A	workbench/N279-select/probe_QY_identity.py
    A	workbench/N279-select/probe_carrier_cs.py
    A	workbench/N279-select/probe_carrier_isospin.py
    A	workbench/N279-select/probe_confirm.py
    A	workbench/N279-select/probe_doublet.py
    A	workbench/N279-select/probe_doublet2.py
    A	workbench/N279-select/probe_doublet3.py
    A	workbench/N279-select/probe_final.py
    A	workbench/N279-select/probe_gmn_carrier.py
    A	workbench/N279-select/probe_mixing.py
    A	workbench/N279-select/probe_parity.py
    A	workbench/N279-select/probe_scratch.lean
    A	workbench/N279-select/probe_scratch2.lean
    A	workbench/N279-select/probe_structure.py
── (leaf commit: append-only; fast path is equivalent to full for HEAD f1d74f9) ──
── D0: zero-axiom policy ──
ok: zero axiom declarations
── D1: no sorry / admit ──
ok: no sorry / admit
── D2: no native_decide ──
ok: no native_decide
── D3: NO BRIDGE / NO RESIDUAL (STANDARD §0,§1) ──
ok: no bridge/residual markers
── D4: build ──
ok: Phys builds
── D5-fast: newly-added costume(s) must bite ──
    ok    C310  Counterexamples/TowerWorldMapWeakDoubletLeftRegularWrongValueCostume.lean  rejected at the math field
    ---
    costume battery: 1/1 passed, 0 failed (parallel x8)
ok: new costume(s) bite at the math field
── D6-fast: newly-added AxiomAudit lines foundations-only ──
ok: 17 newly-banked decls foundations-only
════════════════════════════════════════════════════════════════
GATE-FAST: PASSED  (necessary, NOT sufficient — now apply docs/STANDARD.md:
           unbroken / complete / physics-words-removable. Gate-green ≠ done.)
           The frozen history is re-verified async by the 3-hourly gate-full.
