════════════════════════════════════════════════════════════════
 phys-lean GATE-FAST (per-node) — HEAD 039cc48 — diff base 633a5fb
════════════════════════════════════════════════════════════════
── diff vs 633a5fb ──
    M	Audits/AxiomAudit.lean
    A	Counterexamples/TowerWorldMapWeakDoubletTwoHandedSO4WrongValueCostume.lean
    M	Phys.lean
    A	Phys/Algebra/TowerWorldMapWeakDoubletTwoHandedSO4.lean
    M	scripts/costume_manifest.tsv
    A	workbench/N280-select/audit.lean
    A	workbench/N280-select/audit.out
    A	workbench/N280-select/probe_ew.lean
    A	workbench/N280-select/probe_grading.lean
    A	workbench/N280-select/probe_indep.lean
    A	workbench/N280-select/probe_so4.lean
    A	workbench/N280-select/probe_so4b.lean
── (leaf commit: append-only; fast path is equivalent to full for HEAD 039cc48) ──
── D0: zero-axiom policy ──
ok: zero axiom declarations
── D1: no sorry / admit ──
ok: no sorry / admit
── D2: no native_decide ──
ok: no native_decide
── D3: NO BRIDGE / NO RESIDUAL (STANDARD §0,§1) ──
ok: no bridge/residual markers
── D4: build ──
ok: Phys builds
── D5-fast: newly-added costume(s) must bite ──
    ok    C311  Counterexamples/TowerWorldMapWeakDoubletTwoHandedSO4WrongValueCostume.lean  rejected at the math field
    ---
    costume battery: 1/1 passed, 0 failed (parallel x8)
ok: new costume(s) bite at the math field
── D6-fast: newly-added AxiomAudit lines foundations-only ──
ok: 16 newly-banked decls foundations-only
════════════════════════════════════════════════════════════════
GATE-FAST: PASSED  (necessary, NOT sufficient — now apply docs/STANDARD.md:
           unbroken / complete / physics-words-removable. Gate-green ≠ done.)
           The frozen history is re-verified async by the 3-hourly gate-full.
