════════════════════════════════════════════════════════════════
 phys-lean GATE-FAST (per-node) — HEAD 1d1ee2d — diff base eab256c
════════════════════════════════════════════════════════════════
── diff vs eab256c ──
    M	Audits/AxiomAudit.lean
    A	Counterexamples/OctonionJordanGenerationMixingFrameWrongValueCostume.lean
    M	Phys.lean
    A	Phys/Algebra/OctonionJordanGenerationMixingFrame.lean
    M	docs/CONSTELLATION.md
    M	docs/LEDGER.md
    M	docs/ROADMAP.md
    M	scripts/costume_manifest.tsv
    A	workbench/N311/PREREG.md
    A	workbench/N311/Probe.lean
    A	workbench/N311/ProbeN311.lean
    A	workbench/N311/ProbeN311b.lean
── (leaf commit: append-only; fast path is equivalent to full for HEAD 1d1ee2d) ──
── D0: zero-axiom policy ──
ok: zero axiom declarations
── D1: no sorry / admit ──
ok: no sorry / admit
── D2: no native_decide ──
ok: no native_decide
── D3: NO BRIDGE / NO RESIDUAL (STANDARD §0,§1) ──
ok: no bridge/residual markers
── D4: build ──
ok: Phys builds
── D5-fast: newly-added costume(s) must bite ──
    ok    C340  Counterexamples/OctonionJordanGenerationMixingFrameWrongValueCostume.lean  rejected at the math field
    ---
    costume battery: 1/1 passed, 0 failed (parallel x8)
ok: new costume(s) bite at the math field
── D6-fast: newly-added AxiomAudit lines foundations-only ──
ok: 21 newly-banked decls foundations-only
════════════════════════════════════════════════════════════════
GATE-FAST: PASSED  (necessary, NOT sufficient — now apply docs/STANDARD.md:
           unbroken / complete / physics-words-removable. Gate-green ≠ done.)
           The frozen history is re-verified async by the 3-hourly gate-full.
GATE_EXIT:0
