════════════════════════════════════════════════════════════════
 phys-lean GATE-FAST (per-node) — HEAD e237ad1 — diff base 76cc7cb
════════════════════════════════════════════════════════════════
── diff vs 76cc7cb ──
    M	Audits/AxiomAudit.lean
    A	Counterexamples/FineStructureScaleCouplingWrongValueCostume.lean
    M	Phys.lean
    A	Phys/Algebra/FineStructureScaleCoupling.lean
    M	scripts/costume_manifest.tsv
    A	workbench/N316/PREREG.md
    A	workbench/N316/Probe.lean
── (leaf commit: append-only; fast path is equivalent to full for HEAD e237ad1) ──
── D0: zero-axiom policy ──
ok: zero axiom declarations
── D1: no sorry / admit ──
ok: no sorry / admit
── D2: no native_decide ──
ok: no native_decide
── D3: NO BRIDGE / NO RESIDUAL (STANDARD §0,§1) ──
ok: no bridge/residual markers
── D4: build ──
ok: Phys builds
── D5-fast: newly-added costume(s) must bite ──
    ok    C345  Counterexamples/FineStructureScaleCouplingWrongValueCostume.lean  rejected at the math field
    ---
    costume battery: 1/1 passed, 0 failed (parallel x8)
ok: new costume(s) bite at the math field
── D6-fast: newly-added AxiomAudit lines foundations-only ──
ok: 9 newly-banked decls foundations-only
════════════════════════════════════════════════════════════════
GATE-FAST: PASSED  (necessary, NOT sufficient — now apply docs/STANDARD.md:
           unbroken / complete / physics-words-removable. Gate-green ≠ done.)
           The frozen history is re-verified async by the 3-hourly gate-full.
