════════════════════════════════════════════════════════════════
 phys-lean GATE-FAST (per-node) — HEAD 6011567 — diff base 4c1f28f
════════════════════════════════════════════════════════════════
── diff vs 4c1f28f ──
    M	Audits/AxiomAudit.lean
    A	Counterexamples/ChiralGenerationChargeTraceWrongValueCostume.lean
    M	Phys.lean
    A	Phys/Algebra/ChiralGenerationChargeTrace.lean
    M	docs/CONSTELLATION.md
    M	docs/LEDGER.md
    M	docs/ROADMAP.md
    M	scripts/costume_manifest.tsv
    A	workbench/N317/PREREG.md
    A	workbench/N317/Probe3.lean
    A	workbench/N317/arith.py
    A	workbench/N317/axiomcheck.lean
── (leaf commit: append-only; fast path is equivalent to full for HEAD 6011567) ──
── D0: zero-axiom policy ──
ok: zero axiom declarations
── D1: no sorry / admit ──
ok: no sorry / admit
── D2: no native_decide ──
GATE-FAST FAILING (D2): native_decide:
Phys/Algebra/ChiralGenerationChargeTrace.lean:68:  no axiom, no native_decide, no heartbeat inflation.
── D3: NO BRIDGE / NO RESIDUAL (STANDARD §0,§1) ──
ok: no bridge/residual markers
── D4: build ──
ok: Phys builds
── D5-fast: newly-added costume(s) must bite ──
    ok    C346  Counterexamples/ChiralGenerationChargeTraceWrongValueCostume.lean  rejected at the math field
    ---
    costume battery: 1/1 passed, 0 failed (parallel x8)
ok: new costume(s) bite at the math field
── D6-fast: newly-added AxiomAudit lines foundations-only ──
ok: 12 newly-banked decls foundations-only
════════════════════════════════════════════════════════════════
GATE-FAST: FAILED
