════════════════════════════════════════════════════════════════
 phys-lean GATE-FAST (per-node) — HEAD a108f16 — diff base 18637d3
════════════════════════════════════════════════════════════════
── diff vs 18637d3 ──
    M	Audits/AxiomAudit.lean
    A	Counterexamples/TrigPythagoreanWrongValueCostume.lean
    M	Phys.lean
    A	Phys/Foundation/ContinuumTrig.lean
    M	docs/LEDGER.md
    M	docs/ROADMAP.md
    M	scripts/costume_manifest.tsv
    A	workbench/N321/PREREG.md
    A	workbench/N322/PREREG.md
    A	workbench/N323/PREREG.md
    A	workbench/N323/audit_check.lean
    A	workbench/N323/probe_assembly.lean
    A	workbench/N323/probe_cast.lean
    A	workbench/N323/probe_cauchy.lean
    A	workbench/N323/probe_combi.lean
    A	workbench/N323/probe_defs.lean
    A	workbench/N323/probe_pyth.lean
    A	workbench/N323/probe_sincauchy.lean
── (leaf commit: append-only; fast path is equivalent to full for HEAD a108f16) ──
── D0: zero-axiom policy ──
ok: zero axiom declarations
── D1: no sorry / admit ──
ok: no sorry / admit
── D2: no native_decide ──
ok: no native_decide
── D3: NO BRIDGE / NO RESIDUAL (STANDARD §0,§1) ──
ok: no bridge/residual markers
── D4: build ──
ok: Phys builds
── D5-fast: newly-added costume(s) must bite ──
    ok    C350  Counterexamples/TrigPythagoreanWrongValueCostume.lean  rejected at the math field
    ---
    costume battery: 1/1 passed, 0 failed (parallel x8)
ok: new costume(s) bite at the math field
── D6-fast: newly-added AxiomAudit lines foundations-only ──
ok: 17 newly-banked decls foundations-only
════════════════════════════════════════════════════════════════
GATE-FAST: PASSED  (necessary, NOT sufficient — now apply docs/STANDARD.md:
           unbroken / complete / physics-words-removable. Gate-green ≠ done.)
           The frozen history is re-verified async by the 3-hourly gate-full.
