════════════════════════════════════════════════════════════════
 phys-lean GATE-FAST (per-node) — HEAD 3aea11e — diff base 9c8d854
════════════════════════════════════════════════════════════════
── diff vs 9c8d854 ──
    M	Audits/AxiomAudit.lean
    A	Counterexamples/TrigAdditionWrongSignCostume.lean
    M	Phys.lean
    A	Phys/Foundation/ContinuumTrigAdd.lean
    M	docs/LEDGER.md
    M	scripts/costume_manifest.tsv
    A	workbench/N324/PREREG.md
    A	workbench/N324/audit.out
    A	workbench/N324/audit_check.lean
    A	workbench/N324/probe_add.lean
    A	workbench/N324/probe_addlaw.py
    A	workbench/N324/probe_assembly.lean
    A	workbench/N324/probe_bound.lean
    A	workbench/N324/probe_cc2.lean
    A	workbench/N324/probe_ccclosed.lean
    A	workbench/N324/probe_cceq.lean
    A	workbench/N324/probe_cs.lean
    A	workbench/N324/probe_sc.lean
    A	workbench/N324/probe_sinadd.lean
    A	workbench/N324/probe_split.py
    A	workbench/N324/probe_ss.lean
    A	workbench/N324/probe_tsum.lean
── (leaf commit: append-only; fast path is equivalent to full for HEAD 3aea11e) ──
── D0: zero-axiom policy ──
ok: zero axiom declarations
── D1: no sorry / admit ──
ok: no sorry / admit
── D2: no native_decide ──
ok: no native_decide
── D3: NO BRIDGE / NO RESIDUAL (STANDARD §0,§1) ──
ok: no bridge/residual markers
── D4: build ──
ok: Phys builds
── D5-fast: newly-added costume(s) must bite ──
    ok    C351  Counterexamples/TrigAdditionWrongSignCostume.lean  rejected at the math field
    ---
    costume battery: 1/1 passed, 0 failed (parallel x8)
ok: new costume(s) bite at the math field
── D6-fast: newly-added AxiomAudit lines foundations-only ──
ok: 31 newly-banked decls foundations-only
════════════════════════════════════════════════════════════════
GATE-FAST: PASSED  (necessary, NOT sufficient — now apply docs/STANDARD.md:
           unbroken / complete / physics-words-removable. Gate-green ≠ done.)
           The frozen history is re-verified async by the 3-hourly gate-full.
