════════════════════════════════════════════════════════════════
 phys-lean GATE-FAST (per-node) — HEAD 35063e7 — diff base f35f492
════════════════════════════════════════════════════════════════
── diff vs f35f492 ──
    M	Phys/Algebra/JordanArenaDimension.lean
════════════════════════════════════════════════════════════════
 ⚠ FROZEN-TOUCH DETECTED — fast path is NOT equivalent to full.
 Escalating to the canonical FULL building gate (scripts/gate.sh).
 Trigger:
    M	Phys/Algebra/JordanArenaDimension.lean
════════════════════════════════════════════════════════════════
════════════════════════════════════════════════════════════════
 phys-lean GATE — enforcing docs/STANDARD.md
════════════════════════════════════════════════════════════════
── D0: zero-axiom policy ──
ok: zero axiom declarations
── D1: no sorry / admit ──
ok: no sorry / admit
── D2: no native_decide ──
ok: no native_decide
── D3: NO BRIDGE / NO RESIDUAL (STANDARD §0,§1) ──
ok: no bridge/residual markers — the chain claims only what it proves
── D4: build ──
ok: Phys aggregator + all modules build
── D5: costume battery (every garbage witness MUST be rejected) ──
ok    C1  Counterexamples/FoldChar2Costume.lean  rejected at the math field
ok    C2  Counterexamples/FoldRootDim1Costume.lean  rejected at the math field
ok    C3  Counterexamples/FoldRootSwapCostume.lean  rejected at the math field
ok    C4  Counterexamples/SqrtFoldOrderedLineCostume.lean  rejected at the math field
ok    C5  Counterexamples/ComplexUnitSignCostume.lean  rejected at the math field
ok    C6  Counterexamples/QuaternionCommCostume.lean  rejected at the math field
ok    C7  Counterexamples/QuaternionStarCostume.lean  rejected at the math field
ok    C8  Counterexamples/OctonionAssocCostume.lean  rejected at the math field
ok    C9  Counterexamples/SedenionZeroDivisorCostume.lean  rejected at the math field
ok    C10  Counterexamples/SedenionBornLawCostume.lean  rejected at the math field
ok    C11  Counterexamples/ForcedStopGenericNormCostume.lean  rejected at the math field
ok    C12  Counterexamples/ForcedStopForwardNeedsCommCostume.lean  rejected at the math field
ok    C13  Counterexamples/ForcedStopBackwardP1NeedsMultCostume.lean  rejected at the math field
ok    C14  Counterexamples/ForcedStopMiddleScalingNonAssocCostume.lean  rejected at the math field
ok    C15  Counterexamples/ForcedStopCoreAdjointNonCentralCostume.lean  rejected at the math field
ok    C16  Counterexamples/OperatorCliffordSignCostume.lean  rejected at the math field
ok    C17  Counterexamples/GeneratedModuleCommCostume.lean  rejected at the math field
ok    C18  Counterexamples/JordanTowerCapCostume.lean  rejected at the math field
ok    C19  Counterexamples/AlternativeNonVacuityCostume.lean  rejected at the math field
ok    C20  Counterexamples/SinglePairNonVacuityCostume.lean  rejected at the math field
ok    C21  Counterexamples/BuildingBlockNonVacuityCostume.lean  rejected at the math field
ok    C22  Counterexamples/H3WrongCapCostume.lean  rejected at the math field
ok    C24  Counterexamples/CompletionHoleCostume.lean  rejected at the math field
ok    C25  Counterexamples/CountingClosesCostume.lean  rejected at the math field
ok    C26  Counterexamples/IntegerCollapseCostume.lean  rejected at the math field
ok    C27  Counterexamples/RationalCollapseCostume.lean  rejected at the math field
ok    C28  Counterexamples/ContinuumDerivedGroundCoherentCostume.lean  rejected at the math field
ok    C29  Counterexamples/ContinuumFieldInverseCostume.lean  rejected at the math field
ok    C30  Counterexamples/ContinuumFieldMulCapstoneCostume.lean  rejected at the math field
ok    C31  Counterexamples/ContinuumFieldRingSignCostume.lean  rejected at the math field
ok    C32  Counterexamples/ContinuumFieldInverseCancelCostume.lean  rejected at the math field
ok    C33  Counterexamples/ComplexUnitDerivedRealObstructionCostume.lean  rejected at the math field
ok    C34  Counterexamples/DerivationIdentityCostume.lean  rejected at the math field
ok    C35  Counterexamples/DerivationUnitCostume.lean  rejected at the math field
ok    C36  Counterexamples/DerivationSelfOverlapCostume.lean  rejected at the math field
ok    C37  Counterexamples/DerivationTraceFreeCostume.lean  rejected at the math field
ok    C38  Counterexamples/DerivationFinrankWrongDimCostume.lean  rejected at the math field
ok    C39  Counterexamples/DerivationLowerBoundWrongCountCostume.lean  rejected at the math field
ok    C40  Counterexamples/DerivationUpperBoundWrongCountCostume.lean  rejected at the math field
ok    C41  Counterexamples/DerivationWrongStructureConstantCostume.lean  rejected at the math field
ok    C42  Counterexamples/DerivationRep7WrongCostume.lean  rejected at the math field
ok    C43  Counterexamples/DerivationPerfectSolvableCostume.lean  rejected at the math field
ok    C44  Counterexamples/DerivationCompactWrongSignatureCostume.lean  rejected at the math field
ok    C45  Counterexamples/DerivationSemisimpleAbelianCentreCostume.lean  rejected at the math field
ok    C46  Counterexamples/DerivationIrreducibleWrongAdjointCostume.lean  rejected at the math field
ok    C47  Counterexamples/DerivationIrreducibleOneDimInvariantCostume.lean  rejected at the math field
ok    C48  Counterexamples/DerivationFullIrreducibleReducibleCostume.lean  rejected at the math field
ok    C49  Counterexamples/DerivationSimpleTrivialActionCostume.lean  rejected at the math field
ok    C50  Counterexamples/DerivationSimpleStructureWrongDecompCostume.lean  rejected at the math field
ok    C51  Counterexamples/DerivationSemisimpleModuleWrongCostume.lean  rejected at the math field
ok    C52  Counterexamples/DerivationSimpleCollapseNotSimpleCostume.lean  rejected at the math field
ok    C53  Counterexamples/DerivationAutGroupFormBreakCostume.lean  rejected at the math field
ok    C54  Counterexamples/DerivationAutCompactBoundBreakCostume.lean  rejected at the math field
ok    C55  Counterexamples/ContinuumCCLOWrongSupCostume.lean  rejected at the math field
ok    C56  Counterexamples/DerivationAutCompactTopoWrongCostume.lean  rejected at the math field
ok    C57  Counterexamples/ContinuumArchimedeanWrongLimitCostume.lean  rejected at the math field
ok    C58  Counterexamples/ContinuumUniformDiscreteCostume.lean  rejected at the math field
ok    C59  Counterexamples/ContinuumCompleteWrongLimitCostume.lean  rejected at the math field
ok    C60  Counterexamples/DerivationAutOpNormMultiplicativeCostume.lean  rejected at the math field
ok    C61  Counterexamples/ContinuumExpDivergentGeometricCostume.lean  rejected at the math field
ok    C62  Counterexamples/DerivationAutExpHomNonCommuteCostume.lean  rejected at the math field
ok    C63  Counterexamples/DerivationLeibnizPowNoDerivCostume.lean  rejected at the math field
ok    C64  Counterexamples/OctonionTopologyDiscreteCostume.lean  rejected at the math field
ok    C65  Counterexamples/DerivationOExpNoDerivCostume.lean  rejected at the math field
ok    C66  Counterexamples/DerivationOExpSummableNoFactorialCostume.lean  rejected at the math field
ok    C67  Counterexamples/DerivationOProductPreservingDropFactorialCostume.lean  rejected at the math field
ok    C68  Counterexamples/DerivationOAutomorphismWrongInverseCostume.lean  rejected at the math field
ok    C69  Counterexamples/ContinuumScalarDerivWrongCoeffCostume.lean  rejected at the math field
ok    C70  Counterexamples/DerivationOTangentWrongDerivCostume.lean  rejected at the math field
ok    C71  Counterexamples/DerivationStabilizerWrongMemberCostume.lean  rejected at the math field
ok    C72  Counterexamples/DerivationStabilizerDimWrongValueCostume.lean  rejected at the math field
ok    C73  Counterexamples/DerivationStabilizerSplitWrongJSqCostume.lean  rejected at the math field
ok    C74  Counterexamples/SpacetimeSignatureWrongSpaceSignCostume.lean  rejected at the math field
ok    C75  Counterexamples/ChiralityBlockWrongCommuteCostume.lean  rejected at the math field
ok    C76  Counterexamples/LorentzIsometryWrongEuclideanBoostCostume.lean  rejected at the math field
ok    C77  Counterexamples/SpinorCoverWrongDetScaleCostume.lean  rejected at the math field
ok    C78  Counterexamples/SpinorRotationDropUnitCostume.lean  rejected at the math field
ok    C79  Counterexamples/SpinorCoverGroupDropHyperbolaCostume.lean  rejected at the math field
ok    C80  Counterexamples/LorentzContinuumRationalReachCostume.lean  rejected at the math field
ok    C81  Counterexamples/LorentzContinuumRotationBornUnitCostume.lean  rejected at the math field
ok    C82  Counterexamples/LorentzContinuumLieAlgImaginaryCostume.lean  rejected at the math field
ok    C83  Counterexamples/LorentzContinuumExpWrongCoeffCostume.lean  rejected at the math field
ok    C84  Counterexamples/LorentzContinuumRotationWrongSignCostume.lean  rejected at the math field
ok    C85  Counterexamples/LorentzContinuumBoostBlockWrongInvariantCostume.lean  rejected at the math field
ok    C86  Counterexamples/LorentzContinuumMoufangDropRightCostume.lean  rejected at the math field
ok    C87  Counterexamples/LorentzContinuumBornIndefiniteSignCostume.lean  rejected at the math field
ok    C88  Counterexamples/LorentzContinuumSqrtWrongWitnessCostume.lean  rejected at the math field
ok    C89  Counterexamples/LorentzContinuumCartanWrongSplitCostume.lean  rejected at the math field
ok    C90  Counterexamples/LorentzContinuumAdjointRotSelfAdjointCostume.lean  rejected at the math field
ok    C91  Counterexamples/LorentzContinuumOpSqrtWrongRootCostume.lean  rejected at the math field
ok    C92  Counterexamples/LorentzContinuumOpSqrtBlockWrongRootCostume.lean  rejected at the math field
ok    C93  Counterexamples/LorentzContinuumOpSqrtCoordWrongRootCostume.lean  rejected at the math field
ok    C94  Counterexamples/LorentzContinuumEigenProjWrongRootCostume.lean  rejected at the math field
ok    C95  Counterexamples/LorentzContinuumEigenBasisWrongDiagCostume.lean  rejected at the math field
ok    C96  Counterexamples/LorentzContinuumEigenBasisGenWrongDiagCostume.lean  rejected at the math field
ok    C97  Counterexamples/LorentzContinuumPolarKAKWrongFactorCostume.lean  rejected at the math field
ok    C98  Counterexamples/LorentzContinuumSpectralMixWrongRootCostume.lean  rejected at the math field
ok    C99  Counterexamples/LorentzContinuumSpectralNWrongRootCostume.lean  rejected at the math field
ok    C100  Counterexamples/LorentzContinuumSpectralExistWrongRootCostume.lean  rejected at the math field
ok    C101  Counterexamples/LorentzContinuumDeflationWrongReadCostume.lean  rejected at the math field
ok    C102  Counterexamples/LorentzContinuumEigenExtractWrongEigenvalueCostume.lean  rejected at the math field
ok    C103  Counterexamples/LorentzContinuumOctSeedExtractWrongSeedEigenvalueCostume.lean  rejected at the math field
ok    C104  Counterexamples/LorentzContinuumDeflateInductWrongSurvivingEigenvalueCostume.lean  rejected at the math field
ok    C105  Counterexamples/LorentzContinuumDescentIterWrongSurvivingEigenvalueCostume.lean  rejected at the math field
ok    C106  Counterexamples/LorentzContinuumSeedCubicWrongCubeRootCostume.lean  rejected at the math field
ok    C107  Counterexamples/LorentzContinuumSeedVectorWrongEigenvalueCostume.lean  rejected at the math field
ok    C108  Counterexamples/LorentzContinuumRealClosedWrongRootCostume.lean  rejected at the math field
ok    C109  Counterexamples/LorentzContinuumEvenSeedWrongFormValueCostume.lean  rejected at the math field
ok    C110  Counterexamples/LorentzContinuumReseedWrongCodimCostume.lean  rejected at the math field
ok    C111  Counterexamples/LorentzContinuumFactorWrongDiscrimCostume.lean  rejected at the math field
ok    C112  Counterexamples/LorentzContinuumAdjoinIWrongModulusCostume.lean  rejected at the math field
ok    C113  Counterexamples/LorentzContinuumAlgClosureWrongOddExtCostume.lean  rejected at the math field
ok    C114  Counterexamples/LorentzContinuumRealFactorWrongIrredDegreeCostume.lean  rejected at the math field
ok    C115  Counterexamples/LorentzContinuumSubSeedWrongReseedNormCostume.lean  rejected at the math field
ok    C116  Counterexamples/LorentzContinuumSpectralExistFullWrongSnocEigenvalueCostume.lean  rejected at the math field
ok    C117  Counterexamples/LorentzContinuumPolarPositiveWrongSqrtEigenvalueCostume.lean  rejected at the math field
ok    C118  Counterexamples/LorentzContinuumResolutionIdWrongInverseEigenvalueCostume.lean  rejected at the math field
ok    C119  Counterexamples/LorentzContinuumGGFamilyInverseWrongSqrtSelfInverseCostume.lean  rejected at the math field
ok    C120  Counterexamples/LorentzContinuumCompactPartWrongKKEqualsPositiveCostume.lean  rejected at the math field
ok    C121  Counterexamples/LorentzContinuumMetricConditionWrongNonIsometryCostume.lean  rejected at the math field
ok    C122  Counterexamples/LorentzContinuumIsomMetricCharWrongJConjPreservesCostume.lean  rejected at the math field
ok    C123  Counterexamples/LorentzContinuumOpSqrtJConjWrongSquaresBareCostume.lean  rejected at the math field
ok    C124  Counterexamples/LorentzContinuumOpSqrtScalarUniqueWrongValueCostume.lean  rejected at the math field
ok    C125  Counterexamples/LorentzContinuumIsomCompactWrongUniqueValueCostume.lean  rejected at the math field
ok    C126  Counterexamples/LorentzContinuumSpin9ReachWrongAnticommCoordCostume.lean  rejected at the math field
ok    C127  Counterexamples/LorentzContinuumSpin9ProductWrongRealAxisCoordCostume.lean  rejected at the math field
ok    C128  Counterexamples/LorentzContinuumSpectralPathWrongMidpointReadingCostume.lean  rejected at the math field
ok    C129  Counterexamples/LorentzContinuumReverseSurjWrongReconCoordCostume.lean  rejected at the math field
ok    C130  Counterexamples/LorentzContinuumSpin9DistinctPlaneWrongSwapCoordCostume.lean  rejected at the math field
ok    C131  Counterexamples/LorentzContinuumEndBridgeWrongGeneratorCoordCostume.lean  rejected at the math field
ok    C132  Counterexamples/LorentzContinuumGenerationWrongCompositeCoordCostume.lean  rejected at the math field
ok    C133  Counterexamples/LorentzContinuumGenerationConverseWrongCompactPartCoordCostume.lean  rejected at the math field
ok    C134  Counterexamples/LorentzContinuumGenerationConverseCompactWrongCompactPartCoordCostume.lean  rejected at the math field
ok    C135  Counterexamples/LorentzContinuumGenerationProductConverseWrongCompactPartCoordCostume.lean  rejected at the math field
ok    C136  Counterexamples/LorentzContinuumGenerationThreeWordConverseWrongCompactPartCoordCostume.lean  rejected at the math field
ok    C137  Counterexamples/LorentzContinuumGenerationWordMembershipObstructionWrongNinthDirectionCoordCostume.lean  rejected at the math field
ok    C138  Counterexamples/LorentzContinuumGenerationEnlargedAlphabetWrongFactorizationCoordCostume.lean  rejected at the math field
ok    C139  Counterexamples/LorentzContinuumGenerationNinthRotationCircleWrongDoubleAngleCoordCostume.lean  rejected at the math field
ok    C140  Counterexamples/LorentzContinuumGenerationOctonionBlockSO8WrongFactorizationCoordCostume.lean  rejected at the math field
ok    C141  Counterexamples/LorentzContinuumGenerationOctonionBlockTripleWrongFactorizationCoordCostume.lean  rejected at the math field
ok    C142  Counterexamples/LorentzContinuumGenerationOctonionBlockQuadWrongFactorizationCoordCostume.lean  rejected at the math field
ok    C143  Counterexamples/LorentzContinuumGenerationSO8RankInductionWrongCoordCostume.lean  rejected at the math field
ok    C144  Counterexamples/LorentzContinuumGenerationKAKWrongCoordCostume.lean  rejected at the math field
ok    C145  Counterexamples/LorentzContinuumGenerationNinthFamilyWrongNonCommuteCoordCostume.lean  rejected at the math field
ok    C146  Counterexamples/LorentzContinuumGenerationFullSO9AssemblyWrongDeepCoordCostume.lean  rejected at the math field
ok    C147  Counterexamples/LorentzContinuumGenerationDeflationStepWrongCoordCostume.lean  rejected at the math field
ok    C148  Counterexamples/LorentzContinuumGenerationExhaustionAssemblyWrongCoordCostume.lean  rejected at the math field
ok    C149  Counterexamples/LorentzContinuumGenerationSO8ReflectionDeflationWrongCoordCostume.lean  rejected at the math field
ok    C150  Counterexamples/LorentzContinuumGenerationSO8ReflectionInvolutionWrongCoordCostume.lean  rejected at the math field
ok    C151  Counterexamples/LorentzContinuumGenerationSO8RankDropRestrictionWrongCoordCostume.lean  rejected at the math field
ok    C152  Counterexamples/LorentzContinuumGenerationSO8BoundedExhaustionWrongCoordCostume.lean  rejected at the math field
ok    C153  Counterexamples/LorentzContinuumGenerationSO8SubspaceReflectionWrongCoordCostume.lean  rejected at the math field
ok    C154  Counterexamples/LorentzContinuumGenerationSO8FinrankTowerWrongDimCostume.lean  rejected at the math field
ok    C155  Counterexamples/LorentzContinuumGenerationSO8GlobalExhaustionWrongBaseCaseCostume.lean  rejected at the math field
ok    C156  Counterexamples/LorentzContinuumGenerationSO8PeelOracleWrongHouseholderCostume.lean  rejected at the math field
ok    C157  Counterexamples/LorentzContinuumGenerationIndefiniteHouseholderWrongReflectionCostume.lean  rejected at the math field
ok    C158  Counterexamples/LorentzContinuumGenerationNullPeelWrongTwoReflectionCostume.lean  rejected at the math field
ok    C159  Counterexamples/LorentzContinuumGenerationIndefiniteExhaustionWrongSelfOverlapCostume.lean  rejected at the math field
ok    C160  Counterexamples/LorentzContinuumGenerationTotallyIsotropicWrongSelfOverlapCostume.lean  rejected at the math field
ok    C161  Counterexamples/LorentzContinuumGenerationBoostRotationSplitWrongSelfOverlapCostume.lean  rejected at the math field
ok    C162  Counterexamples/LorentzContinuumGenerationConversePolarWrongSelfOverlapCostume.lean  rejected at the math field
ok    C163  Counterexamples/LorentzContinuumGenerationCompactFactorOrthogonalWrongQvCCostume.lean  rejected at the math field
ok    C164  Counterexamples/LorentzContinuumGenerationReverseSurjectivityWrongSelfOverlapCostume.lean  rejected at the math field
ok    C165  Counterexamples/LorentzContinuumCliffordSpinCoverWrongFormCostume.lean  rejected at the math field
ok    C166  Counterexamples/LorentzContinuumCliffordCoverHomWrongScalarCostume.lean  rejected at the math field
ok    C167  Counterexamples/LorentzContinuumCliffordCoverHomGlobalWrongScalarCostume.lean  rejected at the math field
ok    C168  Counterexamples/LorentzContinuumCliffordCoverKernelWrongNormCostume.lean  rejected at the math field
ok    C169  Counterexamples/LorentzContinuumOctStabilizerGaugeWrongOverlapCostume.lean  rejected at the math field
ok    C170  Counterexamples/LorentzContinuumOctStabilizerG2WrongOverlapCostume.lean  rejected at the math field
ok    C171  Counterexamples/LorentzContinuumOctStabilizerG2NontrivialWrongOverlapCostume.lean  rejected at the math field
ok    C172  Counterexamples/LorentzContinuumOctStabilizerG2SecondAutWrongOverlapCostume.lean  rejected at the math field
ok    C173  Counterexamples/LorentzContinuumOctStabilizerG2KleinFourWrongOverlapCostume.lean  rejected at the math field
ok    C174  Counterexamples/LorentzContinuumCliffordSpinEvenWrongValueCostume.lean  rejected at the math field
ok    C175  Counterexamples/LorentzContinuumCliffordSpinGroupWrongValueCostume.lean  rejected at the math field
ok    C176  Counterexamples/LorentzContinuumCliffordSpinHomWrongValueCostume.lean  rejected at the math field
ok    C177  Counterexamples/LorentzContinuumCliffordPinGroupWrongValueCostume.lean  rejected at the math field
ok    C178  Counterexamples/LorentzContinuumCliffordPinKernelWrongValueCostume.lean  rejected at the math field
ok    C179  Counterexamples/LorentzContinuumCliffordPinExactKernelWrongValueCostume.lean  rejected at the math field
ok    C180  Counterexamples/LorentzContinuumCliffordPinCentralizerWrongValueCostume.lean  rejected at the math field
ok    C181  Counterexamples/LorentzContinuumCliffordPinNondegenerateWrongValueCostume.lean  rejected at the math field
ok    C182  Counterexamples/LorentzContinuumCliffordPinExactKernelCompleteWrongValueCostume.lean  rejected at the math field
ok    C183  Counterexamples/LorentzContinuumCliffordPinSurjectiveWrongValueCostume.lean  rejected at the math field
ok    C184  Counterexamples/LorentzContinuumOperatorTopologyWrongValueCostume.lean  rejected at the math field
ok    C185  Counterexamples/LorentzContinuumRotationPathConnectedWrongValueCostume.lean  rejected at the math field
ok    C186  Counterexamples/LorentzContinuumPathConnectedFullWrongValueCostume.lean  rejected at the math field
ok    C187  Counterexamples/LorentzContinuumCompactPathConnectedWrongValueCostume.lean  rejected at the math field
ok    C188  Counterexamples/LorentzContinuumGeneralAxisRotationPathWrongValueCostume.lean  rejected at the math field
ok    C189  Counterexamples/LorentzContinuumGivensWordExhaustionWrongValueCostume.lean  rejected at the math field
ok    C190  Counterexamples/LorentzContinuumGenuineSO9PeelWrongValueCostume.lean  rejected at the math field
ok    C191  Counterexamples/LorentzContinuumOctBlockSO8WordWrongValueCostume.lean  rejected at the math field
ok    C192  Counterexamples/LorentzContinuumOctBlockSO8ExhaustionWrongValueCostume.lean  rejected at the math field
ok    C193  Counterexamples/LorentzContinuumOctBlockSO8ClosureWordWrongValueCostume.lean  rejected at the math field
ok    C194  Counterexamples/LorentzContinuumOctBlockSO8DetParityWrongValueCostume.lean  rejected at the math field
ok    C195  Counterexamples/LorentzContinuumSO9CompactAssemblyWrongValueCostume.lean  rejected at the math field
ok    C196  Counterexamples/LorentzContinuumBoostPolarFactorWrongValueCostume.lean  rejected at the math field
ok    C197  Counterexamples/LorentzContinuumSO9FullAssemblyWrongValueCostume.lean  rejected at the math field
ok    C198  Counterexamples/LorentzContinuumPositivePartDissolutionWrongValueCostume.lean  rejected at the math field
ok    C199  Counterexamples/LorentzContinuumPositivePartReciprocalWrongValueCostume.lean  rejected at the math field
ok    C200  Counterexamples/LorentzContinuumGeneralAxisBoostPathWrongValueCostume.lean  rejected at the math field
ok    C201  Counterexamples/LorentzContinuumBoostPeelWrongValueCostume.lean  rejected at the math field
ok    C202  Counterexamples/LorentzContinuumTimeFixingResidualSO9WrongValueCostume.lean  rejected at the math field
ok    C203  Counterexamples/LorentzContinuumSO9DetReductionWrongValueCostume.lean  rejected at the math field
ok    C204  Counterexamples/LorentzContinuumSO9UnconditionalClosureWrongValueCostume.lean  rejected at the math field
ok    C205  Counterexamples/LorentzContinuumFullO19WrongValueCostume.lean  rejected at the math field
ok    C206  Counterexamples/ContinuumExpWrongValueCostume.lean  rejected at the math field
ok    C207  Counterexamples/ContinuumLogWrongValueCostume.lean  rejected at the math field
ok    C208  Counterexamples/ContinuumSpectralPowWrongValueCostume.lean  rejected at the math field
ok    C209  Counterexamples/DerivationOFlowWrongValueCostume.lean  rejected at the math field
ok    C210  Counterexamples/LorentzContinuumKleinFourGroupObjectWrongValueCostume.lean  rejected at the math field
ok    C211  Counterexamples/LorentzContinuumO19ComponentGroupObjectWrongValueCostume.lean  rejected at the math field
ok    C212  Counterexamples/DerivationOCommutingFlowWrongValueCostume.lean  rejected at the math field
ok    C213  Counterexamples/DerivationOAdjointFlowWrongValueCostume.lean  rejected at the math field
ok    C214  Counterexamples/ContinuumScalarDeriv2WrongValueCostume.lean  rejected at the math field
ok    C215  Counterexamples/DerivationOTangent2WrongValueCostume.lean  rejected at the math field
ok    C216  Counterexamples/DerivationHWrongValueCostume.lean  rejected at the math field
ok    C217  Counterexamples/DerivationHDimWrongValueCostume.lean  rejected at the math field
ok    C218  Counterexamples/DerivationDblPhaseWrongValueCostume.lean  rejected at the math field
ok    C219  Counterexamples/DerivationHIntoOWrongValueCostume.lean  rejected at the math field
ok    C220  Counterexamples/DerivationDblIntoHWrongValueCostume.lean  rejected at the math field
ok    C221  Counterexamples/DerivationRep7IsospinBranchingWrongValueCostume.lean  rejected at the math field
ok    C222  Counterexamples/DerivationRep7FullBranchingWrongValueCostume.lean  rejected at the math field
ok    C223  Counterexamples/DerivationSO4TwoSU2WrongValueCostume.lean  rejected at the math field
ok    C224  Counterexamples/DerivationRep7SU2TBranchingWrongValueCostume.lean  rejected at the math field
ok    C225  Counterexamples/DerivationRep7SU2SBranchingWrongValueCostume.lean  rejected at the math field
ok    C226  Counterexamples/DerivationRep7IrreducibleBimoduleWrongValueCostume.lean  rejected at the math field
ok    C227  Counterexamples/DerivationRep7IrreducibleAdjointWrongValueCostume.lean  rejected at the math field
ok    C228  Counterexamples/DerivationRep7IsotypicSchurWrongValueCostume.lean  rejected at the math field
ok    C229  Counterexamples/DerivationColourIsospinCommutatorWrongValueCostume.lean  rejected at the math field
ok    C230  Counterexamples/SpacetimeSignatureInertiaWrongValueCostume.lean  rejected at the math field
ok    C231  Counterexamples/SpacetimeLightConeWrongValueCostume.lean  rejected at the math field
ok    C232  Counterexamples/SedenionAlternativityLossWrongValueCostume.lean  rejected at the math field
ok    C233  Counterexamples/DerivationColourCentralizerWrongValueCostume.lean  rejected at the math field
ok    C234  Counterexamples/DerivationColourIsospinMeetWrongValueCostume.lean  rejected at the math field
ok    C235  Counterexamples/DerivationColourIsospinNonNormalizeWrongValueCostume.lean  rejected at the math field
ok    C236  Counterexamples/DerivationColourIsospinTraceFormWrongValueCostume.lean  rejected at the math field
ok    C237  Counterexamples/OctonionCommutatorJacobiatorWrongValueCostume.lean  rejected at the math field
ok    C238  Counterexamples/OctonionCrossProductWrongValueCostume.lean  rejected at the math field
ok    C239  Counterexamples/OctonionCrossProductDerivationWrongValueCostume.lean  rejected at the math field
ok    C240  Counterexamples/OctonionCrossProductContractionWrongValueCostume.lean  rejected at the math field
ok    C241  Counterexamples/OctonionAssociative3FormWrongValueCostume.lean  rejected at the math field
ok    C242  Counterexamples/OctonionCoassociative4FormWrongValueCostume.lean  rejected at the math field
ok    C243  Counterexamples/OctonionCrossGramContractionWrongValueCostume.lean  rejected at the math field
ok    C244  Counterexamples/OctonionJordanFrameWeightWrongValueCostume.lean  rejected at the math field
ok    C245  Counterexamples/OctonionJordanWeightDiagramWrongValueCostume.lean  rejected at the math field
ok    C246  Counterexamples/OctonionJordanTraceFormWrongValueCostume.lean  rejected at the math field
ok    C247  Counterexamples/OctonionJordanCubicNormWrongValueCostume.lean  rejected at the math field
ok    C248  Counterexamples/OctonionJordanInvariantTowerWrongValueCostume.lean  rejected at the math field
ok    C249  Counterexamples/OctonionJordanSharpPolarWrongValueCostume.lean  rejected at the math field
ok    C250  Counterexamples/TowerGatherCoherenceWrongValueCostume.lean  rejected at the math field
ok    C251  Counterexamples/TowerGatherObstructionWrongValueCostume.lean  rejected at the math field
ok    C252  Counterexamples/TowerGatherCocycleWrongValueCostume.lean  rejected at the math field
ok    C253  Counterexamples/TowerGatherObstructionInvariantWrongValueCostume.lean  rejected at the math field
ok    C254  Counterexamples/TowerGatherObstructionRep7WrongValueCostume.lean  rejected at the math field
ok    C255  Counterexamples/TowerGatherObstructionAdjointSo7WrongValueCostume.lean  rejected at the math field
ok    C256  Counterexamples/TowerGatherCrossSevenFaithfulWrongValueCostume.lean  rejected at the math field
ok    C257  Counterexamples/TowerGatherComplementSo7WrongValueCostume.lean  rejected at the math field
ok    C258  Counterexamples/TowerGatherProjectionG2EquivariantWrongValueCostume.lean  rejected at the math field
ok    C259  Counterexamples/TowerGatherSymAntisymDecompWrongValueCostume.lean  rejected at the math field
ok    C260  Counterexamples/TowerGatherTracelessSym27WrongValueCostume.lean  rejected at the math field
ok    C261  Counterexamples/TowerGatherEndProjectionSo7WrongValueCostume.lean  rejected at the math field
ok    C262  Counterexamples/TowerGatherDualProjectionSym27WrongValueCostume.lean  rejected at the math field
ok    C263  Counterexamples/TowerGatherAmbientProjection7And14WrongValueCostume.lean  rejected at the math field
ok    C264  Counterexamples/TowerGatherAmbientProjection1And27WrongValueCostume.lean  rejected at the math field
ok    C265  Counterexamples/TowerGatherCanonicalDirectSumWrongValueCostume.lean  rejected at the math field
ok    C266  Counterexamples/TowerGatherInvariantFormsG2WrongValueCostume.lean  rejected at the math field
ok    C267  Counterexamples/TowerGatherFFTCommutantG2WrongValueCostume.lean  rejected at the math field
ok    C268  Counterexamples/TowerGatherFFTPeirceReductionWrongValueCostume.lean  rejected at the math field
ok    C269  Counterexamples/TowerGatherFFTKnownSummandsIrreducibleWrongValueCostume.lean  rejected at the math field
ok    C270  Counterexamples/TowerGatherIrreducible27WrongValueCostume.lean  rejected at the math field
ok    C271  Counterexamples/TowerGatherForcedChargeDirectionWrongValueCostume.lean  rejected at the math field
ok    C272  Counterexamples/TowerGatherForcedChargeSplittingWrongValueCostume.lean  rejected at the math field
ok    C273  Counterexamples/TowerGatherForcedChargeEigenvaluesWrongValueCostume.lean  rejected at the math field
ok    C274  Counterexamples/TowerGatherForcedChargeSpectrumWrongValueCostume.lean  rejected at the math field
ok    C275  Counterexamples/TowerGatherForcedChargeEigenspaceWrongValueCostume.lean  rejected at the math field
ok    C276  Counterexamples/TowerGatherForcedColourChargeCommuteWrongValueCostume.lean  rejected at the math field
ok    C277  Counterexamples/TowerGatherForcedChargeColourComplementaryWrongValueCostume.lean  rejected at the math field
ok    C278  Counterexamples/TowerGatherReductiveGaugeLieWrongValueCostume.lean  rejected at the math field
ok    C279  Counterexamples/TowerGatherInducedColourRepWrongValueCostume.lean  rejected at the math field
ok    C280  Counterexamples/TowerGatherFaithfulColourRepWrongValueCostume.lean  rejected at the math field
ok    C281  Counterexamples/TowerGatherImageColourSubalgebraWrongValueCostume.lean  rejected at the math field
ok    C282  Counterexamples/TowerGatherColourChargeOneCauseWrongValueCostume.lean  rejected at the math field
ok    C283  Counterexamples/TowerGatherUniqueColourFixedAxisWrongValueCostume.lean  rejected at the math field
ok    C284  Counterexamples/TowerGatherChargeIsospinRatioWrongValueCostume.lean  rejected at the math field
ok    C285  Counterexamples/TowerGatherForcedSecondNeutralWrongValueCostume.lean  rejected at the math field
ok    C286  Counterexamples/TowerGatherForcedHyperchargeDirectionWrongValueCostume.lean  rejected at the math field
ok    C287  Counterexamples/TowerGatherUniqueIsospinFixedAxisWrongValueCostume.lean  rejected at the math field
ok    C288  Counterexamples/TowerGatherIsometryWrongValueCostume.lean  rejected at the math field
ok    C289  Counterexamples/TowerGatherElectroweakReductiveLieWrongValueCostume.lean  rejected at the math field
ok    C290  Counterexamples/TowerGatherSharedIsospinCartanWrongValueCostume.lean  rejected at the math field
ok    C291  Counterexamples/TowerGatherGenerateSo7WrongValueCostume.lean  rejected at the math field
ok    C292  Counterexamples/TowerWorldMapCliffordModuleWrongValueCostume.lean  rejected at the math field
ok    C293  Counterexamples/TowerWorldMapSpinGeneratorsWrongValueCostume.lean  rejected at the math field
ok    C294  Counterexamples/TowerWorldMapVectorSpinorSo7WrongValueCostume.lean  rejected at the math field
ok    C295  Counterexamples/TowerWorldMapChiralityWrongValueCostume.lean  rejected at the math field
ok    C296  Counterexamples/TowerWorldMapIndivisibleWrongValueCostume.lean  rejected at the math field
ok    C297  Counterexamples/TowerWorldMapColourNeutralCoreWrongValueCostume.lean  rejected at the math field
ok    C298  Counterexamples/OctonionJordanThreeMatterSlotsWrongValueCostume.lean  rejected at the math field
ok    C299  Counterexamples/OctonionJordanGaugeUniversalityWrongValueCostume.lean  rejected at the math field
ok    C300  Counterexamples/OctonionJordanGaugeSpectrumInvariantWrongValueCostume.lean  rejected at the math field
ok    C301  Counterexamples/OctonionJordanFormallyRealWrongValueCostume.lean  rejected at the math field
ok    C302  Counterexamples/OctonionMatterJointNeutralCoreWrongValueCostume.lean  rejected at the math field
ok    C303  Counterexamples/OctonionJordanGenerationCouplingWrongValueCostume.lean  rejected at the math field
ok    C304  Counterexamples/OctonionJordanFamilySymmetryWrongValueCostume.lean  rejected at the math field
ok    C305  Counterexamples/OctonionJordanInnerMultiplicationWrongValueCostume.lean  rejected at the math field
ok    C306  Counterexamples/OctonionJordanInnerMultiplicationTriangleWrongValueCostume.lean  rejected at the math field
ok    C307  Counterexamples/TowerGatherJointChargeIsospinWeightsWrongValueCostume.lean  rejected at the math field
ok    C308  Counterexamples/TowerGatherIsospinMultipletWrongValueCostume.lean  rejected at the math field
ok    C309  Counterexamples/TowerGatherHyperchargeDoublingIntertwinerWrongValueCostume.lean  rejected at the math field
ok    C310  Counterexamples/TowerWorldMapWeakDoubletLeftRegularWrongValueCostume.lean  rejected at the math field
ok    C311  Counterexamples/TowerWorldMapWeakDoubletTwoHandedSO4WrongValueCostume.lean  rejected at the math field
ok    C312  Counterexamples/TowerWorldMapFoldRootNeutralTorusWrongValueCostume.lean  rejected at the math field
ok    C313  Counterexamples/OctonionJordanDerivationAlgebraWrongValueCostume.lean  rejected at the math field
ok    C314  Counterexamples/OctonionJordanHermDerivationAlgebraWrongValueCostume.lean  rejected at the math field
ok    C315  Counterexamples/OctonionJordanInnerDerivationLeibnizWrongValueCostume.lean  rejected at the math field
ok    C316  Counterexamples/OctonionJordanGaugeNeutralInnerDerivationWrongValueCostume.lean  rejected at the math field
ok    C317  Counterexamples/OctonionJordanFamilyRotationGeneratorsWrongValueCostume.lean  rejected at the math field
ok    C318  Counterexamples/OctonionJordanFamilyRotationSo3ClosureWrongValueCostume.lean  rejected at the math field
ok    C319  Counterexamples/OctonionJordanFamilyInvariantCoreWrongValueCostume.lean  rejected at the math field
ok    C320  Counterexamples/OctonionJordanGaugeFamilyCouplingWrongValueCostume.lean  rejected at the math field
ok    C321  Counterexamples/OctonionJordanColourCentralizerCosetWrongValueCostume.lean  rejected at the math field
ok    C322  Counterexamples/OctonionJordanColourCentralizerCosetClosureWrongValueCostume.lean  rejected at the math field
ok    C323  Counterexamples/OctonionJordanColourFlavourCommutingPairWrongValueCostume.lean  rejected at the math field
ok    C324  Counterexamples/OctonionJordanSpectrumMovingSectorWrongValueCostume.lean  rejected at the math field
ok    C325  Counterexamples/OctonionJordanSpectrumMovingSectorEquivarianceWrongValueCostume.lean  rejected at the math field
ok    C326  Counterexamples/OctonionJordanSpectrumMovingSectorGradingWrongValueCostume.lean  rejected at the math field
ok    C327  Counterexamples/OctonionJordanTraceFormInvarianceWrongValueCostume.lean  rejected at the math field
ok    C328  Counterexamples/OctonionJordanHermTraceCommutatorWrongValueCostume.lean  rejected at the math field
ok    C329  Counterexamples/OctonionJordanHermTraceCoefficientWrongValueCostume.lean  rejected at the math field
ok    C330  Counterexamples/OctonionJordanFamilyMassMixingOrbitWrongValueCostume.lean  rejected at the math field
ok    C331  Counterexamples/OctonionJordanCubicIsospectralWrongValueCostume.lean  rejected at the math field
ok    C332  Counterexamples/OctonionJordanFamilyMixingComplexificationWrongValueCostume.lean  rejected at the math field
ok    C333  Counterexamples/OctonionJordanGenerationChargesWrongValueCostume.lean  rejected at the math field
ok    C334  Counterexamples/OctonionJordanGenerationCycleBornSplitWrongValueCostume.lean  rejected at the math field
ok    C335  Counterexamples/OctonionJordanGenerationCycleFormWrongValueCostume.lean  rejected at the math field
ok    C336  Counterexamples/OctonionJordanGenerationKoideWrongValueCostume.lean  rejected at the math field
ok    C337  Counterexamples/OctonionJordanGenerationCyclePhaseWrongValueCostume.lean  rejected at the math field
ok    C338  Counterexamples/OctonionJordanGenerationMassRatiosWrongValueCostume.lean  rejected at the math field
ok    C339  Counterexamples/OctonionJordanGenerationAssociatorDeviationWrongValueCostume.lean  rejected at the math field
ok    C340  Counterexamples/OctonionJordanGenerationMixingFrameWrongValueCostume.lean  rejected at the math field
ok    C341  Counterexamples/OctonionJordanGenerationMixingOverlapWrongValueCostume.lean  rejected at the math field
ok    C342  Counterexamples/OctonionStructure3FormNormWrongValueCostume.lean  rejected at the math field
ok    C343  Counterexamples/InteractionChannelTowerWrongValueCostume.lean  rejected at the math field
ok    C344  Counterexamples/BornIsometryCompletenessWrongValueCostume.lean  rejected at the math field
ok    C345  Counterexamples/FineStructureScaleCouplingWrongValueCostume.lean  rejected at the math field
ok    C346  Counterexamples/ChiralGenerationChargeTraceWrongValueCostume.lean  rejected at the math field
ok    C347  Counterexamples/ChiralGenerationIsospinTraceWrongValueCostume.lean  rejected at the math field
ok    C348  Counterexamples/OneCouplingCoherenceWrongValueCostume.lean  rejected at the math field
ok    C349  Counterexamples/DimensionalTransmutationWrongFormCostume.lean  rejected at the math field
ok    C350  Counterexamples/TrigPythagoreanWrongValueCostume.lean  rejected at the math field
ok    C351  Counterexamples/TrigAdditionWrongSignCostume.lean  rejected at the math field
ok    C352  Counterexamples/TrigPiHalfTurnWrongValueCostume.lean  rejected at the math field
ok    C353  Counterexamples/SphereFluxWrongValueCostume.lean  rejected at the math field
ok    C354  Counterexamples/ScaleTowerNumeratorLockWrongValueCostume.lean  rejected at the math field
ok    C355  Counterexamples/NewtonScaleProductWrongExponentCostume.lean  rejected at the math field
ok    C356  Counterexamples/PlanckMassRatioWrongExponentCostume.lean  rejected at the math field
ok    C357  Counterexamples/ScaleTowerLadderWrongCompositeCostume.lean  rejected at the math field
ok    C358  Counterexamples/SeesawScaleWrongExponentCostume.lean  rejected at the math field
ok    C359  Counterexamples/ScaleTowerOneObjectWrongRungCostume.lean  rejected at the math field
ok    C360  Counterexamples/NeutrinoMassSumWrongGenCountCostume.lean  rejected at the math field
ok    C361  Counterexamples/NeutrinoMasslessGenerationWrongCountCostume.lean  rejected at the math field
ok    C362  Counterexamples/SterileNeutrinoDarkMatterWrongScaleCostume.lean  rejected at the math field
ok    C363  Counterexamples/CosmologyContactConsolidationWrongBlockCostume.lean  rejected at the math field
ok    C364  Counterexamples/ContinuumTrigEvalWrongValueCostume.lean  rejected at the math field
ok    C365  Counterexamples/GenerationMassRatiosWrongValueCostume.lean  rejected at the math field
ok    C366  Counterexamples/FineStructureRunningCouplingWrongSignCostume.lean  rejected at the math field
ok    C367  Counterexamples/WeinbergAngleRunningWrongDirectionCostume.lean  rejected at the math field
ok    C368  Counterexamples/GenerationMixingAnglesWrongValueCostume.lean  rejected at the math field
ok    C369  Counterexamples/GenerationJarlskogWrongValueCostume.lean  rejected at the math field
ok    C370  Counterexamples/FlavorGaugePredictionTableWrongValueCostume.lean  rejected at the math field
ok    C371  Counterexamples/SpacetimeWeakFieldMetricVacuityCostume.lean  rejected at the math field
ok    C372  Counterexamples/SpacetimeConnectionVacuityCostume.lean  rejected at the math field
ok    C373  Counterexamples/SpacetimeCurvatureVacuityCostume.lean  rejected at the math field
ok    C374  Counterexamples/SpacetimeCurvatureScalarVacuityCostume.lean  rejected at the math field
ok    C375  Counterexamples/SpacetimeOperatorDerivativeVacuityCostume.lean  rejected at the math field
ok    C376  Counterexamples/SpacetimeRiemannAssemblyVacuityCostume.lean  rejected at the math field
ok    C377  Counterexamples/SpacetimeRicciVacuityCostume.lean  rejected at the math field
ok    C378  Counterexamples/SpacetimeRicciScalarVacuityCostume.lean  rejected at the math field
ok    C379  Counterexamples/SpacetimeEinsteinTensorVacuityCostume.lean  rejected at the math field
ok    C380  Counterexamples/SpacetimeBianchiVacuityCostume.lean  rejected at the math field
ok    C381  Counterexamples/SpacetimeDivergenceVacuityCostume.lean  rejected at the math field
ok    C382  Counterexamples/SpacetimeCovariantDerivativeVacuityCostume.lean  rejected at the math field
ok    C383  Counterexamples/SpacetimeFieldEquationLHSVacuityCostume.lean  rejected at the math field
ok    C384  Counterexamples/SpacetimeGravitationalCouplingVacuityCostume.lean  rejected at the math field
ok    C385  Counterexamples/SpacetimeHawkingTemperatureVacuityCostume.lean  rejected at the math field
ok    C386  Counterexamples/SpacetimeBlackHoleEntropyVacuityCostume.lean  rejected at the math field
ok    C387  Counterexamples/SpacetimePageCurveVacuityCostume.lean  rejected at the math field
ok    C388  Counterexamples/SpacetimeSingularityClosureVacuityCostume.lean  rejected at the math field
ok    C389  Counterexamples/CosmoInflationPlateauExclusionVacuityCostume.lean  rejected at the math field
ok    C390  Counterexamples/CosmoArcReturnSurfaceConsolidationVacuityCostume.lean  rejected at the math field
ok    C391  Counterexamples/ChiralGenerationAnomalyCancellationVacuityCostume.lean  rejected at the math field
ok    C392  Counterexamples/StrongCPThetaVacuityCostume.lean  rejected at the math field
ok    C393  Counterexamples/ProtonStabilitySelectionRuleVacuityCostume.lean  rejected at the math field
ok    C394  Counterexamples/ContinuumExpDerivVacuityCostume.lean  rejected at the math field
ok    C395  Counterexamples/FoldPotentialCriticalityVacuityCostume.lean  rejected at the math field
ok    C396  Counterexamples/NeutrinoTrimaximalMixingVacuityCostume.lean  rejected at the math field
ok    C397  Counterexamples/NoDialDissolutionVacuityCostume.lean  rejected at the math field
ok    C398  Counterexamples/ExchangeStatisticsDichotomyVacuityCostume.lean  rejected at the math field
ok    C399  Counterexamples/UniversalityCriticalExponentVacuityCostume.lean  rejected at the math field
ok    C400  Counterexamples/MaxEntArrowOfTimeVacuityCostume.lean  rejected at the math field
ok    C401  Counterexamples/LandauerBoundVacuityCostume.lean  rejected at the math field
ok    C402  Counterexamples/PathIntegralMeasureRenormVacuityCostume.lean  rejected at the math field
ok    C403  Counterexamples/EmergentLayerConsolidationVacuityCostume.lean  rejected at the math field
ok    C404  Counterexamples/ContinuumExpAntiderivVacuityCostume.lean  rejected at the math field
ok    C405  Counterexamples/CosmoInflationSlowRollVacuityCostume.lean  rejected at the math field
ok    C406  Counterexamples/BaryogenesisAsymmetryVacuityCostume.lean  rejected at the math field
ok    C407  Counterexamples/CosmoDarkEnergyEquationOfStateVacuityCostume.lean  rejected at the math field
ok    C408  Counterexamples/CosmicFateEternalApproachVacuityCostume.lean  rejected at the math field
ok    C409  Counterexamples/CosmoNoGenealogyFarSideVacuityCostume.lean  rejected at the math field
ok    C410  Counterexamples/ConfinementCriterionVacuityCostume.lean  rejected at the math field
ok    C411  Counterexamples/ConfinementColourSingletVacuityCostume.lean  rejected at the math field
ok    C412  Counterexamples/ConfinementAreaLawVacuityCostume.lean  rejected at the math field
ok    C413  Counterexamples/ConfinementMassGapVacuityCostume.lean  rejected at the math field
ok    C414  Counterexamples/ConfinementHadronicMassVacuityCostume.lean  rejected at the math field
ok    C415  Counterexamples/ConfinementArcConsolidationVacuityCostume.lean  rejected at the math field
ok    C416  Counterexamples/PrimitiveFibreVacuityCostume.lean  rejected at the math field
ok    C417  Counterexamples/ComplexStructureVacuityCostume.lean  rejected at the math field
ok    C418  Counterexamples/BornRuleVacuityCostume.lean  rejected at the math field
ok    C419  Counterexamples/MeasurementVacuityCostume.lean  rejected at the math field
ok    C420  Counterexamples/CompositeVacuityCostume.lean  rejected at the math field
ok    C421  Counterexamples/ConsolidationVacuityCostume.lean  rejected at the math field
ok    C422  Counterexamples/UnitarityVacuityCostume.lean  rejected at the math field
ok    C423  Counterexamples/AsymptoticStatesVacuityCostume.lean  rejected at the math field
ok    C424  Counterexamples/TransitionAmplitudeVacuityCostume.lean  rejected at the math field
ok    C425  Counterexamples/SMatrixVacuityCostume.lean  rejected at the math field
ok    C426  Counterexamples/ArcKConsolidationVacuityCostume.lean  rejected at the math field
ok    C427  Counterexamples/NuclearResidualColourVacuityCostume.lean  rejected at the math field
ok    C428  Counterexamples/AtomicShellPauliVacuityCostume.lean  rejected at the math field
ok    C429  Counterexamples/ChemicalPeriodicityVacuityCostume.lean  rejected at the math field
ok    C430  Counterexamples/CondensedMatterPhaseTransitionVacuityCostume.lean  rejected at the math field
ok    C431  Counterexamples/EmergentMatterLadderConsolidationVacuityCostume.lean  rejected at the math field
ok    C432  Counterexamples/ScaleTowerWindingQuantizationVacuityCostume.lean  rejected at the math field
ok    C433  Counterexamples/ScaleTowerGearDecompositionVacuityCostume.lean  rejected at the math field
ok    C434  Counterexamples/ScaleTowerAbsoluteScaleChainVacuityCostume.lean  rejected at the math field
ok    C435  Counterexamples/ArcMConsolidationVacuityCostume.lean  rejected at the math field
ok    C436  Counterexamples/TowerGatherBarMonadVacuityCostume.lean  rejected at the math field
ok    C437  Counterexamples/TowerGatherPhysicalStateVacuityCostume.lean  rejected at the math field
ok    C438  Counterexamples/TowerGatherObstructionUnificationVacuityCostume.lean  rejected at the math field
ok    C439  Counterexamples/GatherFoldGroundGenerativityVacuityCostume.lean  rejected at the math field
ok    C440  Counterexamples/TowerGatherArcConsolidationVacuityCostume.lean  rejected at the math field
ok    C441  Counterexamples/CascadeFoldPhaseVacuityCostume.lean  rejected at the math field
ok    C442  Counterexamples/ScaleTowerDischargeArcMVacuityCostume.lean  rejected at the math field
ok    C443  Counterexamples/CKMTwoSectorPhaseVacuityCostume.lean  rejected at the math field
ok    C444  Counterexamples/SpacetimeReductionVacuityCostume.lean  rejected at the math field
ok    C445  Counterexamples/PoincareMassEnergyVacuityCostume.lean  rejected at the math field
ok    C446  Counterexamples/NoHiddenVariableVacuityCostume.lean  rejected at the math field
ok    C447  Counterexamples/EquivalenceNoetherVacuityCostume.lean  rejected at the math field
ok    C448  Counterexamples/ReciprocalSpectrumVacuityCostume.lean  rejected at the math field
ok    C449  Counterexamples/UnruhModularWeldVacuityCostume.lean  rejected at the math field
ok    C450  Counterexamples/ArcOConsolidationVacuityCostume.lean  rejected at the math field
ok    C451  Counterexamples/ElectroweakTransmutationVacuityCostume.lean  rejected at the math field
ok    C452  Counterexamples/AbsoluteMassSpectrumVacuityCostume.lean  rejected at the math field
ok    C453  Counterexamples/NonAbelianAnomalyVacuityCostume.lean  rejected at the math field
ok    C454  Counterexamples/GaugeThetaHyperchargeNormalizationVacuityCostume.lean  rejected at the math field
ok    C455  Counterexamples/SpacetimeCovariantDivergenceVacuityCostume.lean  rejected at the math field
ok    C456  Counterexamples/SpacetimeTwiceContractedBianchiVacuityCostume.lean  rejected at the math field
ok    C457  Counterexamples/OctonionJordanTrialityGroupVacuityCostume.lean  rejected at the math field
ok    C458  Counterexamples/ParameterFreeCertificateVacuityCostume.lean  rejected at the math field
ok    C459  Counterexamples/ArcPConsolidationVacuityCostume.lean  rejected at the math field
ok    C460  Counterexamples/ParityMirrorObstructionVacuityCostume.lean  rejected at the math field
ok    C461  Counterexamples/CosmoLambdaSaturationResidueVacuityCostume.lean  rejected at the math field
ok    C462  Counterexamples/TsirelsonBoundVacuityCostume.lean  rejected at the math field
ok    C463  Counterexamples/CPTInvolutionWeldVacuityCostume.lean  rejected at the math field
ok    C464  Counterexamples/RadiationArrowVacuityCostume.lean  rejected at the math field
ok    C465  Counterexamples/GeodesicMotionVacuityCostume.lean  rejected at the math field
ok    C466  Counterexamples/DimensionSelectionVacuityCostume.lean  rejected at the math field
ok    C467  Counterexamples/PredictionRegistryVacuityCostume.lean  rejected at the math field
ok    C468  Counterexamples/EmergentQuantizationVacuityCostume.lean  rejected at the math field
ok    C469  Counterexamples/ArcQConsolidationVacuityCostume.lean  rejected at the math field
ok    C470  Counterexamples/StandpointStratumVacuityCostume.lean  rejected at the math field
ok    C471  Counterexamples/StandpointResidualVacuityCostume.lean  rejected at the math field
ok    C472  Counterexamples/StandpointChannelVacuityCostume.lean  rejected at the math field
ok    C473  Counterexamples/StandpointTowerVacuityCostume.lean  rejected at the math field
ok    C474  Counterexamples/StandpointCompletionVacuityCostume.lean  rejected at the math field
ok    C475  Counterexamples/StandpointLatticeVacuityCostume.lean  rejected at the math field
ok    C476  Counterexamples/StandpointArityVacuityCostume.lean  rejected at the math field
ok    C477  Counterexamples/StandpointArtinVacuityCostume.lean  rejected at the math field
ok    C478  Counterexamples/StandpointArcConsolidationVacuityCostume.lean  rejected at the math field
ok    C479  Counterexamples/StandpointTrajectoryVacuityCostume.lean  rejected at the math field
ok    C480  Counterexamples/CosmoEquationOfStateCensusVacuityCostume.lean  rejected at the math field
ok    C481  Counterexamples/CosmoStructureGrowingModeVacuityCostume.lean  rejected at the math field
ok    C482  Counterexamples/CosmoGravitationalSourceThresholdVacuityCostume.lean  rejected at the math field
ok    C483  Counterexamples/CosmoEnthalpyNullEnergyVacuityCostume.lean  rejected at the math field
ok    C484  Counterexamples/CosmoDensityDilutionVacuityCostume.lean  rejected at the math field
ok    C485  Counterexamples/FineStructureLoopNormalizationVacuityCostume.lean  rejected at the math field
ok    C486  Counterexamples/FineStructureRunningExactVacuityCostume.lean  rejected at the math field
ok    C487  Counterexamples/FineStructureCensusBandsVacuityCostume.lean  rejected at the math field
ok    C488  Counterexamples/HadronicSpectrumVacuityCostume.lean  rejected at the math field
ok    C489  Counterexamples/FineStructureAllOrdersNormalizationVacuityCostume.lean  rejected at the math field
ok    C490  Counterexamples/FineStructureZeroMomentumVacuityCostume.lean  rejected at the math field
ok    C491  Counterexamples/FineStructureMZReadingsVacuityCostume.lean  rejected at the math field
ok    C492  Counterexamples/LeptonMassTowerVacuityCostume.lean  rejected at the math field
ok    C493  Counterexamples/QuarkHadronTowerVacuityCostume.lean  rejected at the math field
ok    C494  Counterexamples/XArcValidationCapstoneVacuityCostume.lean  rejected at the math field
ok    C495  Counterexamples/GatherSelfCensusVacuityCostume.lean  rejected at the math field
ok    C496  Counterexamples/TwoChannelDescentVacuityCostume.lean  rejected at the math field
ok    C497  Counterexamples/QuarkTextureVacuityCostume.lean  rejected at the math field
ok    C498  Counterexamples/BandEdgeListVacuityCostume.lean  rejected at the math field
ok    C499  Counterexamples/DepthTowerDescentVacuityCostume.lean  rejected at the math field
ok    C500  Counterexamples/EndpointAssemblyVacuityCostume.lean  rejected at the math field
ok    C501  Counterexamples/WayPointReadingsVacuityCostume.lean  rejected at the math field
ok    C502  Counterexamples/ZArcValidationCapstoneVacuityCostume.lean  rejected at the math field
ok    C503  Counterexamples/ContinuumBracketVacuityCostume.lean  rejected at the math field
ok    C504  Counterexamples/SubBandCompletionVacuityCostume.lean  rejected at the math field
ok    C505  Counterexamples/DepthWeightVacuityCostume.lean  rejected at the math field
ok    C506  Counterexamples/AssembledBracketVacuityCostume.lean  rejected at the math field
ok    C507  Counterexamples/InvCutPiBracketVacuityCostume.lean  rejected at the math field
ok    C508  Counterexamples/NarrowedBracketVacuityCostume.lean  rejected at the math field
ok    C509  Counterexamples/NarrowedBracket2VacuityCostume.lean  rejected at the math field
ok    C510  Counterexamples/NarrowedBracket3VacuityCostume.lean  rejected at the math field
ok    C511  Counterexamples/NarrowedBracket4VacuityCostume.lean  rejected at the math field
ok    C512  Counterexamples/NarrowedBracket5VacuityCostume.lean  rejected at the math field
ok    C513  Counterexamples/NarrowedBracket6VacuityCostume.lean  rejected at the math field
ok    C514  Counterexamples/NarrowedBracket7VacuityCostume.lean  rejected at the math field
ok    C515  Counterexamples/NarrowedBracket8VacuityCostume.lean  rejected at the math field
ok    C516  Counterexamples/NarrowedBracket9VacuityCostume.lean  rejected at the math field
ok    C517  Counterexamples/NarrowedBracket10VacuityCostume.lean  rejected at the math field
ok    C518  Counterexamples/NarrowedBracket11VacuityCostume.lean  rejected at the math field
ok    C519  Counterexamples/NarrowedBracket12VacuityCostume.lean  rejected at the math field
ok    C520  Counterexamples/WayPointBracketVacuityCostume.lean  rejected at the math field
ok    C521  Counterexamples/TheNumeralVacuityCostume.lean  rejected at the math field
ok    C522  Counterexamples/FreezeoutCompositionVacuityCostume.lean  rejected at the math field
ok    C523  Counterexamples/GenerationCyclePhaseLineIndependenceVacuityCostume.lean  rejected at the math field
ok    C524  Counterexamples/GenerationEdgeBornSurvivalVacuityCostume.lean  rejected at the math field
ok    C525  Counterexamples/GenerationDepthDressedMixingNumericVacuityCostume.lean  rejected at the math field
ok    C526  Counterexamples/JordanArenaDimensionVacuityCostume.lean  rejected at the math field
---
costume battery: 525/525 passed, 0 failed (parallel x8)
ok: costume battery green
── D6: axiom audit (foundations-only) ──
ok: all 6618 audited theorems rest on Lean foundations only
════════════════════════════════════════════════════════════════
GATE: PASSED  (necessary, NOT sufficient — now apply docs/STANDARD.md: unbroken /
               complete / physics-words-removable. Gate-green ≠ done.)
