════════════════════════════════════════════════════════════════
 phys-lean GATE-FAST (per-node) — HEAD 3e692ec — diff base f6b5dd6
════════════════════════════════════════════════════════════════
── diff vs f6b5dd6 ──
    M	Audits/AxiomAudit.lean
    A	Counterexamples/ScaleTowerNumeralsVacuityCostume.lean
    M	Phys.lean
    A	Phys/Algebra/ScaleTowerNumerals.lean
    M	docs/LEDGER.md
    M	scripts/costume_manifest.tsv
    A	workbench/M4-scale-tower-numeral/NOTE.md
    A	workbench/M4-scale-tower-numeral/PREREG.md
    A	workbench/M4-scale-tower-numeral/Probe.lean
    A	workbench/M4-scale-tower-numeral/audit_block.txt
    A	workbench/M4-scale-tower-numeral/design.py
    A	workbench/M4-scale-tower-numeral/ledger_row.md
    A	workbench/M4-scale-tower-numeral/verify.py
── (leaf commit: append-only; fast path is equivalent to full for HEAD 3e692ec) ──
── D0: zero-axiom policy ──
ok: zero axiom declarations
── D1: no sorry / admit ──
ok: no sorry / admit
── D2: no native_decide ──
ok: no native_decide
── D3: NO BRIDGE / NO RESIDUAL (STANDARD §0,§1) ──
ok: no bridge/residual markers
── D4: build ──
ok: Phys builds
── D5-fast: newly-added costume(s) must bite ──
    ok    C550  Counterexamples/ScaleTowerNumeralsVacuityCostume.lean  rejected at the math field
    ---
    costume battery: 1/1 passed, 0 failed (parallel x8)
ok: new costume(s) bite at the math field
── D6-fast: newly-added AxiomAudit lines foundations-only ──
ok: 14 newly-banked decls foundations-only
════════════════════════════════════════════════════════════════
GATE-FAST: PASSED  (necessary, NOT sufficient — now apply docs/STANDARD.md:
           unbroken / complete / physics-words-removable. Gate-green ≠ done.)
           The frozen history is re-verified async by the 3-hourly gate-full.
