════════════════════════════════════════════════════════════════
 phys-lean GATE-FAST (per-node) — HEAD 37f5625 — diff base ffc58e9
════════════════════════════════════════════════════════════════
── diff vs ffc58e9 ──
    M	Audits/AxiomAudit.lean
    A	Counterexamples/UnruhModularWeldVacuityCostume.lean
    M	Phys.lean
    A	Phys/Algebra/UnruhModularWeld.lean
    M	scripts/costume_manifest.tsv
── (leaf commit: append-only; fast path is equivalent to full for HEAD 37f5625) ──
── D0: zero-axiom policy ──
ok: zero axiom declarations
── D1: no sorry / admit ──
ok: no sorry / admit
── D2: no native_decide ──
ok: no native_decide
── D3: NO BRIDGE / NO RESIDUAL (STANDARD §0,§1) ──
ok: no bridge/residual markers
── D4: build ──
ok: Phys builds
── D5-fast: newly-added costume(s) must bite ──
    ok    C449  Counterexamples/UnruhModularWeldVacuityCostume.lean  rejected at the math field
    ---
    costume battery: 1/1 passed, 0 failed (parallel x8)
ok: new costume(s) bite at the math field
── D6-fast: newly-added AxiomAudit lines foundations-only ──
GATE-FAST FAILING (D6-fast): audit errored:
/tmp/gatefast_audit_XXXX.lean:2:14: error(lean.unknownIdentifier): Unknown constant `Phys.Algebra.UnruhModularWeld.unruhPeriod_eq_hawkingPeriod`
/tmp/gatefast_audit_XXXX.lean:3:14: error(lean.unknownIdentifier): Unknown constant `Phys.Algebra.UnruhModularWeld.unruhPeriod_eq`
/tmp/gatefast_audit_XXXX.lean:4:14: error(lean.unknownIdentifier): Unknown constant `Phys.Algebra.UnruhModularWeld.rindler_closes`
/tmp/gatefast_audit_XXXX.lean:5:14: error(lean.unknownIdentifier): Unknown constant `Phys.Algebra.UnruhModularWeld.rindler_half_period_conical`
/tmp/gatefast_audit_XXXX.lean:6:14: error(lean.unknownIdentifier): Unknown constant `Phys.Algebra.UnruhModularWeld.unruh_closure`
════════════════════════════════════════════════════════════════
GATE-FAST: FAILED
