════════════════════════════════════════════════════════════════
 phys-lean GATE-FAST (per-node) — HEAD 8aedd29 — diff base 0f547f3
════════════════════════════════════════════════════════════════
── diff vs 0f547f3 ──
    M	Audits/AxiomAudit.lean
    A	Counterexamples/ConfinementMassGapVacuityCostume.lean
    M	Phys.lean
    A	Phys/Algebra/ConfinementMassGap.lean
    M	docs/LEDGER.md
    M	scripts/costume_manifest.tsv
    A	workbench/N387-area-law/gate.log
    A	workbench/N388-mass-gap/PREREG.md
    A	workbench/N388-mass-gap/audit388.lean
    A	workbench/N388-mass-gap/ledger_row.md
    A	workbench/N388-mass-gap/probe1.lean
    A	workbench/N388-mass-gap/probe2.lean
    A	workbench/N388-mass-gap/probe3.lean
    A	workbench/N388-mass-gap/probe3b.lean
── (leaf commit: append-only; fast path is equivalent to full for HEAD 8aedd29) ──
── D0: zero-axiom policy ──
ok: zero axiom declarations
── D1: no sorry / admit ──
ok: no sorry / admit
── D2: no native_decide ──
ok: no native_decide
── D3: NO BRIDGE / NO RESIDUAL (STANDARD §0,§1) ──
ok: no bridge/residual markers
── D4: build ──
ok: Phys builds
── D5-fast: newly-added costume(s) must bite ──
    ok    C413  Counterexamples/ConfinementMassGapVacuityCostume.lean  rejected at the math field
    ---
    costume battery: 1/1 passed, 0 failed (parallel x8)
ok: new costume(s) bite at the math field
── D6-fast: newly-added AxiomAudit lines foundations-only ──
ok: 10 newly-banked decls foundations-only
════════════════════════════════════════════════════════════════
GATE-FAST: PASSED  (necessary, NOT sufficient — now apply docs/STANDARD.md:
           unbroken / complete / physics-words-removable. Gate-green ≠ done.)
           The frozen history is re-verified async by the 3-hourly gate-full.
