Phys/ProbeN274_C.lean:24:23: error(lean.unknownIdentifier): Unknown identifier `sub_re`
Phys/ProbeN274_C.lean:24:31: error(lean.unknownIdentifier): Unknown identifier `sub_im`
Phys/ProbeN274_C.lean:24:23: error(lean.unknownIdentifier): Unknown identifier `sub_re`
Phys/ProbeN274_C.lean:24:31: error(lean.unknownIdentifier): Unknown identifier `sub_im`
Phys/ProbeN274_C.lean:24:23: error(lean.unknownIdentifier): Unknown identifier `sub_re`
Phys/ProbeN274_C.lean:24:31: error(lean.unknownIdentifier): Unknown identifier `sub_im`
Phys/ProbeN274_C.lean:24:23: error(lean.unknownIdentifier): Unknown identifier `sub_re`
Phys/ProbeN274_C.lean:24:31: error(lean.unknownIdentifier): Unknown identifier `sub_im`
Phys/ProbeN274_C.lean:24:23: error(lean.unknownIdentifier): Unknown identifier `sub_re`
Phys/ProbeN274_C.lean:24:31: error(lean.unknownIdentifier): Unknown identifier `sub_im`
Phys/ProbeN274_C.lean:24:23: error(lean.unknownIdentifier): Unknown identifier `sub_re`
Phys/ProbeN274_C.lean:24:31: error(lean.unknownIdentifier): Unknown identifier `sub_im`
Phys/ProbeN274_C.lean:24:23: error(lean.unknownIdentifier): Unknown identifier `sub_re`
Phys/ProbeN274_C.lean:24:31: error(lean.unknownIdentifier): Unknown identifier `sub_im`
Phys/ProbeN274_C.lean:24:23: error(lean.unknownIdentifier): Unknown identifier `sub_re`
Phys/ProbeN274_C.lean:24:31: error(lean.unknownIdentifier): Unknown identifier `sub_im`
Phys/ProbeN274_C.lean:24:23: error(lean.unknownIdentifier): Unknown identifier `sub_re`
Phys/ProbeN274_C.lean:24:31: error(lean.unknownIdentifier): Unknown identifier `sub_im`
Phys/ProbeN274_C.lean:24:23: error(lean.unknownIdentifier): Unknown identifier `sub_re`
Phys/ProbeN274_C.lean:24:31: error(lean.unknownIdentifier): Unknown identifier `sub_im`
Phys/ProbeN274_C.lean:24:23: error(lean.unknownIdentifier): Unknown identifier `sub_re`
Phys/ProbeN274_C.lean:24:31: error(lean.unknownIdentifier): Unknown identifier `sub_im`
Phys/ProbeN274_C.lean:24:23: error(lean.unknownIdentifier): Unknown identifier `sub_re`
Phys/ProbeN274_C.lean:24:31: error(lean.unknownIdentifier): Unknown identifier `sub_im`
Phys/ProbeN274_C.lean:24:23: error(lean.unknownIdentifier): Unknown identifier `sub_re`
Phys/ProbeN274_C.lean:24:31: error(lean.unknownIdentifier): Unknown identifier `sub_im`
Phys/ProbeN274_C.lean:24:23: error(lean.unknownIdentifier): Unknown identifier `sub_re`
Phys/ProbeN274_C.lean:24:31: error(lean.unknownIdentifier): Unknown identifier `sub_im`
Phys/ProbeN274_C.lean:24:23: error(lean.unknownIdentifier): Unknown identifier `sub_re`
Phys/ProbeN274_C.lean:24:31: error(lean.unknownIdentifier): Unknown identifier `sub_im`
Phys/ProbeN274_C.lean:24:23: error(lean.unknownIdentifier): Unknown identifier `sub_re`
Phys/ProbeN274_C.lean:24:31: error(lean.unknownIdentifier): Unknown identifier `sub_im`
Phys/ProbeN274_C.lean:24:23: error(lean.unknownIdentifier): Unknown identifier `sub_re`
Phys/ProbeN274_C.lean:24:31: error(lean.unknownIdentifier): Unknown identifier `sub_im`
Phys/ProbeN274_C.lean:24:23: error(lean.unknownIdentifier): Unknown identifier `sub_re`
Phys/ProbeN274_C.lean:24:31: error(lean.unknownIdentifier): Unknown identifier `sub_im`
Phys/ProbeN274_C.lean:24:23: error(lean.unknownIdentifier): Unknown identifier `sub_re`
Phys/ProbeN274_C.lean:24:31: error(lean.unknownIdentifier): Unknown identifier `sub_im`
Phys/ProbeN274_C.lean:24:23: error(lean.unknownIdentifier): Unknown identifier `sub_re`
Phys/ProbeN274_C.lean:24:31: error(lean.unknownIdentifier): Unknown identifier `sub_im`
Phys/ProbeN274_C.lean:24:23: error(lean.unknownIdentifier): Unknown identifier `sub_re`
Phys/ProbeN274_C.lean:24:31: error(lean.unknownIdentifier): Unknown identifier `sub_im`
Phys/ProbeN274_C.lean:24:23: error(lean.unknownIdentifier): Unknown identifier `sub_re`
Phys/ProbeN274_C.lean:24:31: error(lean.unknownIdentifier): Unknown identifier `sub_im`
Phys/ProbeN274_C.lean:24:23: error(lean.unknownIdentifier): Unknown identifier `sub_re`
Phys/ProbeN274_C.lean:24:31: error(lean.unknownIdentifier): Unknown identifier `sub_im`
Phys/ProbeN274_C.lean:24:23: error(lean.unknownIdentifier): Unknown identifier `sub_re`
Phys/ProbeN274_C.lean:24:31: error(lean.unknownIdentifier): Unknown identifier `sub_im`
Phys/ProbeN274_C.lean:24:23: error(lean.unknownIdentifier): Unknown identifier `sub_re`
Phys/ProbeN274_C.lean:24:31: error(lean.unknownIdentifier): Unknown identifier `sub_im`
Phys/ProbeN274_C.lean:24:23: error(lean.unknownIdentifier): Unknown identifier `sub_re`
Phys/ProbeN274_C.lean:24:31: error(lean.unknownIdentifier): Unknown identifier `sub_im`
Phys/ProbeN274_C.lean:24:23: error(lean.unknownIdentifier): Unknown identifier `sub_re`
Phys/ProbeN274_C.lean:24:31: error(lean.unknownIdentifier): Unknown identifier `sub_im`
Phys/ProbeN274_C.lean:24:23: error(lean.unknownIdentifier): Unknown identifier `sub_re`
Phys/ProbeN274_C.lean:24:31: error(lean.unknownIdentifier): Unknown identifier `sub_im`
Phys/ProbeN274_C.lean:24:23: error(lean.unknownIdentifier): Unknown identifier `sub_re`
Phys/ProbeN274_C.lean:24:31: error(lean.unknownIdentifier): Unknown identifier `sub_im`
Phys/ProbeN274_C.lean:24:23: error(lean.unknownIdentifier): Unknown identifier `sub_re`
Phys/ProbeN274_C.lean:24:31: error(lean.unknownIdentifier): Unknown identifier `sub_im`
Phys/ProbeN274_C.lean:24:23: error(lean.unknownIdentifier): Unknown identifier `sub_re`
Phys/ProbeN274_C.lean:24:31: error(lean.unknownIdentifier): Unknown identifier `sub_im`
Phys/ProbeN274_C.lean:24:23: error(lean.unknownIdentifier): Unknown identifier `sub_re`
Phys/ProbeN274_C.lean:24:31: error(lean.unknownIdentifier): Unknown identifier `sub_im`
Phys/ProbeN274_C.lean:24:23: error(lean.unknownIdentifier): Unknown identifier `sub_re`
Phys/ProbeN274_C.lean:24:31: error(lean.unknownIdentifier): Unknown identifier `sub_im`
Phys/ProbeN274_C.lean:24:23: error(lean.unknownIdentifier): Unknown identifier `sub_re`
Phys/ProbeN274_C.lean:24:31: error(lean.unknownIdentifier): Unknown identifier `sub_im`
Phys/ProbeN274_C.lean:24:23: error(lean.unknownIdentifier): Unknown identifier `sub_re`
Phys/ProbeN274_C.lean:24:31: error(lean.unknownIdentifier): Unknown identifier `sub_im`
Phys/ProbeN274_C.lean:24:23: error(lean.unknownIdentifier): Unknown identifier `sub_re`
Phys/ProbeN274_C.lean:24:31: error(lean.unknownIdentifier): Unknown identifier `sub_im`
Phys/ProbeN274_C.lean:24:23: error(lean.unknownIdentifier): Unknown identifier `sub_re`
Phys/ProbeN274_C.lean:24:31: error(lean.unknownIdentifier): Unknown identifier `sub_im`
Phys/ProbeN274_C.lean:24:23: error(lean.unknownIdentifier): Unknown identifier `sub_re`
Phys/ProbeN274_C.lean:24:31: error(lean.unknownIdentifier): Unknown identifier `sub_im`
Phys/ProbeN274_C.lean:24:23: error(lean.unknownIdentifier): Unknown identifier `sub_re`
Phys/ProbeN274_C.lean:24:31: error(lean.unknownIdentifier): Unknown identifier `sub_im`
Phys/ProbeN274_C.lean:24:23: error(lean.unknownIdentifier): Unknown identifier `sub_re`
Phys/ProbeN274_C.lean:24:31: error(lean.unknownIdentifier): Unknown identifier `sub_im`
Phys/ProbeN274_C.lean:24:23: error(lean.unknownIdentifier): Unknown identifier `sub_re`
Phys/ProbeN274_C.lean:24:31: error(lean.unknownIdentifier): Unknown identifier `sub_im`
Phys/ProbeN274_C.lean:24:23: error(lean.unknownIdentifier): Unknown identifier `sub_re`
Phys/ProbeN274_C.lean:24:31: error(lean.unknownIdentifier): Unknown identifier `sub_im`
Phys/ProbeN274_C.lean:24:23: error(lean.unknownIdentifier): Unknown identifier `sub_re`
Phys/ProbeN274_C.lean:24:31: error(lean.unknownIdentifier): Unknown identifier `sub_im`
Phys/ProbeN274_C.lean:24:23: error(lean.unknownIdentifier): Unknown identifier `sub_re`
Phys/ProbeN274_C.lean:24:31: error(lean.unknownIdentifier): Unknown identifier `sub_im`
Phys/ProbeN274_C.lean:24:23: error(lean.unknownIdentifier): Unknown identifier `sub_re`
Phys/ProbeN274_C.lean:24:31: error(lean.unknownIdentifier): Unknown identifier `sub_im`
Phys/ProbeN274_C.lean:24:23: error(lean.unknownIdentifier): Unknown identifier `sub_re`
Phys/ProbeN274_C.lean:24:31: error(lean.unknownIdentifier): Unknown identifier `sub_im`
Phys/ProbeN274_C.lean:24:23: error(lean.unknownIdentifier): Unknown identifier `sub_re`
Phys/ProbeN274_C.lean:24:31: error(lean.unknownIdentifier): Unknown identifier `sub_im`
Phys/ProbeN274_C.lean:24:23: error(lean.unknownIdentifier): Unknown identifier `sub_re`
Phys/ProbeN274_C.lean:24:31: error(lean.unknownIdentifier): Unknown identifier `sub_im`
Try this:
  [apply] ring_nf
  
  The `ring` tactic failed to close the goal. Use `ring_nf` to obtain a normal form.
    
  Note that `ring` works primarily in *commutative* rings. If you have a noncommutative ring, abelian group or module, consider using `noncomm_ring`, `abel` or `module` instead.
Try this:
  [apply] ring_nf
  
  The `ring` tactic failed to close the goal. Use `ring_nf` to obtain a normal form.
    
  Note that `ring` works primarily in *commutative* rings. If you have a noncommutative ring, abelian group or module, consider using `noncomm_ring`, `abel` or `module` instead.
Try this:
  [apply] ring_nf
  
  The `ring` tactic failed to close the goal. Use `ring_nf` to obtain a normal form.
    
  Note that `ring` works primarily in *commutative* rings. If you have a noncommutative ring, abelian group or module, consider using `noncomm_ring`, `abel` or `module` instead.
Try this:
  [apply] ring_nf
  
  The `ring` tactic failed to close the goal. Use `ring_nf` to obtain a normal form.
    
  Note that `ring` works primarily in *commutative* rings. If you have a noncommutative ring, abelian group or module, consider using `noncomm_ring`, `abel` or `module` instead.
Try this:
  [apply] ring_nf
  
  The `ring` tactic failed to close the goal. Use `ring_nf` to obtain a normal form.
    
  Note that `ring` works primarily in *commutative* rings. If you have a noncommutative ring, abelian group or module, consider using `noncomm_ring`, `abel` or `module` instead.
Try this:
  [apply] ring_nf
  
  The `ring` tactic failed to close the goal. Use `ring_nf` to obtain a normal form.
    
  Note that `ring` works primarily in *commutative* rings. If you have a noncommutative ring, abelian group or module, consider using `noncomm_ring`, `abel` or `module` instead.
Try this:
  [apply] ring_nf
  
  The `ring` tactic failed to close the goal. Use `ring_nf` to obtain a normal form.
    
  Note that `ring` works primarily in *commutative* rings. If you have a noncommutative ring, abelian group or module, consider using `noncomm_ring`, `abel` or `module` instead.
Try this:
  [apply] ring_nf
  
  The `ring` tactic failed to close the goal. Use `ring_nf` to obtain a normal form.
    
  Note that `ring` works primarily in *commutative* rings. If you have a noncommutative ring, abelian group or module, consider using `noncomm_ring`, `abel` or `module` instead.
Phys/ProbeN274_C.lean:24:23: error(lean.unknownIdentifier): Unknown identifier `sub_re`
Phys/ProbeN274_C.lean:24:31: error(lean.unknownIdentifier): Unknown identifier `sub_im`
Phys/ProbeN274_C.lean:24:23: error(lean.unknownIdentifier): Unknown identifier `sub_re`
Phys/ProbeN274_C.lean:24:31: error(lean.unknownIdentifier): Unknown identifier `sub_im`
Phys/ProbeN274_C.lean:24:23: error: maximum number of errors (100; from option `maxErrors`) reached, exiting
       67.01 real        58.45 user         5.84 sys
          3319283712  maximum resident set size
                   0  average shared memory size
                   0  average unshared data size
                   0  average unshared stack size
              311818  page reclaims
                 153  page faults
                   0  swaps
                   0  block input operations
                   0  block output operations
                   0  messages sent
                   0  messages received
                   0  signals received
                  84  voluntary context switches
               74166  involuntary context switches
          5233605970  instructions retired
          4278368705  cycles elapsed
           132309056  peak memory footprint
EXIT=1
