════════════════════════════════════════════════════════════════
 phys-lean GATE-FAST (per-node) — HEAD 01eb136 — diff base 20a8ed3
════════════════════════════════════════════════════════════════
── diff vs 20a8ed3 ──
    M	Audits/AxiomAudit.lean
    A	Counterexamples/ConfinementColourSingletVacuityCostume.lean
    M	Phys.lean
    A	Phys/Algebra/ConfinementColourSinglet.lean
    M	docs/LEDGER.md
    M	scripts/costume_manifest.tsv
    A	workbench/N385-confinement-criterion/gate.log
    A	workbench/N386-confinement-colour-singlet/PREREG.md
    A	workbench/N386-confinement-colour-singlet/audit386.lean
    A	workbench/N386-confinement-colour-singlet/probe1.lean
    A	workbench/N386-confinement-colour-singlet/probe2.lean
    A	workbench/N386-confinement-colour-singlet/probe3.lean
── (leaf commit: append-only; fast path is equivalent to full for HEAD 01eb136) ──
── D0: zero-axiom policy ──
ok: zero axiom declarations
── D1: no sorry / admit ──
GATE-FAST FAILING (D1): sorry/admit:
Phys/Algebra/ConfinementColourSinglet.lean:56:  subalgebra-valued left-regular worlds admit a global descent section. No physics
Phys/Algebra/ConfinementColourSinglet.lean:220:    The only worlds that admit a global descent section are those valued in the
── D2: no native_decide ──
ok: no native_decide
── D3: NO BRIDGE / NO RESIDUAL (STANDARD §0,§1) ──
ok: no bridge/residual markers
── D4: build ──
ok: Phys builds
── D5-fast: newly-added costume(s) must bite ──
    ok    C411  Counterexamples/ConfinementColourSingletVacuityCostume.lean  rejected at the math field
    ---
    costume battery: 1/1 passed, 0 failed (parallel x8)
ok: new costume(s) bite at the math field
── D6-fast: newly-added AxiomAudit lines foundations-only ──
ok: 12 newly-banked decls foundations-only
════════════════════════════════════════════════════════════════
GATE-FAST: FAILED
