════════════════════════════════════════════════════════════════
 phys-lean GATE-FAST (per-node) — HEAD 4b2170b — diff base a14f601
════════════════════════════════════════════════════════════════
── diff vs a14f601 ──
    M	Audits/AxiomAudit.lean
    A	Counterexamples/TowerGatherPhysicalStateVacuityCostume.lean
    M	Phys.lean
    A	Phys/Algebra/TowerGatherPhysicalState.lean
    M	docs/LEDGER.md
    M	scripts/costume_manifest.tsv
── (leaf commit: append-only; fast path is equivalent to full for HEAD 4b2170b) ──
── D0: zero-axiom policy ──
ok: zero axiom declarations
── D1: no sorry / admit ──
ok: no sorry / admit
── D2: no native_decide ──
ok: no native_decide
── D3: NO BRIDGE / NO RESIDUAL (STANDARD §0,§1) ──
ok: no bridge/residual markers
── D4: build ──
ok: Phys builds
── D5-fast: newly-added costume(s) must bite ──
    ok    C437  Counterexamples/TowerGatherPhysicalStateVacuityCostume.lean  rejected at the math field
    ---
    costume battery: 1/1 passed, 0 failed (parallel x8)
ok: new costume(s) bite at the math field
── D6-fast: newly-added AxiomAudit lines foundations-only ──
GATE-FAST FAILING (D6-fast): audit errored:
/tmp/gatefast_audit_XXXX.lean:2:14: error(lean.unknownIdentifier): Unknown constant `Phys.Algebra.gluesGlobally_iff_defect`
/tmp/gatefast_audit_XXXX.lean:3:14: error(lean.unknownIdentifier): Unknown constant `Phys.Algebra.gluesGlobally_iff_barDefect`
/tmp/gatefast_audit_XXXX.lean:4:14: error(lean.unknownIdentifier): Unknown constant `Phys.Algebra.one_gluesGlobally`
/tmp/gatefast_audit_XXXX.lean:5:14: error(lean.unknownIdentifier): Unknown constant `Phys.Algebra.dbl_all_physical`
/tmp/gatefast_audit_XXXX.lean:6:14: error(lean.unknownIdentifier): Unknown constant `Phys.Algebra.h_all_physical`
════════════════════════════════════════════════════════════════
GATE-FAST: FAILED
