════════════════════════════════════════════════════════════════
 phys-lean GATE-FAST (per-node) — HEAD d0f0861 — diff base 1d6747f
════════════════════════════════════════════════════════════════
── diff vs 1d6747f ──
    M	Audits/AxiomAudit.lean
    A	Counterexamples/NewtonScaleProductWrongExponentCostume.lean
    M	Phys.lean
    A	Phys/Algebra/NewtonScaleProduct.lean
    M	scripts/costume_manifest.tsv
    A	workbench/N330/PREREG.md
    A	workbench/N330/probe1.lean
── (leaf commit: append-only; fast path is equivalent to full for HEAD d0f0861) ──
── D0: zero-axiom policy ──
ok: zero axiom declarations
── D1: no sorry / admit ──
ok: no sorry / admit
── D2: no native_decide ──
GATE-FAST FAILING (D2): native_decide:
Phys/Algebra/NewtonScaleProduct.lean:101:    no posited axiom, no sorry, no native_decide, no `maxHeartbeats` raise. Ground field the DERIVED
── D3: NO BRIDGE / NO RESIDUAL (STANDARD §0,§1) ──
ok: no bridge/residual markers
── D4: build ──
ok: Phys builds
── D5-fast: newly-added costume(s) must bite ──
    ok    C355  Counterexamples/NewtonScaleProductWrongExponentCostume.lean  rejected at the math field
    ---
    costume battery: 1/1 passed, 0 failed (parallel x8)
ok: new costume(s) bite at the math field
── D6-fast: newly-added AxiomAudit lines foundations-only ──
ok: 15 newly-banked decls foundations-only
════════════════════════════════════════════════════════════════
GATE-FAST: FAILED
