Phys/Algebra/OctonionJordanFamilyInvariantCore.lean:99:61: warning: This simp argument is unused:
  ocR_one_mul

Hint: Omit it from the simp argument list.
  simp only [adE_apply, Matrix.sub_apply, Matrix.zero_apply, Matrix.mul_apply, ocRM_apply,
  ̲  ̲ ̲ ̲Fin.sum_univ_three, Matrix.of_apply, Matrix.cons_val_zero, Matrix.cons_val_one,
  ̲  ̲ ̲ ̲Matrix.head_cons, Matrix.cons_val_two, Matrix.tail_cons, ocR_zero, ocR_one, zero_mul, mul_zero,
  ̲  ̲ ̲ ̲o̵c̵R̵_̵o̵n̵e̵_̵m̵u̵l̵,̵ ̵mul_ocR_one, add_zero, zero_add, sub_zero, zero_sub] at h02

Note: This linter can be disabled with `set_option linter.unusedSimpArgs false`
Phys/Algebra/OctonionJordanFamilyInvariantCore.lean:99:74: warning: This simp argument is unused:
  mul_ocR_one

Hint: Omit it from the simp argument list.
  simp only [adE_apply, Matrix.sub_apply, Matrix.zero_apply, Matrix.mul_apply, ocRM_apply,
  ̲  ̲ ̲ ̲Fin.sum_univ_three, Matrix.of_apply, Matrix.cons_val_zero, Matrix.cons_val_one,
  ̲  ̲ ̲ ̲Matrix.head_cons, Matrix.cons_val_two, Matrix.tail_cons, ocR_zero, ocR_one, zero_mul, mul_zero,
  ̲  ̲ ̲ ̲ocR_one_mul, m̵u̵l̵_̵o̵c̵R̵_̵o̵n̵e̵,̵add_zero, zero_add, sub_zero, zero_sub] at h02

Note: This linter can be disabled with `set_option linter.unusedSimpArgs false`
Phys/Algebra/OctonionJordanFamilyInvariantCore.lean:100:34: warning: This simp argument is unused:
  zero_sub

Hint: Omit it from the simp argument list.
  simp only [adE_apply, Matrix.sub_apply, Matrix.zero_apply, Matrix.mul_apply, ocRM_apply,
  ̲  ̲ ̲ ̲Fin.sum_univ_three, Matrix.of_apply, Matrix.cons_val_zero, Matrix.cons_val_one,
  ̲  ̲ ̲ ̲Matrix.head_cons, Matrix.cons_val_two, Matrix.tail_cons, ocR_zero, ocR_one, zero_mul, mul_zero,
  ̲  ̲ ̲ ̲ocR_one_mul, mul_ocR_one, add_zero, zero_add, s̵u̵b̵_̵z̵e̵r̵o̵,̵ ̵z̵e̵r̵o̵_̵s̵u̵b̵]̵s̲u̲b̲_̲z̲e̲r̲o̲]̲ at h02

Note: This linter can be disabled with `set_option linter.unusedSimpArgs false`
Phys/Algebra/OctonionJordanFamilyInvariantCore.lean:112:61: warning: This simp argument is unused:
  ocR_one_mul

Hint: Omit it from the simp argument list.
  simp only [adE_apply, Matrix.sub_apply, Matrix.zero_apply, Matrix.mul_apply, ocRM_apply,
  ̲  ̲ ̲ ̲Fin.sum_univ_three, Matrix.of_apply, Matrix.cons_val_zero, Matrix.cons_val_one,
  ̲  ̲ ̲ ̲Matrix.head_cons, Matrix.cons_val_two, Matrix.tail_cons, ocR_zero, ocR_one, zero_mul, mul_zero,
  ̲  ̲ ̲ ̲o̵c̵R̵_̵o̵n̵e̵_̵m̵u̵l̵,̵add_zero, zero_add] at h01

Note: This linter can be disabled with `set_option linter.unusedSimpArgs false`
Phys/Algebra/OctonionJordanFamilyInvariantCore.lean:129:41: warning: This simp argument is unused:
  ocR_neg

Hint: Omit it from the simp argument list.
  simp only [adE_apply, Matrix.sub_apply, Matrix.zero_apply, Matrix.mul_apply, ocRM_apply,
  ̲  ̲ ̲ ̲Fin.sum_univ_three, Matrix.of_apply, Matrix.cons_val_zero, Matrix.cons_val_one,
  ̲  ̲ ̲ ̲Matrix.head_cons, Matrix.cons_val_two, Matrix.tail_cons, ocR_zero, ocR_one, o̵c̵R̵_̵n̵e̵g̵,̵ ̵zero_mul, mul_zero,
  ̲  ̲ ̲ ̲ocR_one_mul, mul_ocR_one, neg_mul, mul_neg, add_zero, zero_add, sub_zero, zero_sub,
  ̲  ̲ ̲ ̲neg_neg] at h21

Note: This linter can be disabled with `set_option linter.unusedSimpArgs false`
Phys/Algebra/OctonionJordanFamilyInvariantCore.lean:129:70: warning: This simp argument is unused:
  ocR_one_mul

Hint: Omit it from the simp argument list.
  simp only [adE_apply, Matrix.sub_apply, Matrix.zero_apply, Matrix.mul_apply, ocRM_apply,
  ̲  ̲ ̲ ̲Fin.sum_univ_three, Matrix.of_apply, Matrix.cons_val_zero, Matrix.cons_val_one,
  ̲  ̲ ̲ ̲Matrix.head_cons, Matrix.cons_val_two, Matrix.tail_cons, ocR_zero, ocR_one, ocR_neg, zero_mul,
  ̲  ̲ ̲ ̲mul_zero, o̵c̵R̵_̵o̵n̵e̵_̵m̵u̵l̵,̵ ̵mul_ocR_one, neg_mul, mul_neg, add_zero, zero_add, sub_zero, zero_sub, neg_neg] at h21

Note: This linter can be disabled with `set_option linter.unusedSimpArgs false`
Phys/Algebra/OctonionJordanFamilyInvariantCore.lean:129:83: warning: This simp argument is unused:
  mul_ocR_one

Hint: Omit it from the simp argument list.
  simp only [adE_apply, Matrix.sub_apply, Matrix.zero_apply, Matrix.mul_apply, ocRM_apply,
  ̲  ̲ ̲ ̲Fin.sum_univ_three, Matrix.of_apply, Matrix.cons_val_zero, Matrix.cons_val_one,
  ̲  ̲ ̲ ̲Matrix.head_cons, Matrix.cons_val_two, Matrix.tail_cons, ocR_zero, ocR_one, ocR_neg, zero_mul,
  ̲  ̲ ̲ ̲mul_zero, ocR_one_mul, m̵u̵l̵_̵o̵c̵R̵_̵o̵n̵e̵,̵neg_mul, mul_neg, add_zero, zero_add, sub_zero, zero_sub, neg_neg] at h21

Note: This linter can be disabled with `set_option linter.unusedSimpArgs false`
Phys/Algebra/OctonionJordanFamilyInvariantCore.lean:130:4: warning: This simp argument is unused:
  neg_mul

Hint: Omit it from the simp argument list.
  simp only [adE_apply, Matrix.sub_apply, Matrix.zero_apply, Matrix.mul_apply, ocRM_apply,
  ̲  ̲ ̲ ̲Fin.sum_univ_three, Matrix.of_apply, Matrix.cons_val_zero, Matrix.cons_val_one,
  ̲  ̲ ̲ ̲Matrix.head_cons, Matrix.cons_val_two, Matrix.tail_cons, ocR_zero, ocR_one, ocR_neg, zero_mul,
  ̲  ̲ ̲ ̲mul_zero, ocR_one_mul, mul_ocR_one, n̵e̵g̵_̵m̵u̵l̵,̵ ̵mul_neg, add_zero, zero_add, sub_zero, zero_sub,
  ̲  ̲ ̲ ̲neg_neg] at h21

Note: This linter can be disabled with `set_option linter.unusedSimpArgs false`
Phys/Algebra/OctonionJordanFamilyInvariantCore.lean:130:13: warning: This simp argument is unused:
  mul_neg

Hint: Omit it from the simp argument list.
  simp only [adE_apply, Matrix.sub_apply, Matrix.zero_apply, Matrix.mul_apply, ocRM_apply,
  ̲  ̲ ̲ ̲Fin.sum_univ_three, Matrix.of_apply, Matrix.cons_val_zero, Matrix.cons_val_one,
  ̲  ̲ ̲ ̲Matrix.head_cons, Matrix.cons_val_two, Matrix.tail_cons, ocR_zero, ocR_one, ocR_neg, zero_mul,
  ̲  ̲ ̲ ̲mul_zero, ocR_one_mul, mul_ocR_one, neg_mul, m̵u̵l̵_̵n̵e̵g̵,̵ ̵add_zero, zero_add, sub_zero, zero_sub,
  ̲  ̲ ̲ ̲neg_neg] at h21

Note: This linter can be disabled with `set_option linter.unusedSimpArgs false`
Phys/Algebra/OctonionJordanFamilyInvariantCore.lean:130:32: warning: This simp argument is unused:
  zero_add

Hint: Omit it from the simp argument list.
  simp only [adE_apply, Matrix.sub_apply, Matrix.zero_apply, Matrix.mul_apply, ocRM_apply,
  ̲  ̲ ̲ ̲Fin.sum_univ_three, Matrix.of_apply, Matrix.cons_val_zero, Matrix.cons_val_one,
  ̲  ̲ ̲ ̲Matrix.head_cons, Matrix.cons_val_two, Matrix.tail_cons, ocR_zero, ocR_one, ocR_neg, zero_mul,
  ̲  ̲ ̲ ̲mul_zero, ocR_one_mul, mul_ocR_one, neg_mul, mul_neg, add_zero, z̵e̵r̵o̵_̵a̵d̵d̵,̵ ̵sub_zero, zero_sub,
  ̲  ̲ ̲ ̲neg_neg] at h21

Note: This linter can be disabled with `set_option linter.unusedSimpArgs false`
Phys/Algebra/OctonionJordanFamilyInvariantCore.lean:130:52: warning: This simp argument is unused:
  zero_sub

Hint: Omit it from the simp argument list.
  simp only [adE_apply, Matrix.sub_apply, Matrix.zero_apply, Matrix.mul_apply, ocRM_apply,
  ̲  ̲ ̲ ̲Fin.sum_univ_three, Matrix.of_apply, Matrix.cons_val_zero, Matrix.cons_val_one,
  ̲  ̲ ̲ ̲Matrix.head_cons, Matrix.cons_val_two, Matrix.tail_cons, ocR_zero, ocR_one, ocR_neg, zero_mul,
  ̲  ̲ ̲ ̲mul_zero, ocR_one_mul, mul_ocR_one, neg_mul, mul_neg, add_zero, zero_add, sub_zero,
  ̲  ̲ ̲ ̲z̵e̵r̵o̵_̵s̵u̵b̵,̵ ̵neg_neg] at h21

Note: This linter can be disabled with `set_option linter.unusedSimpArgs false`
Phys/Algebra/OctonionJordanFamilyInvariantCore.lean:130:62: warning: This simp argument is unused:
  neg_neg

Hint: Omit it from the simp argument list.
  simp only [adE_apply, Matrix.sub_apply, Matrix.zero_apply, Matrix.mul_apply, ocRM_apply,
  ̲  ̲ ̲ ̲Fin.sum_univ_three, Matrix.of_apply, Matrix.cons_val_zero, Matrix.cons_val_one,
  ̲  ̲ ̲ ̲Matrix.head_cons, Matrix.cons_val_two, Matrix.tail_cons, ocR_zero, ocR_one, ocR_neg, zero_mul,
  ̲  ̲ ̲ ̲mul_zero, ocR_one_mul, mul_ocR_one, neg_mul, mul_neg, add_zero, zero_add, sub_zero,
  ̲  ̲ ̲ ̲z̵e̵r̵o̵_̵s̵u̵b̵,̵ ̵n̵e̵g̵_̵n̵e̵g̵]̵z̲e̲r̲o̲_̲s̲u̲b̲]̲ at h21

Note: This linter can be disabled with `set_option linter.unusedSimpArgs false`
Phys/Algebra/OctonionJordanFamilyInvariantCore.lean:143:70: warning: This simp argument is unused:
  ocR_one_mul

Hint: Omit it from the simp argument list.
  simp only [adE_apply, Matrix.sub_apply, Matrix.zero_apply, Matrix.mul_apply, ocRM_apply,
  ̲  ̲ ̲ ̲Fin.sum_univ_three, Matrix.of_apply, Matrix.cons_val_zero, Matrix.cons_val_one,
  ̲  ̲ ̲ ̲Matrix.head_cons, Matrix.cons_val_two, Matrix.tail_cons, ocR_zero, ocR_one, ocR_neg, zero_mul,
  ̲  ̲ ̲ ̲mul_zero, o̵c̵R̵_̵o̵n̵e̵_̵m̵u̵l̵,̵neg_mul, mul_neg, add_zero, zero_add] at h02

Note: This linter can be disabled with `set_option linter.unusedSimpArgs false`
Phys/Algebra/OctonionJordanFamilyInvariantCore.lean:163:70: warning: This simp argument is unused:
  ocR_one_mul

Hint: Omit it from the simp argument list.
  simp only [adE_apply, Matrix.sub_apply, Matrix.zero_apply, Matrix.mul_apply, ocRM_apply,
  ̲  ̲ ̲ ̲Fin.sum_univ_three, Matrix.of_apply, Matrix.cons_val_zero, Matrix.cons_val_one,
  ̲  ̲ ̲ ̲Matrix.head_cons, Matrix.cons_val_two, Matrix.tail_cons, ocR_zero, ocR_one, ocR_neg, zero_mul,
  ̲  ̲ ̲ ̲mul_zero, o̵c̵R̵_̵o̵n̵e̵_̵m̵u̵l̵,̵ ̵mul_ocR_one, neg_mul, mul_neg, add_zero, zero_add, sub_zero, zero_sub, neg_neg] at h12

Note: This linter can be disabled with `set_option linter.unusedSimpArgs false`
Phys/Algebra/OctonionJordanFamilyInvariantCore.lean:163:83: warning: This simp argument is unused:
  mul_ocR_one

Hint: Omit it from the simp argument list.
  simp only [adE_apply, Matrix.sub_apply, Matrix.zero_apply, Matrix.mul_apply, ocRM_apply,
  ̲  ̲ ̲ ̲Fin.sum_univ_three, Matrix.of_apply, Matrix.cons_val_zero, Matrix.cons_val_one,
  ̲  ̲ ̲ ̲Matrix.head_cons, Matrix.cons_val_two, Matrix.tail_cons, ocR_zero, ocR_one, ocR_neg, zero_mul,
  ̲  ̲ ̲ ̲mul_zero, ocR_one_mul, m̵u̵l̵_̵o̵c̵R̵_̵o̵n̵e̵,̵neg_mul, mul_neg, add_zero, zero_add, sub_zero, zero_sub, neg_neg] at h12

Note: This linter can be disabled with `set_option linter.unusedSimpArgs false`
Phys/Algebra/OctonionJordanFamilyInvariantCore.lean:164:4: warning: This simp argument is unused:
  neg_mul

Hint: Omit it from the simp argument list.
  simp only [adE_apply, Matrix.sub_apply, Matrix.zero_apply, Matrix.mul_apply, ocRM_apply,
  ̲  ̲ ̲ ̲Fin.sum_univ_three, Matrix.of_apply, Matrix.cons_val_zero, Matrix.cons_val_one,
  ̲  ̲ ̲ ̲Matrix.head_cons, Matrix.cons_val_two, Matrix.tail_cons, ocR_zero, ocR_one, ocR_neg, zero_mul,
  ̲  ̲ ̲ ̲mul_zero, ocR_one_mul, mul_ocR_one, n̵e̵g̵_̵m̵u̵l̵,̵ ̵mul_neg, add_zero, zero_add, sub_zero, zero_sub,
  ̲  ̲ ̲ ̲neg_neg] at h12

Note: This linter can be disabled with `set_option linter.unusedSimpArgs false`
Phys/Algebra/OctonionJordanFamilyInvariantCore.lean:164:32: warning: This simp argument is unused:
  zero_add

Hint: Omit it from the simp argument list.
  simp only [adE_apply, Matrix.sub_apply, Matrix.zero_apply, Matrix.mul_apply, ocRM_apply,
  ̲  ̲ ̲ ̲Fin.sum_univ_three, Matrix.of_apply, Matrix.cons_val_zero, Matrix.cons_val_one,
  ̲  ̲ ̲ ̲Matrix.head_cons, Matrix.cons_val_two, Matrix.tail_cons, ocR_zero, ocR_one, ocR_neg, zero_mul,
  ̲  ̲ ̲ ̲mul_zero, ocR_one_mul, mul_ocR_one, neg_mul, mul_neg, add_zero, z̵e̵r̵o̵_̵a̵d̵d̵,̵ ̵sub_zero, zero_sub,
  ̲  ̲ ̲ ̲neg_neg] at h12

Note: This linter can be disabled with `set_option linter.unusedSimpArgs false`
Phys/Algebra/OctonionJordanFamilyInvariantCore.lean:164:42: warning: This simp argument is unused:
  sub_zero

Hint: Omit it from the simp argument list.
  simp only [adE_apply, Matrix.sub_apply, Matrix.zero_apply, Matrix.mul_apply, ocRM_apply,
  ̲  ̲ ̲ ̲Fin.sum_univ_three, Matrix.of_apply, Matrix.cons_val_zero, Matrix.cons_val_one,
  ̲  ̲ ̲ ̲Matrix.head_cons, Matrix.cons_val_two, Matrix.tail_cons, ocR_zero, ocR_one, ocR_neg, zero_mul,
  ̲  ̲ ̲ ̲mul_zero, ocR_one_mul, mul_ocR_one, neg_mul, mul_neg, add_zero, zero_add, s̵u̵b̵_̵z̵e̵r̵o̵,̵ ̵zero_sub,
  ̲  ̲ ̲ ̲neg_neg] at h12

Note: This linter can be disabled with `set_option linter.unusedSimpArgs false`
Phys/Algebra/OctonionJordanFamilyInvariantCore.lean:178:70: warning: This simp argument is unused:
  ocR_one_mul

Hint: Omit it from the simp argument list.
  simp only [adE_apply, Matrix.sub_apply, Matrix.zero_apply, Matrix.mul_apply, ocRM_apply,
  ̲  ̲ ̲ ̲Fin.sum_univ_three, Matrix.of_apply, Matrix.cons_val_zero, Matrix.cons_val_one,
  ̲  ̲ ̲ ̲Matrix.head_cons, Matrix.cons_val_two, Matrix.tail_cons, ocR_zero, ocR_one, ocR_neg, zero_mul,
  ̲  ̲ ̲ ̲mul_zero, o̵c̵R̵_̵o̵n̵e̵_̵m̵u̵l̵,̵ ̵mul_ocR_one, neg_mul, mul_neg, add_zero, zero_add, sub_zero, zero_sub, neg_neg] at h12

Note: This linter can be disabled with `set_option linter.unusedSimpArgs false`
Phys/Algebra/OctonionJordanFamilyInvariantCore.lean:178:83: warning: This simp argument is unused:
  mul_ocR_one

Hint: Omit it from the simp argument list.
  simp only [adE_apply, Matrix.sub_apply, Matrix.zero_apply, Matrix.mul_apply, ocRM_apply,
  ̲  ̲ ̲ ̲Fin.sum_univ_three, Matrix.of_apply, Matrix.cons_val_zero, Matrix.cons_val_one,
  ̲  ̲ ̲ ̲Matrix.head_cons, Matrix.cons_val_two, Matrix.tail_cons, ocR_zero, ocR_one, ocR_neg, zero_mul,
  ̲  ̲ ̲ ̲mul_zero, ocR_one_mul, m̵u̵l̵_̵o̵c̵R̵_̵o̵n̵e̵,̵neg_mul, mul_neg, add_zero, zero_add, sub_zero, zero_sub, neg_neg] at h12

Note: This linter can be disabled with `set_option linter.unusedSimpArgs false`
Phys/Algebra/OctonionJordanFamilyInvariantCore.lean:179:13: warning: This simp argument is unused:
  mul_neg

Hint: Omit it from the simp argument list.
  simp only [adE_apply, Matrix.sub_apply, Matrix.zero_apply, Matrix.mul_apply, ocRM_apply,
  ̲  ̲ ̲ ̲Fin.sum_univ_three, Matrix.of_apply, Matrix.cons_val_zero, Matrix.cons_val_one,
  ̲  ̲ ̲ ̲Matrix.head_cons, Matrix.cons_val_two, Matrix.tail_cons, ocR_zero, ocR_one, ocR_neg, zero_mul,
  ̲  ̲ ̲ ̲mul_zero, ocR_one_mul, mul_ocR_one, neg_mul, m̵u̵l̵_̵n̵e̵g̵,̵ ̵add_zero, zero_add, sub_zero, zero_sub,
  ̲  ̲ ̲ ̲neg_neg] at h12

Note: This linter can be disabled with `set_option linter.unusedSimpArgs false`
Phys/Algebra/OctonionJordanFamilyInvariantCore.lean:179:32: warning: This simp argument is unused:
  zero_add

Hint: Omit it from the simp argument list.
  simp only [adE_apply, Matrix.sub_apply, Matrix.zero_apply, Matrix.mul_apply, ocRM_apply,
  ̲  ̲ ̲ ̲Fin.sum_univ_three, Matrix.of_apply, Matrix.cons_val_zero, Matrix.cons_val_one,
  ̲  ̲ ̲ ̲Matrix.head_cons, Matrix.cons_val_two, Matrix.tail_cons, ocR_zero, ocR_one, ocR_neg, zero_mul,
  ̲  ̲ ̲ ̲mul_zero, ocR_one_mul, mul_ocR_one, neg_mul, mul_neg, add_zero, z̵e̵r̵o̵_̵a̵d̵d̵,̵ ̵sub_zero, zero_sub,
  ̲  ̲ ̲ ̲neg_neg] at h12

Note: This linter can be disabled with `set_option linter.unusedSimpArgs false`
Phys/Algebra/OctonionJordanFamilyInvariantCore.lean:179:52: warning: This simp argument is unused:
  zero_sub

Hint: Omit it from the simp argument list.
  simp only [adE_apply, Matrix.sub_apply, Matrix.zero_apply, Matrix.mul_apply, ocRM_apply,
  ̲  ̲ ̲ ̲Fin.sum_univ_three, Matrix.of_apply, Matrix.cons_val_zero, Matrix.cons_val_one,
  ̲  ̲ ̲ ̲Matrix.head_cons, Matrix.cons_val_two, Matrix.tail_cons, ocR_zero, ocR_one, ocR_neg, zero_mul,
  ̲  ̲ ̲ ̲mul_zero, ocR_one_mul, mul_ocR_one, neg_mul, mul_neg, add_zero, zero_add, sub_zero,
  ̲  ̲ ̲ ̲z̵e̵r̵o̵_̵s̵u̵b̵,̵ ̵neg_neg] at h12

Note: This linter can be disabled with `set_option linter.unusedSimpArgs false`
Phys/Algebra/OctonionJordanFamilyInvariantCore.lean:179:62: warning: This simp argument is unused:
  neg_neg

Hint: Omit it from the simp argument list.
  simp only [adE_apply, Matrix.sub_apply, Matrix.zero_apply, Matrix.mul_apply, ocRM_apply,
  ̲  ̲ ̲ ̲Fin.sum_univ_three, Matrix.of_apply, Matrix.cons_val_zero, Matrix.cons_val_one,
  ̲  ̲ ̲ ̲Matrix.head_cons, Matrix.cons_val_two, Matrix.tail_cons, ocR_zero, ocR_one, ocR_neg, zero_mul,
  ̲  ̲ ̲ ̲mul_zero, ocR_one_mul, mul_ocR_one, neg_mul, mul_neg, add_zero, zero_add, sub_zero,
  ̲  ̲ ̲ ̲z̵e̵r̵o̵_̵s̵u̵b̵,̵ ̵n̵e̵g̵_̵n̵e̵g̵]̵z̲e̲r̲o̲_̲s̲u̲b̲]̲ at h12

Note: This linter can be disabled with `set_option linter.unusedSimpArgs false`
EXIT=0
