Phys/Algebra/OctonionJordanFamilyInvariantCore.lean:99:61: warning: This simp argument is unused:
  ocR_one_mul

Hint: Omit it from the simp argument list.
  simp only [adE_apply, Matrix.sub_apply, Matrix.zero_apply, Matrix.mul_apply, ocRM_apply,
  ̲  ̲ ̲ ̲Fin.sum_univ_three, Matrix.of_apply, Matrix.cons_val_zero, Matrix.cons_val_one,
  ̲  ̲ ̲ ̲Matrix.head_cons, Matrix.cons_val_two, Matrix.tail_cons, ocR_zero, ocR_one, zero_mul, mul_zero,
  ̲  ̲ ̲ ̲o̵c̵R̵_̵o̵n̵e̵_̵m̵u̵l̵,̵ ̵mul_ocR_one, add_zero, zero_add, sub_zero, zero_sub] at h02

Note: This linter can be disabled with `set_option linter.unusedSimpArgs false`
Phys/Algebra/OctonionJordanFamilyInvariantCore.lean:99:74: warning: This simp argument is unused:
  mul_ocR_one

Hint: Omit it from the simp argument list.
  simp only [adE_apply, Matrix.sub_apply, Matrix.zero_apply, Matrix.mul_apply, ocRM_apply,
  ̲  ̲ ̲ ̲Fin.sum_univ_three, Matrix.of_apply, Matrix.cons_val_zero, Matrix.cons_val_one,
  ̲  ̲ ̲ ̲Matrix.head_cons, Matrix.cons_val_two, Matrix.tail_cons, ocR_zero, ocR_one, zero_mul, mul_zero,
  ̲  ̲ ̲ ̲ocR_one_mul, m̵u̵l̵_̵o̵c̵R̵_̵o̵n̵e̵,̵add_zero, zero_add, sub_zero, zero_sub] at h02

Note: This linter can be disabled with `set_option linter.unusedSimpArgs false`
Phys/Algebra/OctonionJordanFamilyInvariantCore.lean:100:34: warning: This simp argument is unused:
  zero_sub

Hint: Omit it from the simp argument list.
  simp only [adE_apply, Matrix.sub_apply, Matrix.zero_apply, Matrix.mul_apply, ocRM_apply,
  ̲  ̲ ̲ ̲Fin.sum_univ_three, Matrix.of_apply, Matrix.cons_val_zero, Matrix.cons_val_one,
  ̲  ̲ ̲ ̲Matrix.head_cons, Matrix.cons_val_two, Matrix.tail_cons, ocR_zero, ocR_one, zero_mul, mul_zero,
  ̲  ̲ ̲ ̲ocR_one_mul, mul_ocR_one, add_zero, zero_add, s̵u̵b̵_̵z̵e̵r̵o̵,̵ ̵z̵e̵r̵o̵_̵s̵u̵b̵]̵s̲u̲b̲_̲z̲e̲r̲o̲]̲ at h02

Note: This linter can be disabled with `set_option linter.unusedSimpArgs false`
Phys/Algebra/OctonionJordanFamilyInvariantCore.lean:112:61: warning: This simp argument is unused:
  ocR_one_mul

Hint: Omit it from the simp argument list.
  simp only [adE_apply, Matrix.sub_apply, Matrix.zero_apply, Matrix.mul_apply, ocRM_apply,
  ̲  ̲ ̲ ̲Fin.sum_univ_three, Matrix.of_apply, Matrix.cons_val_zero, Matrix.cons_val_one,
  ̲  ̲ ̲ ̲Matrix.head_cons, Matrix.cons_val_two, Matrix.tail_cons, ocR_zero, ocR_one, zero_mul, mul_zero,
  ̲  ̲ ̲ ̲o̵c̵R̵_̵o̵n̵e̵_̵m̵u̵l̵,̵add_zero, zero_add] at h01

Note: This linter can be disabled with `set_option linter.unusedSimpArgs false`
Phys/Algebra/OctonionJordanFamilyInvariantCore.lean:129:41: warning: This simp argument is unused:
  ocR_neg

Hint: Omit it from the simp argument list.
  simp only [adE_apply, Matrix.sub_apply, Matrix.zero_apply, Matrix.mul_apply, ocRM_apply,
  ̲  ̲ ̲ ̲Fin.sum_univ_three, Matrix.of_apply, Matrix.cons_val_zero, Matrix.cons_val_one,
  ̲  ̲ ̲ ̲Matrix.head_cons, Matrix.cons_val_two, Matrix.tail_cons, ocR_zero, ocR_one, o̵c̵R̵_̵n̵e̵g̵,̵ ̵zero_mul, mul_zero,
  ̲  ̲ ̲ ̲ocR_one_mul, mul_ocR_one, neg_mul, mul_neg, add_zero, zero_add, sub_zero, zero_sub,
  ̲  ̲ ̲ ̲neg_neg] at h21

Note: This linter can be disabled with `set_option linter.unusedSimpArgs false`
Phys/Algebra/OctonionJordanFamilyInvariantCore.lean:129:70: warning: This simp argument is unused:
  ocR_one_mul

Hint: Omit it from the simp argument list.
  simp only [adE_apply, Matrix.sub_apply, Matrix.zero_apply, Matrix.mul_apply, ocRM_apply,
  ̲  ̲ ̲ ̲Fin.sum_univ_three, Matrix.of_apply, Matrix.cons_val_zero, Matrix.cons_val_one,
  ̲  ̲ ̲ ̲Matrix.head_cons, Matrix.cons_val_two, Matrix.tail_cons, ocR_zero, ocR_one, ocR_neg, zero_mul,
  ̲  ̲ ̲ ̲mul_zero, o̵c̵R̵_̵o̵n̵e̵_̵m̵u̵l̵,̵ ̵mul_ocR_one, neg_mul, mul_neg, add_zero, zero_add, sub_zero, zero_sub, neg_neg] at h21

Note: This linter can be disabled with `set_option linter.unusedSimpArgs false`
Phys/Algebra/OctonionJordanFamilyInvariantCore.lean:129:83: warning: This simp argument is unused:
  mul_ocR_one

Hint: Omit it from the simp argument list.
  simp only [adE_apply, Matrix.sub_apply, Matrix.zero_apply, Matrix.mul_apply, ocRM_apply,
  ̲  ̲ ̲ ̲Fin.sum_univ_three, Matrix.of_apply, Matrix.cons_val_zero, Matrix.cons_val_one,
  ̲  ̲ ̲ ̲Matrix.head_cons, Matrix.cons_val_two, Matrix.tail_cons, ocR_zero, ocR_one, ocR_neg, zero_mul,
  ̲  ̲ ̲ ̲mul_zero, ocR_one_mul, m̵u̵l̵_̵o̵c̵R̵_̵o̵n̵e̵,̵neg_mul, mul_neg, add_zero, zero_add, sub_zero, zero_sub, neg_neg] at h21

Note: This linter can be disabled with `set_option linter.unusedSimpArgs false`
Phys/Algebra/OctonionJordanFamilyInvariantCore.lean:130:4: warning: This simp argument is unused:
  neg_mul

Hint: Omit it from the simp argument list.
  simp only [adE_apply, Matrix.sub_apply, Matrix.zero_apply, Matrix.mul_apply, ocRM_apply,
  ̲  ̲ ̲ ̲Fin.sum_univ_three, Matrix.of_apply, Matrix.cons_val_zero, Matrix.cons_val_one,
  ̲  ̲ ̲ ̲Matrix.head_cons, Matrix.cons_val_two, Matrix.tail_cons, ocR_zero, ocR_one, ocR_neg, zero_mul,
  ̲  ̲ ̲ ̲mul_zero, ocR_one_mul, mul_ocR_one, n̵e̵g̵_̵m̵u̵l̵,̵ ̵mul_neg, add_zero, zero_add, sub_zero, zero_sub,
  ̲  ̲ ̲ ̲neg_neg] at h21

Note: This linter can be disabled with `set_option linter.unusedSimpArgs false`
Phys/Algebra/OctonionJordanFamilyInvariantCore.lean:130:13: warning: This simp argument is unused:
  mul_neg

Hint: Omit it from the simp argument list.
  simp only [adE_apply, Matrix.sub_apply, Matrix.zero_apply, Matrix.mul_apply, ocRM_apply,
  ̲  ̲ ̲ ̲Fin.sum_univ_three, Matrix.of_apply, Matrix.cons_val_zero, Matrix.cons_val_one,
  ̲  ̲ ̲ ̲Matrix.head_cons, Matrix.cons_val_two, Matrix.tail_cons, ocR_zero, ocR_one, ocR_neg, zero_mul,
  ̲  ̲ ̲ ̲mul_zero, ocR_one_mul, mul_ocR_one, neg_mul, m̵u̵l̵_̵n̵e̵g̵,̵ ̵add_zero, zero_add, sub_zero, zero_sub,
  ̲  ̲ ̲ ̲neg_neg] at h21

Note: This linter can be disabled with `set_option linter.unusedSimpArgs false`
Phys/Algebra/OctonionJordanFamilyInvariantCore.lean:130:32: warning: This simp argument is unused:
  zero_add

Hint: Omit it from the simp argument list.
  simp only [adE_apply, Matrix.sub_apply, Matrix.zero_apply, Matrix.mul_apply, ocRM_apply,
  ̲  ̲ ̲ ̲Fin.sum_univ_three, Matrix.of_apply, Matrix.cons_val_zero, Matrix.cons_val_one,
  ̲  ̲ ̲ ̲Matrix.head_cons, Matrix.cons_val_two, Matrix.tail_cons, ocR_zero, ocR_one, ocR_neg, zero_mul,
  ̲  ̲ ̲ ̲mul_zero, ocR_one_mul, mul_ocR_one, neg_mul, mul_neg, add_zero, z̵e̵r̵o̵_̵a̵d̵d̵,̵ ̵sub_zero, zero_sub,
  ̲  ̲ ̲ ̲neg_neg] at h21

Note: This linter can be disabled with `set_option linter.unusedSimpArgs false`
Phys/Algebra/OctonionJordanFamilyInvariantCore.lean:130:52: warning: This simp argument is unused:
  zero_sub

Hint: Omit it from the simp argument list.
  simp only [adE_apply, Matrix.sub_apply, Matrix.zero_apply, Matrix.mul_apply, ocRM_apply,
  ̲  ̲ ̲ ̲Fin.sum_univ_three, Matrix.of_apply, Matrix.cons_val_zero, Matrix.cons_val_one,
  ̲  ̲ ̲ ̲Matrix.head_cons, Matrix.cons_val_two, Matrix.tail_cons, ocR_zero, ocR_one, ocR_neg, zero_mul,
  ̲  ̲ ̲ ̲mul_zero, ocR_one_mul, mul_ocR_one, neg_mul, mul_neg, add_zero, zero_add, sub_zero,
  ̲  ̲ ̲ ̲z̵e̵r̵o̵_̵s̵u̵b̵,̵ ̵neg_neg] at h21

Note: This linter can be disabled with `set_option linter.unusedSimpArgs false`
Phys/Algebra/OctonionJordanFamilyInvariantCore.lean:130:62: warning: This simp argument is unused:
  neg_neg

Hint: Omit it from the simp argument list.
  simp only [adE_apply, Matrix.sub_apply, Matrix.zero_apply, Matrix.mul_apply, ocRM_apply,
  ̲  ̲ ̲ ̲Fin.sum_univ_three, Matrix.of_apply, Matrix.cons_val_zero, Matrix.cons_val_one,
  ̲  ̲ ̲ ̲Matrix.head_cons, Matrix.cons_val_two, Matrix.tail_cons, ocR_zero, ocR_one, ocR_neg, zero_mul,
  ̲  ̲ ̲ ̲mul_zero, ocR_one_mul, mul_ocR_one, neg_mul, mul_neg, add_zero, zero_add, sub_zero,
  ̲  ̲ ̲ ̲z̵e̵r̵o̵_̵s̵u̵b̵,̵ ̵n̵e̵g̵_̵n̵e̵g̵]̵z̲e̲r̲o̲_̲s̲u̲b̲]̲ at h21

Note: This linter can be disabled with `set_option linter.unusedSimpArgs false`
Phys/Algebra/OctonionJordanFamilyInvariantCore.lean:143:70: warning: This simp argument is unused:
  ocR_one_mul

Hint: Omit it from the simp argument list.
  simp only [adE_apply, Matrix.sub_apply, Matrix.zero_apply, Matrix.mul_apply, ocRM_apply,
  ̲  ̲ ̲ ̲Fin.sum_univ_three, Matrix.of_apply, Matrix.cons_val_zero, Matrix.cons_val_one,
  ̲  ̲ ̲ ̲Matrix.head_cons, Matrix.cons_val_two, Matrix.tail_cons, ocR_zero, ocR_one, ocR_neg, zero_mul,
  ̲  ̲ ̲ ̲mul_zero, o̵c̵R̵_̵o̵n̵e̵_̵m̵u̵l̵,̵neg_mul, mul_neg, add_zero, zero_add] at h02

Note: This linter can be disabled with `set_option linter.unusedSimpArgs false`
Phys/Algebra/OctonionJordanFamilyInvariantCore.lean:163:70: warning: This simp argument is unused:
  ocR_one_mul

Hint: Omit it from the simp argument list.
  simp only [adE_apply, Matrix.sub_apply, Matrix.zero_apply, Matrix.mul_apply, ocRM_apply,
  ̲  ̲ ̲ ̲Fin.sum_univ_three, Matrix.of_apply, Matrix.cons_val_zero, Matrix.cons_val_one,
  ̲  ̲ ̲ ̲Matrix.head_cons, Matrix.cons_val_two, Matrix.tail_cons, ocR_zero, ocR_one, ocR_neg, zero_mul,
  ̲  ̲ ̲ ̲mul_zero, o̵c̵R̵_̵o̵n̵e̵_̵m̵u̵l̵,̵ ̵mul_ocR_one, neg_mul, mul_neg, add_zero, zero_add, sub_zero, zero_sub, neg_neg] at h12

Note: This linter can be disabled with `set_option linter.unusedSimpArgs false`
Phys/Algebra/OctonionJordanFamilyInvariantCore.lean:163:83: warning: This simp argument is unused:
  mul_ocR_one

Hint: Omit it from the simp argument list.
  simp only [adE_apply, Matrix.sub_apply, Matrix.zero_apply, Matrix.mul_apply, ocRM_apply,
  ̲  ̲ ̲ ̲Fin.sum_univ_three, Matrix.of_apply, Matrix.cons_val_zero, Matrix.cons_val_one,
  ̲  ̲ ̲ ̲Matrix.head_cons, Matrix.cons_val_two, Matrix.tail_cons, ocR_zero, ocR_one, ocR_neg, zero_mul,
  ̲  ̲ ̲ ̲mul_zero, ocR_one_mul, m̵u̵l̵_̵o̵c̵R̵_̵o̵n̵e̵,̵neg_mul, mul_neg, add_zero, zero_add, sub_zero, zero_sub, neg_neg] at h12

Note: This linter can be disabled with `set_option linter.unusedSimpArgs false`
Phys/Algebra/OctonionJordanFamilyInvariantCore.lean:164:4: warning: This simp argument is unused:
  neg_mul

Hint: Omit it from the simp argument list.
  simp only [adE_apply, Matrix.sub_apply, Matrix.zero_apply, Matrix.mul_apply, ocRM_apply,
  ̲  ̲ ̲ ̲Fin.sum_univ_three, Matrix.of_apply, Matrix.cons_val_zero, Matrix.cons_val_one,
  ̲  ̲ ̲ ̲Matrix.head_cons, Matrix.cons_val_two, Matrix.tail_cons, ocR_zero, ocR_one, ocR_neg, zero_mul,
  ̲  ̲ ̲ ̲mul_zero, ocR_one_mul, mul_ocR_one, n̵e̵g̵_̵m̵u̵l̵,̵ ̵mul_neg, add_zero, zero_add, sub_zero, zero_sub,
  ̲  ̲ ̲ ̲neg_neg] at h12

Note: This linter can be disabled with `set_option linter.unusedSimpArgs false`
Phys/Algebra/OctonionJordanFamilyInvariantCore.lean:164:32: warning: This simp argument is unused:
  zero_add

Hint: Omit it from the simp argument list.
  simp only [adE_apply, Matrix.sub_apply, Matrix.zero_apply, Matrix.mul_apply, ocRM_apply,
  ̲  ̲ ̲ ̲Fin.sum_univ_three, Matrix.of_apply, Matrix.cons_val_zero, Matrix.cons_val_one,
  ̲  ̲ ̲ ̲Matrix.head_cons, Matrix.cons_val_two, Matrix.tail_cons, ocR_zero, ocR_one, ocR_neg, zero_mul,
  ̲  ̲ ̲ ̲mul_zero, ocR_one_mul, mul_ocR_one, neg_mul, mul_neg, add_zero, z̵e̵r̵o̵_̵a̵d̵d̵,̵ ̵sub_zero, zero_sub,
  ̲  ̲ ̲ ̲neg_neg] at h12

Note: This linter can be disabled with `set_option linter.unusedSimpArgs false`
Phys/Algebra/OctonionJordanFamilyInvariantCore.lean:164:42: warning: This simp argument is unused:
  sub_zero

Hint: Omit it from the simp argument list.
  simp only [adE_apply, Matrix.sub_apply, Matrix.zero_apply, Matrix.mul_apply, ocRM_apply,
  ̲  ̲ ̲ ̲Fin.sum_univ_three, Matrix.of_apply, Matrix.cons_val_zero, Matrix.cons_val_one,
  ̲  ̲ ̲ ̲Matrix.head_cons, Matrix.cons_val_two, Matrix.tail_cons, ocR_zero, ocR_one, ocR_neg, zero_mul,
  ̲  ̲ ̲ ̲mul_zero, ocR_one_mul, mul_ocR_one, neg_mul, mul_neg, add_zero, zero_add, s̵u̵b̵_̵z̵e̵r̵o̵,̵ ̵zero_sub,
  ̲  ̲ ̲ ̲neg_neg] at h12

Note: This linter can be disabled with `set_option linter.unusedSimpArgs false`
Phys/Algebra/OctonionJordanFamilyInvariantCore.lean:178:70: warning: This simp argument is unused:
  ocR_one_mul

Hint: Omit it from the simp argument list.
  simp only [adE_apply, Matrix.sub_apply, Matrix.zero_apply, Matrix.mul_apply, ocRM_apply,
  ̲  ̲ ̲ ̲Fin.sum_univ_three, Matrix.of_apply, Matrix.cons_val_zero, Matrix.cons_val_one,
  ̲  ̲ ̲ ̲Matrix.head_cons, Matrix.cons_val_two, Matrix.tail_cons, ocR_zero, ocR_one, ocR_neg, zero_mul,
  ̲  ̲ ̲ ̲mul_zero, o̵c̵R̵_̵o̵n̵e̵_̵m̵u̵l̵,̵ ̵mul_ocR_one, neg_mul, mul_neg, add_zero, zero_add, sub_zero, zero_sub, neg_neg] at h12

Note: This linter can be disabled with `set_option linter.unusedSimpArgs false`
Phys/Algebra/OctonionJordanFamilyInvariantCore.lean:178:83: warning: This simp argument is unused:
  mul_ocR_one

Hint: Omit it from the simp argument list.
  simp only [adE_apply, Matrix.sub_apply, Matrix.zero_apply, Matrix.mul_apply, ocRM_apply,
  ̲  ̲ ̲ ̲Fin.sum_univ_three, Matrix.of_apply, Matrix.cons_val_zero, Matrix.cons_val_one,
  ̲  ̲ ̲ ̲Matrix.head_cons, Matrix.cons_val_two, Matrix.tail_cons, ocR_zero, ocR_one, ocR_neg, zero_mul,
  ̲  ̲ ̲ ̲mul_zero, ocR_one_mul, m̵u̵l̵_̵o̵c̵R̵_̵o̵n̵e̵,̵neg_mul, mul_neg, add_zero, zero_add, sub_zero, zero_sub, neg_neg] at h12

Note: This linter can be disabled with `set_option linter.unusedSimpArgs false`
Phys/Algebra/OctonionJordanFamilyInvariantCore.lean:179:13: warning: This simp argument is unused:
  mul_neg

Hint: Omit it from the simp argument list.
  simp only [adE_apply, Matrix.sub_apply, Matrix.zero_apply, Matrix.mul_apply, ocRM_apply,
  ̲  ̲ ̲ ̲Fin.sum_univ_three, Matrix.of_apply, Matrix.cons_val_zero, Matrix.cons_val_one,
  ̲  ̲ ̲ ̲Matrix.head_cons, Matrix.cons_val_two, Matrix.tail_cons, ocR_zero, ocR_one, ocR_neg, zero_mul,
  ̲  ̲ ̲ ̲mul_zero, ocR_one_mul, mul_ocR_one, neg_mul, m̵u̵l̵_̵n̵e̵g̵,̵ ̵add_zero, zero_add, sub_zero, zero_sub,
  ̲  ̲ ̲ ̲neg_neg] at h12

Note: This linter can be disabled with `set_option linter.unusedSimpArgs false`
Phys/Algebra/OctonionJordanFamilyInvariantCore.lean:179:32: warning: This simp argument is unused:
  zero_add

Hint: Omit it from the simp argument list.
  simp only [adE_apply, Matrix.sub_apply, Matrix.zero_apply, Matrix.mul_apply, ocRM_apply,
  ̲  ̲ ̲ ̲Fin.sum_univ_three, Matrix.of_apply, Matrix.cons_val_zero, Matrix.cons_val_one,
  ̲  ̲ ̲ ̲Matrix.head_cons, Matrix.cons_val_two, Matrix.tail_cons, ocR_zero, ocR_one, ocR_neg, zero_mul,
  ̲  ̲ ̲ ̲mul_zero, ocR_one_mul, mul_ocR_one, neg_mul, mul_neg, add_zero, z̵e̵r̵o̵_̵a̵d̵d̵,̵ ̵sub_zero, zero_sub,
  ̲  ̲ ̲ ̲neg_neg] at h12

Note: This linter can be disabled with `set_option linter.unusedSimpArgs false`
Phys/Algebra/OctonionJordanFamilyInvariantCore.lean:179:52: warning: This simp argument is unused:
  zero_sub

Hint: Omit it from the simp argument list.
  simp only [adE_apply, Matrix.sub_apply, Matrix.zero_apply, Matrix.mul_apply, ocRM_apply,
  ̲  ̲ ̲ ̲Fin.sum_univ_three, Matrix.of_apply, Matrix.cons_val_zero, Matrix.cons_val_one,
  ̲  ̲ ̲ ̲Matrix.head_cons, Matrix.cons_val_two, Matrix.tail_cons, ocR_zero, ocR_one, ocR_neg, zero_mul,
  ̲  ̲ ̲ ̲mul_zero, ocR_one_mul, mul_ocR_one, neg_mul, mul_neg, add_zero, zero_add, sub_zero,
  ̲  ̲ ̲ ̲z̵e̵r̵o̵_̵s̵u̵b̵,̵ ̵neg_neg] at h12

Note: This linter can be disabled with `set_option linter.unusedSimpArgs false`
Phys/Algebra/OctonionJordanFamilyInvariantCore.lean:179:62: warning: This simp argument is unused:
  neg_neg

Hint: Omit it from the simp argument list.
  simp only [adE_apply, Matrix.sub_apply, Matrix.zero_apply, Matrix.mul_apply, ocRM_apply,
  ̲  ̲ ̲ ̲Fin.sum_univ_three, Matrix.of_apply, Matrix.cons_val_zero, Matrix.cons_val_one,
  ̲  ̲ ̲ ̲Matrix.head_cons, Matrix.cons_val_two, Matrix.tail_cons, ocR_zero, ocR_one, ocR_neg, zero_mul,
  ̲  ̲ ̲ ̲mul_zero, ocR_one_mul, mul_ocR_one, neg_mul, mul_neg, add_zero, zero_add, sub_zero,
  ̲  ̲ ̲ ̲z̵e̵r̵o̵_̵s̵u̵b̵,̵ ̵n̵e̵g̵_̵n̵e̵g̵]̵z̲e̲r̲o̲_̲s̲u̲b̲]̲ at h12

Note: This linter can be disabled with `set_option linter.unusedSimpArgs false`
Phys/Algebra/OctonionJordanFamilyInvariantCore.lean:238:8: error: Tactic `rewrite` failed: Did not find an occurrence of the pattern
  Dg r r r 0 0
in the target expression
  M ((fun i => i) ⟨0, ⋯⟩) ((fun i => i) ⟨0, ⋯⟩) = Dg r r r ((fun i => i) ⟨0, ⋯⟩) ((fun i => i) ⟨0, ⋯⟩)

case a.«_@»._internal._hyg.0.«0».«0»
M : Matrix (Fin 3) (Fin 3) (O ℚ)
hHerm : Mᴴ = M
hA : (innerMul (slotB 1) (slotC 1)) M = 0
hB : (innerMul (slotC 1) (slotA 1)) M = 0
_hC : (innerMul (slotA 1) (slotB 1)) M = 0
h12 : M 1 2 = 0
h02 : M 0 2 = 0
h01 : M 0 1 = 0
h10 : M 1 0 = 0
hd11 : M 1 1 = M 0 0
hd22 : M 2 2 = M 0 0
hentry : ∀ (i j : Fin 3), star (M j i) = M i j
h21 : M 2 1 = 0
h20 : M 2 0 = 0
r : ℚ := reQ (M 0 0)
hsa : M 0 0 = ocR r
hr : r = reQ (M 0 0)
hdiag : ∀ (i : Fin 3), Dg r r r i i = ocR r
hoff : ∀ (i j : Fin 3), i ≠ j → Dg r r r i j = 0
⊢ M ((fun i => i) ⟨0, ⋯⟩) ((fun i => i) ⟨0, ⋯⟩) = Dg r r r ((fun i => i) ⟨0, ⋯⟩) ((fun i => i) ⟨0, ⋯⟩)
Phys/Algebra/OctonionJordanFamilyInvariantCore.lean:239:8: error: Tactic `rewrite` failed: Did not find an occurrence of the pattern
  Dg r r r 0 1
in the target expression
  M ((fun i => i) ⟨0, ⋯⟩) ((fun i => i) ⟨1, ⋯⟩) = Dg r r r ((fun i => i) ⟨0, ⋯⟩) ((fun i => i) ⟨1, ⋯⟩)

case a.«_@»._internal._hyg.0.«0».«1»
M : Matrix (Fin 3) (Fin 3) (O ℚ)
hHerm : Mᴴ = M
hA : (innerMul (slotB 1) (slotC 1)) M = 0
hB : (innerMul (slotC 1) (slotA 1)) M = 0
_hC : (innerMul (slotA 1) (slotB 1)) M = 0
h12 : M 1 2 = 0
h02 : M 0 2 = 0
h01 : M 0 1 = 0
h10 : M 1 0 = 0
hd11 : M 1 1 = M 0 0
hd22 : M 2 2 = M 0 0
hentry : ∀ (i j : Fin 3), star (M j i) = M i j
h21 : M 2 1 = 0
h20 : M 2 0 = 0
r : ℚ := reQ (M 0 0)
hsa : M 0 0 = ocR r
hr : r = reQ (M 0 0)
hdiag : ∀ (i : Fin 3), Dg r r r i i = ocR r
hoff : ∀ (i j : Fin 3), i ≠ j → Dg r r r i j = 0
⊢ M ((fun i => i) ⟨0, ⋯⟩) ((fun i => i) ⟨1, ⋯⟩) = Dg r r r ((fun i => i) ⟨0, ⋯⟩) ((fun i => i) ⟨1, ⋯⟩)
Phys/Algebra/OctonionJordanFamilyInvariantCore.lean:240:8: error: Tactic `rewrite` failed: Did not find an occurrence of the pattern
  Dg r r r 0 2
in the target expression
  M ((fun i => i) ⟨0, ⋯⟩) ((fun i => i) ⟨2, ⋯⟩) = Dg r r r ((fun i => i) ⟨0, ⋯⟩) ((fun i => i) ⟨2, ⋯⟩)

case a.«_@»._internal._hyg.0.«0».«2»
M : Matrix (Fin 3) (Fin 3) (O ℚ)
hHerm : Mᴴ = M
hA : (innerMul (slotB 1) (slotC 1)) M = 0
hB : (innerMul (slotC 1) (slotA 1)) M = 0
_hC : (innerMul (slotA 1) (slotB 1)) M = 0
h12 : M 1 2 = 0
h02 : M 0 2 = 0
h01 : M 0 1 = 0
h10 : M 1 0 = 0
hd11 : M 1 1 = M 0 0
hd22 : M 2 2 = M 0 0
hentry : ∀ (i j : Fin 3), star (M j i) = M i j
h21 : M 2 1 = 0
h20 : M 2 0 = 0
r : ℚ := reQ (M 0 0)
hsa : M 0 0 = ocR r
hr : r = reQ (M 0 0)
hdiag : ∀ (i : Fin 3), Dg r r r i i = ocR r
hoff : ∀ (i j : Fin 3), i ≠ j → Dg r r r i j = 0
⊢ M ((fun i => i) ⟨0, ⋯⟩) ((fun i => i) ⟨2, ⋯⟩) = Dg r r r ((fun i => i) ⟨0, ⋯⟩) ((fun i => i) ⟨2, ⋯⟩)
Phys/Algebra/OctonionJordanFamilyInvariantCore.lean:241:8: error: Tactic `rewrite` failed: Did not find an occurrence of the pattern
  Dg r r r 1 0
in the target expression
  M ((fun i => i) ⟨1, ⋯⟩) ((fun i => i) ⟨0, ⋯⟩) = Dg r r r ((fun i => i) ⟨1, ⋯⟩) ((fun i => i) ⟨0, ⋯⟩)

case a.«_@»._internal._hyg.0.«1».«0»
M : Matrix (Fin 3) (Fin 3) (O ℚ)
hHerm : Mᴴ = M
hA : (innerMul (slotB 1) (slotC 1)) M = 0
hB : (innerMul (slotC 1) (slotA 1)) M = 0
_hC : (innerMul (slotA 1) (slotB 1)) M = 0
h12 : M 1 2 = 0
h02 : M 0 2 = 0
h01 : M 0 1 = 0
h10 : M 1 0 = 0
hd11 : M 1 1 = M 0 0
hd22 : M 2 2 = M 0 0
hentry : ∀ (i j : Fin 3), star (M j i) = M i j
h21 : M 2 1 = 0
h20 : M 2 0 = 0
r : ℚ := reQ (M 0 0)
hsa : M 0 0 = ocR r
hr : r = reQ (M 0 0)
hdiag : ∀ (i : Fin 3), Dg r r r i i = ocR r
hoff : ∀ (i j : Fin 3), i ≠ j → Dg r r r i j = 0
⊢ M ((fun i => i) ⟨1, ⋯⟩) ((fun i => i) ⟨0, ⋯⟩) = Dg r r r ((fun i => i) ⟨1, ⋯⟩) ((fun i => i) ⟨0, ⋯⟩)
Phys/Algebra/OctonionJordanFamilyInvariantCore.lean:242:8: error: Tactic `rewrite` failed: Did not find an occurrence of the pattern
  Dg r r r 1 1
in the target expression
  M ((fun i => i) ⟨1, ⋯⟩) ((fun i => i) ⟨1, ⋯⟩) = Dg r r r ((fun i => i) ⟨1, ⋯⟩) ((fun i => i) ⟨1, ⋯⟩)

case a.«_@»._internal._hyg.0.«1».«1»
M : Matrix (Fin 3) (Fin 3) (O ℚ)
hHerm : Mᴴ = M
hA : (innerMul (slotB 1) (slotC 1)) M = 0
hB : (innerMul (slotC 1) (slotA 1)) M = 0
_hC : (innerMul (slotA 1) (slotB 1)) M = 0
h12 : M 1 2 = 0
h02 : M 0 2 = 0
h01 : M 0 1 = 0
h10 : M 1 0 = 0
hd11 : M 1 1 = M 0 0
hd22 : M 2 2 = M 0 0
hentry : ∀ (i j : Fin 3), star (M j i) = M i j
h21 : M 2 1 = 0
h20 : M 2 0 = 0
r : ℚ := reQ (M 0 0)
hsa : M 0 0 = ocR r
hr : r = reQ (M 0 0)
hdiag : ∀ (i : Fin 3), Dg r r r i i = ocR r
hoff : ∀ (i j : Fin 3), i ≠ j → Dg r r r i j = 0
⊢ M ((fun i => i) ⟨1, ⋯⟩) ((fun i => i) ⟨1, ⋯⟩) = Dg r r r ((fun i => i) ⟨1, ⋯⟩) ((fun i => i) ⟨1, ⋯⟩)
Phys/Algebra/OctonionJordanFamilyInvariantCore.lean:243:8: error: Tactic `rewrite` failed: Did not find an occurrence of the pattern
  Dg r r r 1 2
in the target expression
  M ((fun i => i) ⟨1, ⋯⟩) ((fun i => i) ⟨2, ⋯⟩) = Dg r r r ((fun i => i) ⟨1, ⋯⟩) ((fun i => i) ⟨2, ⋯⟩)

case a.«_@»._internal._hyg.0.«1».«2»
M : Matrix (Fin 3) (Fin 3) (O ℚ)
hHerm : Mᴴ = M
hA : (innerMul (slotB 1) (slotC 1)) M = 0
hB : (innerMul (slotC 1) (slotA 1)) M = 0
_hC : (innerMul (slotA 1) (slotB 1)) M = 0
h12 : M 1 2 = 0
h02 : M 0 2 = 0
h01 : M 0 1 = 0
h10 : M 1 0 = 0
hd11 : M 1 1 = M 0 0
hd22 : M 2 2 = M 0 0
hentry : ∀ (i j : Fin 3), star (M j i) = M i j
h21 : M 2 1 = 0
h20 : M 2 0 = 0
r : ℚ := reQ (M 0 0)
hsa : M 0 0 = ocR r
hr : r = reQ (M 0 0)
hdiag : ∀ (i : Fin 3), Dg r r r i i = ocR r
hoff : ∀ (i j : Fin 3), i ≠ j → Dg r r r i j = 0
⊢ M ((fun i => i) ⟨1, ⋯⟩) ((fun i => i) ⟨2, ⋯⟩) = Dg r r r ((fun i => i) ⟨1, ⋯⟩) ((fun i => i) ⟨2, ⋯⟩)
Phys/Algebra/OctonionJordanFamilyInvariantCore.lean:244:8: error: Tactic `rewrite` failed: Did not find an occurrence of the pattern
  Dg r r r 2 0
in the target expression
  M ((fun i => i) ⟨2, ⋯⟩) ((fun i => i) ⟨0, ⋯⟩) = Dg r r r ((fun i => i) ⟨2, ⋯⟩) ((fun i => i) ⟨0, ⋯⟩)

case a.«_@»._internal._hyg.0.«2».«0»
M : Matrix (Fin 3) (Fin 3) (O ℚ)
hHerm : Mᴴ = M
hA : (innerMul (slotB 1) (slotC 1)) M = 0
hB : (innerMul (slotC 1) (slotA 1)) M = 0
_hC : (innerMul (slotA 1) (slotB 1)) M = 0
h12 : M 1 2 = 0
h02 : M 0 2 = 0
h01 : M 0 1 = 0
h10 : M 1 0 = 0
hd11 : M 1 1 = M 0 0
hd22 : M 2 2 = M 0 0
hentry : ∀ (i j : Fin 3), star (M j i) = M i j
h21 : M 2 1 = 0
h20 : M 2 0 = 0
r : ℚ := reQ (M 0 0)
hsa : M 0 0 = ocR r
hr : r = reQ (M 0 0)
hdiag : ∀ (i : Fin 3), Dg r r r i i = ocR r
hoff : ∀ (i j : Fin 3), i ≠ j → Dg r r r i j = 0
⊢ M ((fun i => i) ⟨2, ⋯⟩) ((fun i => i) ⟨0, ⋯⟩) = Dg r r r ((fun i => i) ⟨2, ⋯⟩) ((fun i => i) ⟨0, ⋯⟩)
Phys/Algebra/OctonionJordanFamilyInvariantCore.lean:245:8: error: Tactic `rewrite` failed: Did not find an occurrence of the pattern
  Dg r r r 2 1
in the target expression
  M ((fun i => i) ⟨2, ⋯⟩) ((fun i => i) ⟨1, ⋯⟩) = Dg r r r ((fun i => i) ⟨2, ⋯⟩) ((fun i => i) ⟨1, ⋯⟩)

case a.«_@»._internal._hyg.0.«2».«1»
M : Matrix (Fin 3) (Fin 3) (O ℚ)
hHerm : Mᴴ = M
hA : (innerMul (slotB 1) (slotC 1)) M = 0
hB : (innerMul (slotC 1) (slotA 1)) M = 0
_hC : (innerMul (slotA 1) (slotB 1)) M = 0
h12 : M 1 2 = 0
h02 : M 0 2 = 0
h01 : M 0 1 = 0
h10 : M 1 0 = 0
hd11 : M 1 1 = M 0 0
hd22 : M 2 2 = M 0 0
hentry : ∀ (i j : Fin 3), star (M j i) = M i j
h21 : M 2 1 = 0
h20 : M 2 0 = 0
r : ℚ := reQ (M 0 0)
hsa : M 0 0 = ocR r
hr : r = reQ (M 0 0)
hdiag : ∀ (i : Fin 3), Dg r r r i i = ocR r
hoff : ∀ (i j : Fin 3), i ≠ j → Dg r r r i j = 0
⊢ M ((fun i => i) ⟨2, ⋯⟩) ((fun i => i) ⟨1, ⋯⟩) = Dg r r r ((fun i => i) ⟨2, ⋯⟩) ((fun i => i) ⟨1, ⋯⟩)
Phys/Algebra/OctonionJordanFamilyInvariantCore.lean:246:8: error: Tactic `rewrite` failed: Did not find an occurrence of the pattern
  Dg r r r 2 2
in the target expression
  M ((fun i => i) ⟨2, ⋯⟩) ((fun i => i) ⟨2, ⋯⟩) = Dg r r r ((fun i => i) ⟨2, ⋯⟩) ((fun i => i) ⟨2, ⋯⟩)

case a.«_@»._internal._hyg.0.«2».«2»
M : Matrix (Fin 3) (Fin 3) (O ℚ)
hHerm : Mᴴ = M
hA : (innerMul (slotB 1) (slotC 1)) M = 0
hB : (innerMul (slotC 1) (slotA 1)) M = 0
_hC : (innerMul (slotA 1) (slotB 1)) M = 0
h12 : M 1 2 = 0
h02 : M 0 2 = 0
h01 : M 0 1 = 0
h10 : M 1 0 = 0
hd11 : M 1 1 = M 0 0
hd22 : M 2 2 = M 0 0
hentry : ∀ (i j : Fin 3), star (M j i) = M i j
h21 : M 2 1 = 0
h20 : M 2 0 = 0
r : ℚ := reQ (M 0 0)
hsa : M 0 0 = ocR r
hr : r = reQ (M 0 0)
hdiag : ∀ (i : Fin 3), Dg r r r i i = ocR r
hoff : ∀ (i j : Fin 3), i ≠ j → Dg r r r i j = 0
⊢ M ((fun i => i) ⟨2, ⋯⟩) ((fun i => i) ⟨2, ⋯⟩) = Dg r r r ((fun i => i) ⟨2, ⋯⟩) ((fun i => i) ⟨2, ⋯⟩)
Phys/Algebra/OctonionJordanFamilyInvariantCore.lean:232:39: warning: This simp argument is unused:
  Matrix.diagonal_apply

Hint: Omit it from the simp argument list.
  simp [Dg,̵ ̵M̵a̵t̵r̵i̵x̵.̵d̵i̵a̵g̵o̵n̵a̵l̵_̵a̵p̵p̵l̵y̵]

Note: This linter can be disabled with `set_option linter.unusedSimpArgs false`
Phys/Algebra/OctonionJordanFamilyInvariantCore.lean:234:29: warning: This simp argument is unused:
  Matrix.diagonal_apply

Hint: Omit it from the simp argument list.
  simp [Dg, M̵a̵t̵r̵i̵x̵.̵d̵i̵a̵g̵o̵n̵a̵l̵_̵a̵p̵p̵l̵y̵,̵ ̵hij]

Note: This linter can be disabled with `set_option linter.unusedSimpArgs false`
Phys/Algebra/OctonionJordanFamilyInvariantCore.lean:269:20: warning: This simp argument is unused:
  Matrix.diagonal_apply

Hint: Omit it from the simp argument list.
  simp [Dg, ocRM, M̵a̵t̵r̵i̵x̵.̵d̵i̵a̵g̵o̵n̵a̵l̵_̵a̵p̵p̵l̵y̵,̵ ̵Matrix.one_apply, Matrix.smul_apply, ocR_zero]

Note: This linter can be disabled with `set_option linter.unusedSimpArgs false`
Phys/Algebra/OctonionJordanFamilyInvariantCore.lean:294:42: warning: This simp argument is unused:
  Matrix.diagonal_apply

Hint: Omit it from the simp argument list.
  simp [Dg, Matrix.conjTranspose_apply, M̵a̵t̵r̵i̵x̵.̵d̵i̵a̵g̵o̵n̵a̵l̵_̵a̵p̵p̵l̵y̵,̵ ̵ocR_star, ocR_zero]

Note: This linter can be disabled with `set_option linter.unusedSimpArgs false`
Phys/Algebra/OctonionJordanFamilyInvariantCore.lean:294:75: warning: This simp argument is unused:
  ocR_zero

Hint: Omit it from the simp argument list.
  simp [Dg, Matrix.conjTranspose_apply, Matrix.diagonal_apply, ocR_star,̵ ̵o̵c̵R̵_̵z̵e̵r̵o̵]

Note: This linter can be disabled with `set_option linter.unusedSimpArgs false`
EXIT=1
