Phys/ProbeN290Extract3.lean:38:2: error: failed to synthesize
  CommSemiring (O ℚ)

Hint: Additional diagnostic information may be available using the `set_option diagnostics true` command.
Phys/ProbeN290Extract3.lean:36:24: warning: This simp argument is unused:
  ocR_one_mul

Hint: Omit it from the simp argument list.
  simp only [adE_apply, Matrix.sub_apply, Matrix.zero_apply, Matrix.mul_apply, ocRM_apply,
  ̲  ̲ ̲ ̲Fin.sum_univ_three, Matrix.of_apply, Matrix.cons_val_zero, Matrix.cons_val_one,
  ̲  ̲ ̲ ̲Matrix.head_cons, Matrix.cons_val_two, Matrix.tail_cons, ocR_zero, ocR_one, zero_mul, mul_zero,
  ̲  ̲ ̲ ̲o̵c̵R̵_̵o̵n̵e̵_̵m̵u̵l̵,̵ ̵mul_ocR_one, add_zero, zero_add, sub_zero, zero_sub] at h02

Note: This linter can be disabled with `set_option linter.unusedSimpArgs false`
Phys/ProbeN290Extract3.lean:36:37: warning: This simp argument is unused:
  mul_ocR_one

Hint: Omit it from the simp argument list.
  simp only [adE_apply, Matrix.sub_apply, Matrix.zero_apply, Matrix.mul_apply, ocRM_apply,
  ̲  ̲ ̲ ̲Fin.sum_univ_three, Matrix.of_apply, Matrix.cons_val_zero, Matrix.cons_val_one,
  ̲  ̲ ̲ ̲Matrix.head_cons, Matrix.cons_val_two, Matrix.tail_cons, ocR_zero, ocR_one, zero_mul, mul_zero,
  ̲  ̲ ̲ ̲ocR_one_mul, m̵u̵l̵_̵o̵c̵R̵_̵o̵n̵e̵,̵ ̵add_zero, zero_add, sub_zero, zero_sub] at h02

Note: This linter can be disabled with `set_option linter.unusedSimpArgs false`
Phys/ProbeN290Extract3.lean:36:80: warning: This simp argument is unused:
  zero_sub

Hint: Omit it from the simp argument list.
  simp only [adE_apply, Matrix.sub_apply, Matrix.zero_apply, Matrix.mul_apply, ocRM_apply,
  ̲  ̲ ̲ ̲Fin.sum_univ_three, Matrix.of_apply, Matrix.cons_val_zero, Matrix.cons_val_one,
  ̲  ̲ ̲ ̲Matrix.head_cons, Matrix.cons_val_two, Matrix.tail_cons, ocR_zero, ocR_one, zero_mul, mul_zero,
  ̲  ̲ ̲ ̲ocR_one_mul, mul_ocR_one, add_zero, zero_add, s̵u̵b̵_̵z̵e̵r̵o̵,̵ ̵z̵e̵r̵o̵_̵s̵u̵b̵]̵s̲u̲b̲_̲z̲e̲r̲o̲]̲ at h02

Note: This linter can be disabled with `set_option linter.unusedSimpArgs false`
EXIT=1
