Phys/ProbeN290Extract4.lean:28:61: warning: This simp argument is unused:
  ocR_one_mul

Hint: Omit it from the simp argument list.
  simp only [adE_apply, Matrix.sub_apply, Matrix.zero_apply, Matrix.mul_apply, ocRM_apply,
  ̲  ̲ ̲ ̲Fin.sum_univ_three, Matrix.of_apply, Matrix.cons_val_zero, Matrix.cons_val_one,
  ̲  ̲ ̲ ̲Matrix.head_cons, Matrix.cons_val_two, Matrix.tail_cons, ocR_zero, ocR_one, zero_mul, mul_zero,
  ̲  ̲ ̲ ̲o̵c̵R̵_̵o̵n̵e̵_̵m̵u̵l̵,̵ ̵mul_ocR_one, add_zero, zero_add, sub_zero, zero_sub] at h02

Note: This linter can be disabled with `set_option linter.unusedSimpArgs false`
Phys/ProbeN290Extract4.lean:28:74: warning: This simp argument is unused:
  mul_ocR_one

Hint: Omit it from the simp argument list.
  simp only [adE_apply, Matrix.sub_apply, Matrix.zero_apply, Matrix.mul_apply, ocRM_apply,
  ̲  ̲ ̲ ̲Fin.sum_univ_three, Matrix.of_apply, Matrix.cons_val_zero, Matrix.cons_val_one,
  ̲  ̲ ̲ ̲Matrix.head_cons, Matrix.cons_val_two, Matrix.tail_cons, ocR_zero, ocR_one, zero_mul, mul_zero,
  ̲  ̲ ̲ ̲ocR_one_mul, m̵u̵l̵_̵o̵c̵R̵_̵o̵n̵e̵,̵add_zero, zero_add, sub_zero, zero_sub] at h02

Note: This linter can be disabled with `set_option linter.unusedSimpArgs false`
Phys/ProbeN290Extract4.lean:29:34: warning: This simp argument is unused:
  zero_sub

Hint: Omit it from the simp argument list.
  simp only [adE_apply, Matrix.sub_apply, Matrix.zero_apply, Matrix.mul_apply, ocRM_apply,
  ̲  ̲ ̲ ̲Fin.sum_univ_three, Matrix.of_apply, Matrix.cons_val_zero, Matrix.cons_val_one,
  ̲  ̲ ̲ ̲Matrix.head_cons, Matrix.cons_val_two, Matrix.tail_cons, ocR_zero, ocR_one, zero_mul, mul_zero,
  ̲  ̲ ̲ ̲ocR_one_mul, mul_ocR_one, add_zero, zero_add, s̵u̵b̵_̵z̵e̵r̵o̵,̵ ̵z̵e̵r̵o̵_̵s̵u̵b̵]̵s̲u̲b̲_̲z̲e̲r̲o̲]̲ at h02

Note: This linter can be disabled with `set_option linter.unusedSimpArgs false`
Phys/ProbeN290Extract4.lean:46:2: error: linarith failed to find a contradiction
M : Matrix (Fin 3) (Fin 3) (O ℚ)
h : (adE (ocRM !![0, 1, 0; -1, 0, 0; 0, 0, 0])) M = 0
hKa : pB * pC - pC * pB = !![0, 1, 0; -1, 0, 0; 0, 0, 0]
h01 : 1 * M 1 1 - M 0 0 * 1 = 0
⊢ False
failed
Phys/ProbeN290Extract4.lean:43:61: warning: This simp argument is unused:
  ocR_one_mul

Hint: Omit it from the simp argument list.
  simp only [adE_apply, Matrix.sub_apply, Matrix.zero_apply, Matrix.mul_apply, ocRM_apply,
  ̲  ̲ ̲ ̲Fin.sum_univ_three, Matrix.of_apply, Matrix.cons_val_zero, Matrix.cons_val_one,
  ̲  ̲ ̲ ̲Matrix.head_cons, Matrix.cons_val_two, Matrix.tail_cons, ocR_zero, ocR_one, zero_mul, mul_zero,
  ̲  ̲ ̲ ̲o̵c̵R̵_̵o̵n̵e̵_̵m̵u̵l̵,̵ ̵mul_ocR_one, add_zero, zero_add, sub_zero, zero_sub] at h01

Note: This linter can be disabled with `set_option linter.unusedSimpArgs false`
Phys/ProbeN290Extract4.lean:43:74: warning: This simp argument is unused:
  mul_ocR_one

Hint: Omit it from the simp argument list.
  simp only [adE_apply, Matrix.sub_apply, Matrix.zero_apply, Matrix.mul_apply, ocRM_apply,
  ̲  ̲ ̲ ̲Fin.sum_univ_three, Matrix.of_apply, Matrix.cons_val_zero, Matrix.cons_val_one,
  ̲  ̲ ̲ ̲Matrix.head_cons, Matrix.cons_val_two, Matrix.tail_cons, ocR_zero, ocR_one, zero_mul, mul_zero,
  ̲  ̲ ̲ ̲ocR_one_mul, m̵u̵l̵_̵o̵c̵R̵_̵o̵n̵e̵,̵add_zero, zero_add, sub_zero, zero_sub] at h01

Note: This linter can be disabled with `set_option linter.unusedSimpArgs false`
Phys/ProbeN290Extract4.lean:44:24: warning: This simp argument is unused:
  sub_zero

Hint: Omit it from the simp argument list.
  simp only [adE_apply, Matrix.sub_apply, Matrix.zero_apply, Matrix.mul_apply, ocRM_apply,
  ̲  ̲ ̲ ̲Fin.sum_univ_three, Matrix.of_apply, Matrix.cons_val_zero, Matrix.cons_val_one,
  ̲  ̲ ̲ ̲Matrix.head_cons, Matrix.cons_val_two, Matrix.tail_cons, ocR_zero, ocR_one, zero_mul, mul_zero,
  ̲  ̲ ̲ ̲ocR_one_mul, mul_ocR_one, add_zero, zero_add, s̵u̵b̵_̵z̵e̵r̵o̵,̵ ̵zero_sub] at h01

Note: This linter can be disabled with `set_option linter.unusedSimpArgs false`
Phys/ProbeN290Extract4.lean:44:34: warning: This simp argument is unused:
  zero_sub

Hint: Omit it from the simp argument list.
  simp only [adE_apply, Matrix.sub_apply, Matrix.zero_apply, Matrix.mul_apply, ocRM_apply,
  ̲  ̲ ̲ ̲Fin.sum_univ_three, Matrix.of_apply, Matrix.cons_val_zero, Matrix.cons_val_one,
  ̲  ̲ ̲ ̲Matrix.head_cons, Matrix.cons_val_two, Matrix.tail_cons, ocR_zero, ocR_one, zero_mul, mul_zero,
  ̲  ̲ ̲ ̲ocR_one_mul, mul_ocR_one, add_zero, zero_add, s̵u̵b̵_̵z̵e̵r̵o̵,̵ ̵z̵e̵r̵o̵_̵s̵u̵b̵]̵s̲u̲b̲_̲z̲e̲r̲o̲]̲ at h01

Note: This linter can be disabled with `set_option linter.unusedSimpArgs false`
EXIT=1
