════════════════════════════════════════════════════════════════
 phys-lean GATE-FAST (per-node) — HEAD 61e0cdd — diff base ef36b11
════════════════════════════════════════════════════════════════
── diff vs ef36b11 ──
    M	Audits/AxiomAudit.lean
    A	Counterexamples/GenerationJarlskogWrongValueCostume.lean
    M	Phys.lean
    A	Phys/Algebra/GenerationJarlskogInvariantNumeric.lean
    M	scripts/costume_manifest.tsv
    A	workbench/N344-jarlskog-cp-invariant/PREREG.md
    A	workbench/N344-jarlskog-cp-invariant/audit.log
    A	workbench/N344-jarlskog-cp-invariant/build_phys.log
    A	workbench/N344-jarlskog-cp-invariant/build_prod.log
    A	workbench/N344-jarlskog-cp-invariant/commit_msg.txt
    A	workbench/N344-jarlskog-cp-invariant/costume.log
    A	workbench/N344-jarlskog-cp-invariant/num_check.py
    A	workbench/N344-jarlskog-cp-invariant/probe_cast.lean
    A	workbench/N344-jarlskog-cp-invariant/probe_cast.log
    A	workbench/N344-jarlskog-cp-invariant/probe_factors.lean
    A	workbench/N344-jarlskog-cp-invariant/probe_factors.log
    A	workbench/N344-jarlskog-cp-invariant/probe_product.lean
    A	workbench/N344-jarlskog-cp-invariant/probe_product.log
── (leaf commit: append-only; fast path is equivalent to full for HEAD 61e0cdd) ──
── D0: zero-axiom policy ──
ok: zero axiom declarations
── D1: no sorry / admit ──
ok: no sorry / admit
── D2: no native_decide ──
ok: no native_decide
── D3: NO BRIDGE / NO RESIDUAL (STANDARD §0,§1) ──
ok: no bridge/residual markers
── D4: build ──
ok: Phys builds
── D5-fast: newly-added costume(s) must bite ──
    ok    C369  Counterexamples/GenerationJarlskogWrongValueCostume.lean  rejected at the math field
    ---
    costume battery: 1/1 passed, 0 failed (parallel x8)
ok: new costume(s) bite at the math field
── D6-fast: newly-added AxiomAudit lines foundations-only ──
ok: 19 newly-banked decls foundations-only
════════════════════════════════════════════════════════════════
GATE-FAST: PASSED  (necessary, NOT sufficient — now apply docs/STANDARD.md:
           unbroken / complete / physics-words-removable. Gate-green ≠ done.)
           The frozen history is re-verified async by the 3-hourly gate-full.
GATE_EXIT=0
