════════════════════════════════════════════════════════════════
 phys-lean GATE-FAST (per-node) — HEAD b6dc469 — diff base 4e533df
════════════════════════════════════════════════════════════════
── diff vs 4e533df ──
    M	Audits/AxiomAudit.lean
    A	Counterexamples/QuarkTextureVacuityCostume.lean
    M	Phys.lean
    A	Phys/Algebra/QuarkTexture.lean
    M	scripts/costume_manifest.tsv
── (leaf commit: append-only; fast path is equivalent to full for HEAD b6dc469) ──
── D0: zero-axiom policy ──
ok: zero axiom declarations
── D1: no sorry / admit ──
ok: no sorry / admit
── D2: no native_decide ──
ok: no native_decide
── D3: NO BRIDGE / NO RESIDUAL (STANDARD §0,§1) ──
ok: no bridge/residual markers
── D4: build ──
ok: Phys builds
── D5-fast: newly-added costume(s) must bite ──
    ok    C497  Counterexamples/QuarkTextureVacuityCostume.lean  rejected at the math field
    ---
    costume battery: 1/1 passed, 0 failed (parallel x8)
ok: new costume(s) bite at the math field
── D6-fast: newly-added AxiomAudit lines foundations-only ──
GATE-FAST FAILING (D6-fast): audit errored:
/tmp/gatefast_audit_XXXX.lean:2:14: error(lean.unknownIdentifier): Unknown constant `Phys.Algebra.HJ.ckmTexture_mixing`
/tmp/gatefast_audit_XXXX.lean:3:14: error(lean.unknownIdentifier): Unknown constant `Phys.Algebra.HJ.upSector_corner_zero`
/tmp/gatefast_audit_XXXX.lean:4:14: error(lean.unknownIdentifier): Unknown constant `Phys.Algebra.HJ.downSector_corner_zero`
/tmp/gatefast_audit_XXXX.lean:5:14: error(lean.unknownIdentifier): Unknown constant `Phys.Algebra.HJ.quarkSector_forced_cubic`
/tmp/gatefast_audit_XXXX.lean:6:14: error(lean.unknownIdentifier): Unknown constant `Phys.Algebra.HJ.quarkSector_koide_total`
════════════════════════════════════════════════════════════════
GATE-FAST: FAILED
