════════════════════════════════════════════════════════════════
 phys-lean GATE-FAST (per-node) — HEAD e8a41cd — diff base f5a9776
════════════════════════════════════════════════════════════════
── diff vs f5a9776 ──
    M	Audits/AxiomAudit.lean
    A	Counterexamples/TowerGatherFFTCommutantG2WrongValueCostume.lean
    M	Phys.lean
    A	Phys/Algebra/TowerGatherFFTCommutantG2.lean
    M	docs/CONSTELLATION.md
    M	docs/LEDGER.md
    M	docs/ROADMAP.md
    M	scripts/costume_manifest.tsv
    A	workbench/N236-fft-endg2-count/PREREG.md
    A	workbench/N236-fft-endg2-count/build_prod.log
    A	workbench/N236-fft-endg2-count/probe1.lean
    A	workbench/N236-fft-endg2-count/probe1.log
    A	workbench/N236-fft-endg2-count/probe1b.log
    A	workbench/N236-fft-endg2-count/probe2.log
    A	workbench/N236-fft-endg2-count/probe3.log
    A	workbench/N236-fft-endg2-count/w6_audit.lean
    A	workbench/N236-fft-endg2-count/w6_audit.out
── (leaf commit: append-only; fast path is equivalent to full for HEAD e8a41cd) ──
── D0: zero-axiom policy ──
ok: zero axiom declarations
── D1: no sorry / admit ──
ok: no sorry / admit
── D2: no native_decide ──
ok: no native_decide
── D3: NO BRIDGE / NO RESIDUAL (STANDARD §0,§1) ──
ok: no bridge/residual markers
── D4: build ──
ok: Phys builds
── D5-fast: newly-added costume(s) must bite ──
    ok    C267  Counterexamples/TowerGatherFFTCommutantG2WrongValueCostume.lean  rejected at the math field
    ---
    costume battery: 1/1 passed, 0 failed (parallel x8)
ok: new costume(s) bite at the math field
── D6-fast: newly-added AxiomAudit lines foundations-only ──
ok: 12 newly-banked decls foundations-only
════════════════════════════════════════════════════════════════
GATE-FAST: PASSED  (necessary, NOT sufficient — now apply docs/STANDARD.md:
           unbroken / complete / physics-words-removable. Gate-green ≠ done.)
           The frozen history is re-verified async by the 3-hourly gate-full.
GATE EXIT 0
