════════════════════════════════════════════════════════════════
 phys-lean GATE-FAST (per-node) — HEAD 82f97a3 — diff base 9c6480b
════════════════════════════════════════════════════════════════
── diff vs 9c6480b ──
    M	Audits/AxiomAudit.lean
    A	Counterexamples/TowerWorldMapSpinGeneratorsWrongValueCostume.lean
    M	Phys.lean
    A	Phys/Algebra/TowerWorldMapSpinGenerators.lean
    M	scripts/costume_manifest.tsv
    A	workbench/N262-select/PREREG.md
    A	workbench/N262-select/audit.out
    A	workbench/N262-select/audit_driver.lean
    A	workbench/N262-select/probe_blocks.lean
    A	workbench/N262-select/probe_closure.lean
    A	workbench/N262-select/probe_crown.lean
    A	workbench/N262-select/probe_crown2.lean
    A	workbench/N262-select/probe_witness.lean
── (leaf commit: append-only; fast path is equivalent to full for HEAD 82f97a3) ──
── D0: zero-axiom policy ──
ok: zero axiom declarations
── D1: no sorry / admit ──
ok: no sorry / admit
── D2: no native_decide ──
ok: no native_decide
── D3: NO BRIDGE / NO RESIDUAL (STANDARD §0,§1) ──
ok: no bridge/residual markers
── D4: build ──
ok: Phys builds
── D5-fast: newly-added costume(s) must bite ──
    ok    C293  Counterexamples/TowerWorldMapSpinGeneratorsWrongValueCostume.lean  rejected at the math field
    ---
    costume battery: 1/1 passed, 0 failed (parallel x8)
ok: new costume(s) bite at the math field
── D6-fast: newly-added AxiomAudit lines foundations-only ──
ok: 9 newly-banked decls foundations-only
════════════════════════════════════════════════════════════════
GATE-FAST: PASSED  (necessary, NOT sufficient — now apply docs/STANDARD.md:
           unbroken / complete / physics-words-removable. Gate-green ≠ done.)
           The frozen history is re-verified async by the 3-hourly gate-full.
