Phys/Algebra/OctonionJordanInnerMultiplicationTriangle.lean:169:60: warning: This simp argument is unused:
  Equiv.Perm.mul_apply

Hint: Omit it from the simp argument list.
  simp [Xz, Matrix.submatrix_apply, Equiv.swap_apply_def,̵ ̵E̵q̵u̵i̵v̵.̵P̵e̵r̵m̵.̵m̵u̵l̵_̵a̵p̵p̵l̵y̵]

Note: This linter can be disabled with `set_option linter.unusedSimpArgs false`
Phys/Algebra/OctonionJordanInnerMultiplicationTriangle.lean:176:60: warning: This simp argument is unused:
  Equiv.Perm.mul_apply

Hint: Omit it from the simp argument list.
  simp [Xz, Matrix.submatrix_apply, Equiv.swap_apply_def,̵ ̵E̵q̵u̵i̵v̵.̵P̵e̵r̵m̵.̵m̵u̵l̵_̵a̵p̵p̵l̵y̵]

Note: This linter can be disabled with `set_option linter.unusedSimpArgs false`
Phys/Algebra/OctonionJordanInnerMultiplicationTriangle.lean:183:60: warning: This simp argument is unused:
  Equiv.Perm.mul_apply

Hint: Omit it from the simp argument list.
  simp [Xz, Matrix.submatrix_apply, Equiv.swap_apply_def,̵ ̵E̵q̵u̵i̵v̵.̵P̵e̵r̵m̵.̵m̵u̵l̵_̵a̵p̵p̵l̵y̵]

Note: This linter can be disabled with `set_option linter.unusedSimpArgs false`
Phys/Algebra/OctonionJordanInnerMultiplicationTriangle.lean:190:56: warning: This simp argument is unused:
  Equiv.Perm.mul_apply

Hint: Omit it from the simp argument list.
  simp [Matrix.submatrix_apply, Equiv.swap_apply_def, E̵q̵u̵i̵v̵.̵P̵e̵r̵m̵.̵m̵u̵l̵_̵a̵p̵p̵l̵y̵,̵ ̵Matrix.diagonal]

Note: This linter can be disabled with `set_option linter.unusedSimpArgs false`
Phys/Algebra/OctonionJordanInnerMultiplicationTriangle.lean:248:29: warning: This simp argument is unused:
  CD.star_im

Hint: Omit it from the simp argument list.
  simp only [u1, CD.star_re, C̵D.̵s̵t̵a̵r̵_̵i̵m̵,̵ ̵D̵bl.star_re', Dbl.star_im'] at hc

Note: This linter can be disabled with `set_option linter.unusedSimpArgs false`
Phys/Algebra/OctonionJordanInnerMultiplicationTriangle.lean:248:41: warning: This simp argument is unused:
  Dbl.star_re'

Hint: Omit it from the simp argument list.
  simp only [u1, CD.star_re, CD.star_im, Dbl.star_r̵e̵'̵,̵ ̵D̵b̵l̵.̵s̵t̵a̵r̵_̵im'] at hc

Note: This linter can be disabled with `set_option linter.unusedSimpArgs false`
EXIT: 0
