════════════════════════════════════════════════════════════════
 phys-lean GATE-FAST (per-node) — HEAD 5d2b7b0 — diff base 9ba4ef2
════════════════════════════════════════════════════════════════
── diff vs 9ba4ef2 ──
    M	Audits/AxiomAudit.lean
    A	Counterexamples/NuclearResidualColourVacuityCostume.lean
    M	Phys.lean
    A	Phys/Algebra/NuclearResidualColour.lean
    M	docs/LEDGER.md
    M	scripts/costume_manifest.tsv
    A	workbench/N401-arcK-consolidation/gate.log
    A	workbench/N402-nuclear-residual-colour/PREREG.md
    A	workbench/N402-nuclear-residual-colour/audit.log
    A	workbench/N402-nuclear-residual-colour/build_olean.log
    A	workbench/N402-nuclear-residual-colour/costume.log
    A	workbench/N402-nuclear-residual-colour/costume2.log
    A	workbench/N402-nuclear-residual-colour/probe1.lean
    A	workbench/N402-nuclear-residual-colour/probe1.log
    A	workbench/N402-nuclear-residual-colour/prod.log
    A	workbench/N402-nuclear-residual-colour/prod2.log
── (leaf commit: append-only; fast path is equivalent to full for HEAD 5d2b7b0) ──
── D0: zero-axiom policy ──
ok: zero axiom declarations
── D1: no sorry / admit ──
ok: no sorry / admit
── D2: no native_decide ──
ok: no native_decide
── D3: NO BRIDGE / NO RESIDUAL (STANDARD §0,§1) ──
ok: no bridge/residual markers
── D4: build ──
ok: Phys builds
── D5-fast: newly-added costume(s) must bite ──
    ok    C427  Counterexamples/NuclearResidualColourVacuityCostume.lean  rejected at the math field
    ---
    costume battery: 1/1 passed, 0 failed (parallel x8)
ok: new costume(s) bite at the math field
── D6-fast: newly-added AxiomAudit lines foundations-only ──
ok: 10 newly-banked decls foundations-only
════════════════════════════════════════════════════════════════
GATE-FAST: PASSED  (necessary, NOT sufficient — now apply docs/STANDARD.md:
           unbroken / complete / physics-words-removable. Gate-green ≠ done.)
           The frozen history is re-verified async by the 3-hourly gate-full.
GATE_EXIT=0
