════════════════════════════════════════════════════════════════
 phys-lean GATE-FAST (per-node) — HEAD 36dfad7 — diff base 2c79b01
════════════════════════════════════════════════════════════════
── diff vs 2c79b01 ──
    M	Audits/AxiomAudit.lean
    A	Counterexamples/SpacetimeReductionVacuityCostume.lean
    M	Phys.lean
    A	Phys/Algebra/SpacetimeReduction.lean
    M	docs/LEDGER.md
    M	scripts/costume_manifest.tsv
    A	workbench/O4-spacetime-reduction/PREREG.md
    A	workbench/O4-spacetime-reduction/audit_append.txt
    A	workbench/O4-spacetime-reduction/ledger_row.txt
    A	workbench/O4-spacetime-reduction/probe.lean
    A	workbench/O4-spacetime-reduction/probe2.lean
    A	workbench/O4-spacetime-reduction/probe3.lean
    A	workbench/O4-spacetime-reduction/reaudit.lean
    A	workbench/O4-spacetime-reduction/reaudit.out
── (leaf commit: append-only; fast path is equivalent to full for HEAD 36dfad7) ──
── D0: zero-axiom policy ──
ok: zero axiom declarations
── D1: no sorry / admit ──
ok: no sorry / admit
── D2: no native_decide ──
ok: no native_decide
── D3: NO BRIDGE / NO RESIDUAL (STANDARD §0,§1) ──
ok: no bridge/residual markers
── D4: build ──
ok: Phys builds
── D5-fast: newly-added costume(s) must bite ──
    ok    C444  Counterexamples/SpacetimeReductionVacuityCostume.lean  rejected at the math field
    ---
    costume battery: 1/1 passed, 0 failed (parallel x8)
ok: new costume(s) bite at the math field
── D6-fast: newly-added AxiomAudit lines foundations-only ──
ok: 18 newly-banked decls foundations-only
════════════════════════════════════════════════════════════════
GATE-FAST: PASSED  (necessary, NOT sufficient — now apply docs/STANDARD.md:
           unbroken / complete / physics-words-removable. Gate-green ≠ done.)
           The frozen history is re-verified async by the 3-hourly gate-full.
