════════════════════════════════════════════════════════════════
 phys-lean GATE-FAST (per-node) — HEAD c32fd23 — diff base 6eac5ae
════════════════════════════════════════════════════════════════
── diff vs 6eac5ae ──
    M	Audits/AxiomAudit.lean
    A	Counterexamples/ScaleTowerAbsoluteScaleChainVacuityCostume.lean
    M	Phys.lean
    A	Phys/Algebra/ScaleTowerAbsoluteScaleChain.lean
    M	docs/LEDGER.md
    M	scripts/costume_manifest.tsv
    A	workbench/N408-arcM-gear-decomp/audit.lean
    A	workbench/N408-arcM-gear-decomp/ledger_row.md
    A	workbench/N408-losing-race-orphans/ScaleTowerBornGearDecomposition.lean
    A	workbench/N408-losing-race-orphans/ScaleTowerBornGearDecompositionVacuityCostume.lean
    A	workbench/N409-arcM-chain-closure/Probe.lean
    A	workbench/N409-arcM-chain-closure/Probe2.lean
    A	workbench/N409-arcM-chain-closure/audit_block.txt
    A	workbench/N409-arcM-chain-closure/ledger_row.md
    A	workbench/N409-arcM-chain-closure/reaudit.lean
    A	workbench/N409-arcM-chain-closure/reaudit.out
── (leaf commit: append-only; fast path is equivalent to full for HEAD c32fd23) ──
── D0: zero-axiom policy ──
ok: zero axiom declarations
── D1: no sorry / admit ──
ok: no sorry / admit
── D2: no native_decide ──
ok: no native_decide
── D3: NO BRIDGE / NO RESIDUAL (STANDARD §0,§1) ──
ok: no bridge/residual markers
── D4: build ──
ok: Phys builds
── D5-fast: newly-added costume(s) must bite ──
    ok    C434  Counterexamples/ScaleTowerAbsoluteScaleChainVacuityCostume.lean  rejected at the math field
    ---
    costume battery: 1/1 passed, 0 failed (parallel x8)
ok: new costume(s) bite at the math field
── D6-fast: newly-added AxiomAudit lines foundations-only ──
ok: 12 newly-banked decls foundations-only
════════════════════════════════════════════════════════════════
GATE-FAST: PASSED  (necessary, NOT sufficient — now apply docs/STANDARD.md:
           unbroken / complete / physics-words-removable. Gate-green ≠ done.)
           The frozen history is re-verified async by the 3-hourly gate-full.
