════════════════════════════════════════════════════════════════
 phys-lean GATE-FAST (per-node) — HEAD 890a0f3 — diff base 8aedd29
════════════════════════════════════════════════════════════════
── diff vs 8aedd29 ──
    M	Audits/AxiomAudit.lean
    A	Counterexamples/ConfinementHadronicMassVacuityCostume.lean
    M	Phys.lean
    A	Phys/Algebra/ConfinementHadronicMass.lean
    M	docs/LEDGER.md
    M	scripts/costume_manifest.tsv
    A	workbench/N388-mass-gap/gate.log
    A	workbench/N389-hadronic-mass/audit389.lean
    A	workbench/N389-hadronic-mass/ledger_row.txt
    A	workbench/N389-hadronic-mass/probe1.lean
── (leaf commit: append-only; fast path is equivalent to full for HEAD 890a0f3) ──
── D0: zero-axiom policy ──
ok: zero axiom declarations
── D1: no sorry / admit ──
ok: no sorry / admit
── D2: no native_decide ──
ok: no native_decide
── D3: NO BRIDGE / NO RESIDUAL (STANDARD §0,§1) ──
ok: no bridge/residual markers
── D4: build ──
ok: Phys builds
── D5-fast: newly-added costume(s) must bite ──
    ok    C414  Counterexamples/ConfinementHadronicMassVacuityCostume.lean  rejected at the math field
    ---
    costume battery: 1/1 passed, 0 failed (parallel x8)
ok: new costume(s) bite at the math field
── D6-fast: newly-added AxiomAudit lines foundations-only ──
ok: 12 newly-banked decls foundations-only
════════════════════════════════════════════════════════════════
GATE-FAST: PASSED  (necessary, NOT sufficient — now apply docs/STANDARD.md:
           unbroken / complete / physics-words-removable. Gate-green ≠ done.)
           The frozen history is re-verified async by the 3-hourly gate-full.
