════════════════════════════════════════════════════════════════
 phys-lean GATE-FAST (per-node) — HEAD 21d3d1b — diff base ccd8345
════════════════════════════════════════════════════════════════
── diff vs ccd8345 ──
    M	Audits/AxiomAudit.lean
    A	Counterexamples/TowerGatherUniqueIsospinFixedAxisWrongValueCostume.lean
    M	Phys.lean
    A	Phys/Algebra/TowerGatherUniqueIsospinFixedAxis.lean
    M	scripts/costume_manifest.tsv
    A	workbench/N256-select/PREREG.md
    A	workbench/N256-select/probe_djbridge.lean
    A	workbench/N256-select/probe_isospin_fixed_axis.py
    A	workbench/N256-select/probe_matrices.py
    A	workbench/N256-select/scratch_crux.lean
    A	workbench/N256-select/scratch_node.lean
── (leaf commit: append-only; fast path is equivalent to full for HEAD 21d3d1b) ──
── D0: zero-axiom policy ──
ok: zero axiom declarations
── D1: no sorry / admit ──
ok: no sorry / admit
── D2: no native_decide ──
ok: no native_decide
── D3: NO BRIDGE / NO RESIDUAL (STANDARD §0,§1) ──
ok: no bridge/residual markers
── D4: build ──
ok: Phys builds
── D5-fast: newly-added costume(s) must bite ──
    ok    C287  Counterexamples/TowerGatherUniqueIsospinFixedAxisWrongValueCostume.lean  rejected at the math field
    ---
    costume battery: 1/1 passed, 0 failed (parallel x8)
ok: new costume(s) bite at the math field
── D6-fast: newly-added AxiomAudit lines foundations-only ──
ok: 14 newly-banked decls foundations-only
════════════════════════════════════════════════════════════════
GATE-FAST: PASSED  (necessary, NOT sufficient — now apply docs/STANDARD.md:
           unbroken / complete / physics-words-removable. Gate-green ≠ done.)
           The frozen history is re-verified async by the 3-hourly gate-full.
