════════════════════════════════════════════════════════════════
 phys-lean GATE-FAST (per-node) — HEAD e39f41b — diff base a869b33
════════════════════════════════════════════════════════════════
── diff vs a869b33 ──
    M	Audits/AxiomAudit.lean
    A	Counterexamples/CosmoDarkEnergyEquationOfStateVacuityCostume.lean
    M	Phys.lean
    A	Phys/Algebra/CosmoDarkEnergyEquationOfState.lean
    M	docs/LEDGER.md
    M	scripts/costume_manifest.tsv
    A	workbench/N379-cutexp-antideriv/gate.log
    A	workbench/N380-inflation-slowroll/gate.log
    A	workbench/N380-inflation-slowroll/gate2.log
    A	workbench/N381-baryogenesis/gate.log
    A	workbench/N382-dark-energy-eos/PREREG.md
    A	workbench/N382-dark-energy-eos/probe1.lean
    A	workbench/N382-dark-energy-eos/probe2.lean
    A	workbench/N382-dark-energy-eos/probe3.lean
    A	workbench/N382-dark-energy-eos/probe4.lean
    A	workbench/N382-dark-energy-eos/probe_final.lean
── (leaf commit: append-only; fast path is equivalent to full for HEAD e39f41b) ──
── D0: zero-axiom policy ──
ok: zero axiom declarations
── D1: no sorry / admit ──
ok: no sorry / admit
── D2: no native_decide ──
ok: no native_decide
── D3: NO BRIDGE / NO RESIDUAL (STANDARD §0,§1) ──
ok: no bridge/residual markers
── D4: build ──
ok: Phys builds
── D5-fast: newly-added costume(s) must bite ──
    ok    C407  Counterexamples/CosmoDarkEnergyEquationOfStateVacuityCostume.lean  rejected at the math field
    ---
    costume battery: 1/1 passed, 0 failed (parallel x8)
ok: new costume(s) bite at the math field
── D6-fast: newly-added AxiomAudit lines foundations-only ──
ok: 13 newly-banked decls foundations-only
════════════════════════════════════════════════════════════════
GATE-FAST: PASSED  (necessary, NOT sufficient — now apply docs/STANDARD.md:
           unbroken / complete / physics-words-removable. Gate-green ≠ done.)
           The frozen history is re-verified async by the 3-hourly gate-full.
