════════════════════════════════════════════════════════════════
 phys-lean GATE-FAST (per-node) — HEAD c871abb — diff base c7ab917
════════════════════════════════════════════════════════════════
── diff vs c7ab917 ──
    M	Audits/AxiomAudit.lean
    A	Counterexamples/TowerGatherImageColourSubalgebraWrongValueCostume.lean
    M	Phys.lean
    A	Phys/Algebra/TowerGatherImageColourSubalgebra.lean
    M	docs/CONSTELLATION.md
    M	docs/LEDGER.md
    M	docs/ROADMAP.md
    M	scripts/costume_manifest.tsv
    A	workbench/N245-colour-covariance/PREREG.md
    A	workbench/N245-colour-covariance/audit.log
    A	workbench/N245-colour-covariance/build_phys.log
    A	workbench/N245-colour-covariance/costume.log
    A	workbench/N245-colour-covariance/costume2.log
    A	workbench/N245-colour-covariance/gate.log
    A	workbench/N245-colour-covariance/probe0.lean
    A	workbench/N245-colour-covariance/probe0.log
    A	workbench/N245-colour-covariance/probe1.lean
    A	workbench/N245-colour-covariance/probe1.log
    A	workbench/N245-colour-covariance/prod.log
    A	workbench/N247-reductive-gauge-lie/costume_reverify.log
    A	workbench/N250-image-subalgebra/PREREG.md
    A	workbench/N250-image-subalgebra/probeA.lean
    A	workbench/N250-image-subalgebra/probeB.lean
    A	workbench/N250-image-subalgebra/probeC.lean
── (leaf commit: append-only; fast path is equivalent to full for HEAD c871abb) ──
── D0: zero-axiom policy ──
ok: zero axiom declarations
── D1: no sorry / admit ──
ok: no sorry / admit
── D2: no native_decide ──
ok: no native_decide
── D3: NO BRIDGE / NO RESIDUAL (STANDARD §0,§1) ──
ok: no bridge/residual markers
── D4: build ──
ok: Phys builds
── D5-fast: newly-added costume(s) must bite ──
    ok    C281  Counterexamples/TowerGatherImageColourSubalgebraWrongValueCostume.lean  rejected at the math field
    ---
    costume battery: 1/1 passed, 0 failed (parallel x8)
ok: new costume(s) bite at the math field
── D6-fast: newly-added AxiomAudit lines foundations-only ──
ok: 8 newly-banked decls foundations-only
════════════════════════════════════════════════════════════════
GATE-FAST: PASSED  (necessary, NOT sufficient — now apply docs/STANDARD.md:
           unbroken / complete / physics-words-removable. Gate-green ≠ done.)
           The frozen history is re-verified async by the 3-hourly gate-full.
