════════════════════════════════════════════════════════════════
 phys-lean GATE-FAST (per-node) — HEAD 6c49e07 — diff base d963785
════════════════════════════════════════════════════════════════
── diff vs d963785 ──
    M	Audits/AxiomAudit.lean
    A	Counterexamples/OctonionJordanColourFlavourCommutingPairWrongValueCostume.lean
    M	Phys.lean
    A	Phys/Algebra/OctonionJordanColourFlavourCommutingPair.lean
    M	docs/CONSTELLATION.md
    M	docs/LEDGER.md
    M	docs/ROADMAP.md
    A	docs/gate-logs/N294-gate.log
    M	scripts/costume_manifest.tsv
    A	workbench/N286/reaudit_final.out
    A	workbench/N287-select/Jtab.npy
    A	workbench/N287-select/PREREG.md
    A	workbench/N287-select/f4basis.npy
    A	workbench/N287-select/probe_f4.py
    A	workbench/N287-select/probe_f4dim.py
    A	workbench/N287-select/probe_full.lean
    A	workbench/N287-select/probe_g2.py
    A	workbench/N287-select/probe_inputA.py
    A	workbench/N287-select/probe_lever.lean
    A	workbench/N287-select/probe_mechanism.py
    A	workbench/N287-select/probe_room.py
    A	workbench/N287-select/probe_so3.py
    A	workbench/N287-select/probe_su3ew.py
    A	workbench/N287-select/probe_witness.py
    A	workbench/N287-select/reaudit.lean
    A	workbench/N288-select/clos5.out
    A	workbench/N288-select/probe_central.lean
    A	workbench/N288-select/probe_clos2.lean
    A	workbench/N288-select/probe_clos3.lean
    A	workbench/N288-select/probe_clos4.lean
    A	workbench/N288-select/probe_clos5.lean
    A	workbench/N288-select/probe_clos_entry.lean
    A	workbench/N288-select/probe_closure.lean
    A	workbench/N288-select/probe_cyclic.py
    A	workbench/N288-select/probe_exact.py
    A	workbench/N288-select/probe_famA.lean
    A	workbench/N288-select/probe_famCA.lean
    A	workbench/N288-select/probe_family.py
    A	workbench/N288-select/probe_fullclosure.py
    A	workbench/N288-select/probe_nonassoc.py
    A	workbench/N288-select/probe_nv.lean
    A	workbench/N288-select/probe_rot.lean
    A	workbench/N288-select/probe_rot2.lean
    A	workbench/N288-select/probe_rotB.lean
    A	workbench/N288-select/probe_rotC.lean
    A	workbench/N288-select/probe_sameslot.lean
    A	workbench/N288-select/probe_sameslot.py
    A	workbench/N288-select/probe_sameslot2.py
    A	workbench/N288-select/probe_slotaction.py
    A	workbench/N288-select/probe_so3gen.py
    A	workbench/N288-select/probe_ss.lean
    A	workbench/N288-select/probe_ss2.lean
    A	workbench/N288-select/probe_ss3.lean
    A	workbench/N288-select/probe_ss4.lean
    A	workbench/N288-select/probe_ss5.lean
    A	workbench/N288-select/probe_ss6.lean
    A	workbench/N288-select/probe_ss7.lean
    A	workbench/N288-select/probe_table.py
    A	workbench/N288-select/probe_tractability.py
    A	workbench/N288-select/probe_which.py
    A	workbench/N288-select/reaudit.lean
    A	workbench/N288-select/reaudit.out
    A	workbench/N289-so3-closure/assocL.out
    A	workbench/N289-so3-closure/base.out
    A	workbench/N289-so3-closure/bracket.out
    A	workbench/N289-so3-closure/bricks.out
    A	workbench/N289-so3-closure/c1.out
    A	workbench/N289-so3-closure/collapse.out
    A	workbench/N289-so3-closure/collapse2.out
    A	workbench/N289-so3-closure/costume.out
    A	workbench/N289-so3-closure/costume2.out
    A	workbench/N289-so3-closure/gate.out
    A	workbench/N289-so3-closure/gate2.out
    A	workbench/N289-so3-closure/lakebuild.out
    A	workbench/N289-so3-closure/ledger_row.md
    A	workbench/N289-so3-closure/m1.out
    A	workbench/N289-so3-closure/matassoc.out
    A	workbench/N289-so3-closure/nuc.out
    A	workbench/N289-so3-closure/probe_assocL.lean
    A	workbench/N289-so3-closure/probe_bracket.lean
    A	workbench/N289-so3-closure/probe_bricks.lean
    A	workbench/N289-so3-closure/probe_c1.lean
    A	workbench/N289-so3-closure/probe_collapse.lean
    A	workbench/N289-so3-closure/probe_collapse2.lean
    A	workbench/N289-so3-closure/probe_entrycheck.py
    A	workbench/N289-so3-closure/probe_fullspace.py
    A	workbench/N289-so3-closure/probe_m1.lean
    A	workbench/N289-so3-closure/probe_matassoc.lean
    A	workbench/N289-so3-closure/probe_mats.py
    A	workbench/N289-so3-closure/probe_nuc.lean
    A	workbench/N289-so3-closure/probe_nvcheck.py
    A	workbench/N289-so3-closure/probe_qident.py
    A	workbench/N289-so3-closure/probe_qso3.lean
    A	workbench/N289-so3-closure/probe_ring.lean
    A	workbench/N289-so3-closure/probe_slotid.lean
    A	workbench/N289-so3-closure/probe_structural.py
    A	workbench/N289-so3-closure/probe_table.py
    A	workbench/N289-so3-closure/prod.out
    A	workbench/N289-so3-closure/prod2.out
    A	workbench/N289-so3-closure/prod3.out
    A	workbench/N289-so3-closure/qso3.out
    A	workbench/N289-so3-closure/reaudit.lean
    A	workbench/N289-so3-closure/reaudit.out
    A	workbench/N289-so3-closure/ring.out
    A	workbench/N289-so3-closure/roadmap_entry.md
    A	workbench/N289-so3-closure/slotid.out
    A	workbench/N290-select/PREREG.md
    A	workbench/N290-select/build1.out
    A	workbench/N290-select/build2.out
    A	workbench/N290-select/build3.out
    A	workbench/N290-select/build4.out
    A	workbench/N290-select/build5.out
    A	workbench/N290-select/build6.out
    A	workbench/N290-select/build7.out
    A	workbench/N290-select/costume.out
    A	workbench/N290-select/extract2.out
    A	workbench/N290-select/extract3.out
    A	workbench/N290-select/extract4.out
    A	workbench/N290-select/extract5.out
    A	workbench/N290-select/finalbuild.out
    A	workbench/N290-select/gate.out
    A	workbench/N290-select/lakebuild.out
    A	workbench/N290-select/ledger_row.md
    A	workbench/N290-select/probe_centralizer.py
    A	workbench/N290-select/probe_constraints.py
    A	workbench/N290-select/probe_crux.py
    A	workbench/N290-select/probe_entries.py
    A	workbench/N290-select/probe_extract.lean
    A	workbench/N290-select/probe_extract2.lean
    A	workbench/N290-select/probe_extract3.lean
    A	workbench/N290-select/probe_extract4.lean
    A	workbench/N290-select/probe_extract5.lean
    A	workbench/N290-select/probe_fullspace.py
    A	workbench/N290-select/probe_invariant.py
    A	workbench/N290-select/probe_module.py
    A	workbench/N290-select/reaudit.lean
    A	workbench/N290-select/reaudit.out
    A	workbench/N290-select/reaudit2.out
    A	workbench/N291-select/PREREG.md
    A	workbench/N291-select/costume_check.out
    A	workbench/N291-select/final_verify.out
    A	workbench/N291-select/ledger_row.md
    A	workbench/N291-select/probe_build.out
    A	workbench/N291-select/probe_build7.out
    A	workbench/N291-select/probe_build8.out
    A	workbench/N291-select/probe_build9.out
    A	workbench/N291-select/probe_crossterm.py
    A	workbench/N291-select/probe_route.lean
    A	workbench/N291-select/probe_route.out
    A	workbench/N291-select/probe_route2.out
    A	workbench/N291-select/probe_route3.out
    A	workbench/N291-select/probe_route4.out
    A	workbench/N291-select/probe_route5.out
    A	workbench/N291-select/probe_route6.out
    A	workbench/N291-select/probe_teeth.py
    A	workbench/N291-select/prod_build.out
    A	workbench/N291-select/reaudit.lean
    A	workbench/N291-select/reaudit.out
    A	workbench/N292-select/PREREG.md
    A	workbench/N292-select/costume_check.out
    A	workbench/N292-select/gate.out
    A	workbench/N292-select/insert_roadmap.py
    A	workbench/N292-select/ledger_row.md
    A	workbench/N292-select/probe_actions.py
    A	workbench/N292-select/probe_adE.lean
    A	workbench/N292-select/probe_adE.out
    A	workbench/N292-select/probe_adE2.lean
    A	workbench/N292-select/probe_adE2.out
    A	workbench/N292-select/probe_base.lean
    A	workbench/N292-select/probe_base1.lean
    A	workbench/N292-select/probe_base2.lean
    A	workbench/N292-select/probe_close2.lean
    A	workbench/N292-select/probe_close6.py
    A	workbench/N292-select/probe_closedform.py
    A	workbench/N292-select/probe_closure.lean
    A	workbench/N292-select/probe_crux.lean
    A	workbench/N292-select/probe_crux.out
    A	workbench/N292-select/probe_derivfull.py
    A	workbench/N292-select/probe_derivroute.py
    A	workbench/N292-select/probe_direct.lean
    A	workbench/N292-select/probe_direct2.lean
    A	workbench/N292-select/probe_exact.py
    A	workbench/N292-select/probe_famA.py
    A	workbench/N292-select/probe_final.py
    A	workbench/N292-select/probe_fullop.py
    A	workbench/N292-select/probe_ie4.out
    A	workbench/N292-select/probe_ie5.out
    A	workbench/N292-select/probe_ie6.out
    A	workbench/N292-select/probe_ie7.out
    A	workbench/N292-select/probe_jacobi.lean
    A	workbench/N292-select/probe_jacobi.out
    A	workbench/N292-select/probe_jexp.py
    A	workbench/N292-select/probe_kab.lean
    A	workbench/N292-select/probe_kab.out
    A	workbench/N292-select/probe_kab2.out
    A	workbench/N292-select/probe_kb1.py
    A	workbench/N292-select/probe_kc.lean
    A	workbench/N292-select/probe_kc.out
    A	workbench/N292-select/probe_kc.py
    A	workbench/N292-select/probe_leibniz.lean
    A	workbench/N292-select/probe_leibniz.out
    A	workbench/N292-select/probe_leibniz.py
    A	workbench/N292-select/probe_lielie.lean
    A	workbench/N292-select/probe_lielie.out
    A	workbench/N292-select/probe_lielie2.out
    A	workbench/N292-select/probe_ll3.out
    A	workbench/N292-select/probe_measure.py
    A	workbench/N292-select/probe_mixC.lean
    A	workbench/N292-select/probe_mixC2.lean
    A	workbench/N292-select/probe_mixed.lean
    A	workbench/N292-select/probe_ops.py
    A	workbench/N292-select/probe_route.lean
    A	workbench/N292-select/probe_route.out
    A	workbench/N292-select/probe_route2.py
    A	workbench/N292-select/probe_route3.py
    A	workbench/N292-select/probe_slot.lean
    A	workbench/N292-select/probe_structure.py
    A	workbench/N292-select/probe_tract.py
    A	workbench/N292-select/prod_build.out
    A	workbench/N292-select/prod_build2.out
    A	workbench/N292-select/prod_build3.out
    A	workbench/N292-select/reaudit.lean
    A	workbench/N292-select/reaudit.out
    A	workbench/N292-select/roadmap_n292.md
    A	workbench/N292-select/verify.out
    A	workbench/N294/PREREG.md
    A	workbench/N294/gate.out
    A	workbench/N294/insert_ledger.py
    A	workbench/N294/insert_roadmap.py
    A	workbench/N294/probe10.py
    A	workbench/N294/probe10_extra.py
    A	workbench/N294/probe11.py
    A	workbench/N294/probe11_extra.py
    A	workbench/N294/probe2.py
    A	workbench/N294/probe2_stub.py
    A	workbench/N294/probe3.py
    A	workbench/N294/probe3_extra.py
    A	workbench/N294/probe4.py
    A	workbench/N294/probe4_extra.py
    A	workbench/N294/probe5.py
    A	workbench/N294/probe5_extra.py
    A	workbench/N294/probe6.py
    A	workbench/N294/probe6_extra.py
    A	workbench/N294/probe7.py
    A	workbench/N294/probe7_extra.py
    A	workbench/N294/probe8.py
    A	workbench/N294/probe8_extra.py
    A	workbench/N294/probe9.py
    A	workbench/N294/probe9_extra.py
    A	workbench/N294/probe_measure.py
    A	workbench/N294/reaudit.lean
── (leaf commit: append-only; fast path is equivalent to full for HEAD 6c49e07) ──
── D0: zero-axiom policy ──
ok: zero axiom declarations
── D1: no sorry / admit ──
ok: no sorry / admit
── D2: no native_decide ──
ok: no native_decide
── D3: NO BRIDGE / NO RESIDUAL (STANDARD §0,§1) ──
ok: no bridge/residual markers
── D4: build ──
ok: Phys builds
── D5-fast: newly-added costume(s) must bite ──
    ok    C323  Counterexamples/OctonionJordanColourFlavourCommutingPairWrongValueCostume.lean  rejected at the math field
    ---
    costume battery: 1/1 passed, 0 failed (parallel x8)
ok: new costume(s) bite at the math field
── D6-fast: newly-added AxiomAudit lines foundations-only ──
ok: 10 newly-banked decls foundations-only
════════════════════════════════════════════════════════════════
GATE-FAST: PASSED  (necessary, NOT sufficient — now apply docs/STANDARD.md:
           unbroken / complete / physics-words-removable. Gate-green ≠ done.)
           The frozen history is re-verified async by the 3-hourly gate-full.
